--- FAIL: TestNew_initialStructure (0.00s)
    --- FAIL: TestNew_initialStructure/nil_goal (0.00s)
        pabt_test.go:268: unexpected initial tree: "[0x1 util.go:142 0x2 sequence.go:21]  GoalRoot | github.com/joeycumines/go-behaviortree.Sequence"
            [0x1 util.go:142 0x2 sequence.go:21]  GoalRoot | github.com/joeycumines/go-behaviortree.Sequence
    --- FAIL: TestNew_initialStructure/case_0 (0.00s)
        pabt_test.go:268: unexpected initial tree: "[0x1 util.go:142 0x2 sequence.go:21]  GoalRoot | github.com/joeycumines/go-behaviortree.Sequence"
            [0x1 util.go:142 0x2 sequence.go:21]  GoalRoot | github.com/joeycumines/go-behaviortree.Sequence
    --- FAIL: TestNew_initialStructure/precondition_single_condition (0.00s)
        pabt_test.go:268: unexpected initial tree: "[0x1 util.go:142 0x2 sequence.go:21]  GoalRoot | github.com/joeycumines/go-behaviortree.Sequence\n└── [0x3 util.go:257 0x4 util.go:257   ]  Precondi
tionLeaf | github.com/joeycumines/go-pabt.newConditionNode[...].func1"
            [0x1 util.go:142 0x2 sequence.go:21]  GoalRoot | github.com/joeycumines/go-behaviortree.Sequence
            └── [0x3 util.go:257 0x4 util.go:257   ]  PreconditionLeaf | github.com/joeycumines/go-pabt.newConditionNode[...].func1
    --- FAIL: TestNew_initialStructure/precondition_multiple_conditions (0.00s)
        pabt_test.go:268: unexpected initial tree: "[0x1 util.go:142 0x2 sequence.go:21]  GoalRoot | github.com/joeycumines/go-behaviortree.Sequence\n├── [0x3 util.go:257 0x4 util.go:257   ]  Precondi
tionLeaf | github.com/joeycumines/go-pabt.newConditionNode[...].func1\n├── [0x3 util.go:257 0x4 util.go:257   ]  PreconditionLeaf | github.com/joeycumines/go-pabt.newConditionNode[...].func1\n└── [0x3
 util.go:257 0x4 util.go:257   ]  PreconditionLeaf | github.com/joeycumines/go-pabt.newConditionNode[...].func1"
            [0x1 util.go:142 0x2 sequence.go:21]  GoalRoot | github.com/joeycumines/go-behaviortree.Sequence
            ├── [0x3 util.go:257 0x4 util.go:257   ]  PreconditionLeaf | github.com/joeycumines/go-pabt.newConditionNode[...].func1
            ├── [0x3 util.go:257 0x4 util.go:257   ]  PreconditionLeaf | github.com/joeycumines/go-pabt.newConditionNode[...].func1
            └── [0x3 util.go:257 0x4 util.go:257   ]  PreconditionLeaf | github.com/joeycumines/go-pabt.newConditionNode[...].func1
    --- FAIL: TestNew_initialStructure/preconditions (0.00s)
        pabt_test.go:268: unexpected initial tree: "[0x1 util.go:142 0x2 selector.go:21]  GoalSelector | github.com/joeycumines/go-behaviortree.Selector\n├── [0x3 util.go:142 0x4 sequence.go:21]  Prec
onditionsRoot | github.com/joeycumines/go-behaviortree.Sequence\n│   └── [0x5 util.go:257 0x6 util.go:257   ]  PreconditionLeaf | github.com/joeycumines/go-pabt.newConditionNode[...].func1\n├── [0x3 u
til.go:142 0x4 sequence.go:21]  PreconditionsRoot | github.com/joeycumines/go-behaviortree.Sequence\n│   ├── [0x5 util.go:257 0x6 util.go:257   ]  PreconditionLeaf | github.com/joeycumines/go-pabt.new
ConditionNode[...].func1\n│   └── [0x5 util.go:257 0x6 util.go:257   ]  PreconditionLeaf | github.com/joeycumines/go-pabt.newConditionNode[...].func1\n└── [0x3 util.go:142 0x4 sequence.go:21]  Precond
itionsRoot | github.com/joeycumines/go-behaviortree.Sequence\n    ├── [0x5 util.go:257 0x6 util.go:257   ]  PreconditionLeaf | github.com/joeycumines/go-pabt.newConditionNode[...].func1\n    └── [0x5 
util.go:257 0x6 util.go:257   ]  PreconditionLeaf | github.com/joeycumines/go-pabt.newConditionNode[...].func1"
            [0x1 util.go:142 0x2 selector.go:21]  GoalSelector | github.com/joeycumines/go-behaviortree.Selector
            ├── [0x3 util.go:142 0x4 sequence.go:21]  PreconditionsRoot | github.com/joeycumines/go-behaviortree.Sequence
            │   └── [0x5 util.go:257 0x6 util.go:257   ]  PreconditionLeaf | github.com/joeycumines/go-pabt.newConditionNode[...].func1
            ├── [0x3 util.go:142 0x4 sequence.go:21]  PreconditionsRoot | github.com/joeycumines/go-behaviortree.Sequence
            │   ├── [0x5 util.go:257 0x6 util.go:257   ]  PreconditionLeaf | github.com/joeycumines/go-pabt.newConditionNode[...].func1
            │   └── [0x5 util.go:257 0x6 util.go:257   ]  PreconditionLeaf | github.com/joeycumines/go-pabt.newConditionNode[...].func1
            └── [0x3 util.go:142 0x4 sequence.go:21]  PreconditionsRoot | github.com/joeycumines/go-behaviortree.Sequence
                ├── [0x5 util.go:257 0x6 util.go:257   ]  PreconditionLeaf | github.com/joeycumines/go-pabt.newConditionNode[...].func1
                └── [0x5 util.go:257 0x6 util.go:257   ]  PreconditionLeaf | github.com/joeycumines/go-pabt.newConditionNode[...].func1
--- FAIL: Example_graph (0.02s)
got:
s0 -> s1
s1 -> s4, s3, s2, s0
s2 -> s5, s1
s3 -> sg, s4, s1
s4 -> s5, s3, s1
s5 -> sg, s4, s2
sg -> s5, s3
goal = sg
actor = s0

[pabt.go:215 pabt.go:247]  GoalRoot | github.com/joeycumines/go-pabt.(*Plan[...]).bt.func2
└── [util.go:257 util.go:257]  PreconditionLeaf | github.com/joeycumines/go-pabt.newConditionNode[...].func1

iteration = 1, status = running, err = <nil>, actor = s0
[pabt.go:215       pabt.go:247   ]  GoalRoot | github.com/joeycumines/go-pabt.(*Plan[...]).bt.func2
└── [util.go:142       selector.go:21]  PPARoot | github.com/joeycumines/go-behaviortree.Selector
    ├── [util.go:257       util.go:257   ]  Unknown | github.com/joeycumines/go-pabt.newConditionNode[...].func1
    └── [util.go:142       memorize.go:34]  Unknown | github.com/joeycumines/go-pabt.(*precondition[...]).expand.Memorize.func1
        ├── [util.go:142       sequence.go:21]  ActionRoot | github.com/joeycumines/go-behaviortree.Sequence
        │   ├── [util.go:257       util.go:257   ]  PreconditionLeaf | github.com/joeycumines/go-pabt.newConditionNode[...].func1
        │   └── [graph_test.go:119 util.go:537    pre:s5 post:sg]  ActionNode | github.com/joeycumines/go-pabt.(*node[...]).generateAction.wrapActionNodeHandleSetRunning.func2.1
        └── [util.go:142       sequence.go:21]  ActionRoot | github.com/joeycumines/go-behaviortree.Sequence
            ├── [util.go:257       util.go:257   ]  PreconditionLeaf | github.com/joeycumines/go-pabt.newConditionNode[...].func1
            └── [graph_test.go:119 util.go:537    pre:s3 post:sg]  ActionNode | github.com/joeycumines/go-pabt.(*node[...]).generateAction.wrapActionNodeHandleSetRunning.func2.1

iteration = 2, status = running, err = <nil>, actor = s0
[pabt.go:215       pabt.go:247   ]  GoalRoot | github.com/joeycumines/go-pabt.(*Plan[...]).bt.func2
└── [util.go:142       selector.go:21]  PPARoot | github.com/joeycumines/go-behaviortree.Selector
    ├── [util.go:257       util.go:257   ]  Unknown | github.com/joeycumines/go-pabt.newConditionNode[...].func1
    └── [util.go:142       memorize.go:34]  Unknown | github.com/joeycumines/go-pabt.(*precondition[...]).expand.Memorize.func1
        ├── [util.go:142       sequence.go:21]  ActionRoot | github.com/joeycumines/go-behaviortree.Sequence
        │   ├── [util.go:142       selector.go:21]  PPARoot | github.com/joeycumines/go-behaviortree.Selector
        │   │   ├── [util.go:257       util.go:257   ]  Unknown | github.com/joeycumines/go-pabt.newConditionNode[...].func1
        │   │   └── [util.go:142       memorize.go:34]  Unknown | github.com/joeycumines/go-pabt.(*precondition[...]).expand.Memorize.func1
        │   │       ├── [util.go:142       sequence.go:21]  ActionRoot | github.com/joeycumines/go-behaviortree.Sequence
        │   │       │   ├── [util.go:257       util.go:257   ]  PreconditionLeaf | github.com/joeycumines/go-pabt.newConditionNode[...].func1
        │   │       │   └── [graph_test.go:119 util.go:537    pre:sg post:s5]  ActionNode | github.com/joeycumines/go-pabt.(*node[...]).generateAction.wrapActionNodeHandleSetRunning.func2.1
        │   │       ├── [util.go:142       sequence.go:21]  ActionRoot | github.com/joeycumines/go-behaviortree.Sequence
        │   │       │   ├── [util.go:257       util.go:257   ]  PreconditionLeaf | github.com/joeycumines/go-pabt.newConditionNode[...].func1
        │   │       │   └── [graph_test.go:119 util.go:537    pre:s4 post:s5]  ActionNode | github.com/joeycumines/go-pabt.(*node[...]).generateAction.wrapActionNodeHandleSetRunning.func2.1
        │   │       └── [util.go:142       sequence.go:21]  ActionRoot | github.com/joeycumines/go-behaviortree.Sequence
        │   │           ├── [util.go:257       util.go:257   ]  PreconditionLeaf | github.com/joeycumines/go-pabt.newConditionNode[...].func1
        │   │           └── [graph_test.go:119 util.go:537    pre:s2 post:s5]  ActionNode | github.com/joeycumines/go-pabt.(*node[...]).generateAction.wrapActionNodeHandleSetRunning.func2.1
        │   └── [graph_test.go:119 util.go:537    pre:s5 post:sg]  ActionNode | github.com/joeycumines/go-pabt.(*node[...]).generateAction.wrapActionNodeHandleSetRunning.func2.1
        └── [util.go:142       sequence.go:21]  ActionRoot | github.com/joeycumines/go-behaviortree.Sequence
            ├── [util.go:257       util.go:257   ]  PreconditionLeaf | github.com/joeycumines/go-pabt.newConditionNode[...].func1
            └── [graph_test.go:119 util.go:537    pre:s3 post:sg]  ActionNode | github.com/joeycumines/go-pabt.(*node[...]).generateAction.wrapActionNodeHandleSetRunning.func2.1

iteration = 3, status = running, err = <nil>, actor = s0
[pabt.go:215       pabt.go:247   ]  GoalRoot | github.com/joeycumines/go-pabt.(*Plan[...]).bt.func2
└── [util.go:142       selector.go:21]  PPARoot | github.com/joeycumines/go-behaviortree.Selector
    ├── [util.go:257       util.go:257   ]  Unknown | github.com/joeycumines/go-pabt.newConditionNode[...].func1
    └── [util.go:142       memorize.go:34]  Unknown | github.com/joeycumines/go-pabt.(*precondition[...]).expand.Memorize.func1
        ├── [util.go:142       sequence.go:21]  ActionRoot | github.com/joeycumines/go-behaviortree.Sequence
        │   ├── [util.go:142       selector.go:21]  PPARoot | github.com/joeycumines/go-behaviortree.Selector
        │   │   ├── [util.go:257       util.go:257   ]  Unknown | github.com/joeycumines/go-pabt.newConditionNode[...].func1
        │   │   └── [util.go:142       memorize.go:34]  Unknown | github.com/joeycumines/go-pabt.(*precondition[...]).expand.Memorize.func1
        │   │       ├── [util.go:142       sequence.go:21]  ActionRoot | github.com/joeycumines/go-behaviortree.Sequence
        │   │       │   ├── [util.go:257       util.go:257   ]  PreconditionLeaf | github.com/joeycumines/go-pabt.newConditionNode[...].func1
        │   │       │   └── [graph_test.go:119 util.go:537    pre:sg post:s5]  ActionNode | github.com/joeycumines/go-pabt.(*node[...]).generateAction.wrapActionNodeHandleSetRunning.func2.1
        │   │       ├── [util.go:142       sequence.go:21]  ActionRoot | github.com/joeycumines/go-behaviortree.Sequence
        │   │       │   ├── [util.go:257       util.go:257   ]  PreconditionLeaf | github.com/joeycumines/go-pabt.newConditionNode[...].func1
        │   │       │   └── [graph_test.go:119 util.go:537    pre:s4 post:s5]  ActionNode | github.com/joeycumines/go-pabt.(*node[...]).generateAction.wrapActionNodeHandleSetRunning.func2.1
        │   │       └── [util.go:142       sequence.go:21]  ActionRoot | github.com/joeycumines/go-behaviortree.Sequence
        │   │           ├── [util.go:257       util.go:257   ]  PreconditionLeaf | github.com/joeycumines/go-pabt.newConditionNode[...].func1
        │   │           └── [graph_test.go:119 util.go:537    pre:s2 post:s5]  ActionNode | github.com/joeycumines/go-pabt.(*node[...]).generateAction.wrapActionNodeHandleSetRunning.func2.1
        │   └── [graph_test.go:119 util.go:537    pre:s5 post:sg]  ActionNode | github.com/joeycumines/go-pabt.(*node[...]).generateAction.wrapActionNodeHandleSetRunning.func2.1
        └── [util.go:142       sequence.go:21]  ActionRoot | github.com/joeycumines/go-behaviortree.Sequence
            ├── [util.go:142       selector.go:21]  PPARoot | github.com/joeycumines/go-behaviortree.Selector
            │   ├── [util.go:257       util.go:257   ]  Unknown | github.com/joeycumines/go-pabt.newConditionNode[...].func1
            │   └── [util.go:142       memorize.go:34]  Unknown | github.com/joeycumines/go-pabt.(*precondition[...]).expand.Memorize.func1
            │       ├── [util.go:142       sequence.go:21]  ActionRoot | github.com/joeycumines/go-behaviortree.Sequence
            │       │   ├── [util.go:257       util.go:257   ]  PreconditionLeaf | github.com/joeycumines/go-pabt.newConditionNode[...].func1
            │       │   └── [graph_test.go:119 util.go:537    pre:sg post:s3]  ActionNode | github.com/joeycumines/go-pabt.(*node[...]).generateAction.wrapActionNodeHandleSetRunning.func2.1
            │       ├── [util.go:142       sequence.go:21]  ActionRoot | github.com/joeycumines/go-behaviortree.Sequence
            │       │   ├── [util.go:257       util.go:257   ]  PreconditionLeaf | github.com/joeycumines/go-pabt.newConditionNode[...].func1
            │       │   └── [graph_test.go:119 util.go:537    pre:s4 post:s3]  ActionNode | github.com/joeycumines/go-pabt.(*node[...]).generateAction.wrapActionNodeHandleSetRunning.func2.1
            │       └── [util.go:142       sequence.go:21]  ActionRoot | github.com/joeycumines/go-behaviortree.Sequence
            │           ├── [util.go:257       util.go:257   ]  PreconditionLeaf | github.com/joeycumines/go-pabt.newConditionNode[...].func1
            │           └── [graph_test.go:119 util.go:537    pre:s1 post:s3]  ActionNode | github.com/joeycumines/go-pabt.(*node[...]).generateAction.wrapActionNodeHandleSetRunning.func2.1
            └── [graph_test.go:119 util.go:537    pre:s3 post:sg]  ActionNode | github.com/joeycumines/go-pabt.(*node[...]).generateAction.wrapActionNodeHandleSetRunning.func2.1

iteration = 4, status = running, err = <nil>, actor = s0
[pabt.go:215       pabt.go:247   ]  GoalRoot | github.com/joeycumines/go-pabt.(*Plan[...]).bt.func2
└── [util.go:142       selector.go:21]  PPARoot | github.com/joeycumines/go-behaviortree.Selector
    ├── [util.go:257       util.go:257   ]  Unknown | github.com/joeycumines/go-pabt.newConditionNode[...].func1
    └── [util.go:142       memorize.go:34]  Unknown | github.com/joeycumines/go-pabt.(*precondition[...]).expand.Memorize.func1
        ├── [util.go:142       sequence.go:21]  ActionRoot | github.com/joeycumines/go-behaviortree.Sequence
        │   ├── [util.go:142       selector.go:21]  PPARoot | github.com/joeycumines/go-behaviortree.Selector
        │   │   ├── [util.go:257       util.go:257   ]  Unknown | github.com/joeycumines/go-pabt.newConditionNode[...].func1
        │   │   └── [util.go:142       memorize.go:34]  Unknown | github.com/joeycumines/go-pabt.(*precondition[...]).expand.Memorize.func1
        │   │       ├── [util.go:142       sequence.go:21]  ActionRoot | github.com/joeycumines/go-behaviortree.Sequence
        │   │       │   ├── [util.go:142       selector.go:21]  PPARoot | github.com/joeycumines/go-behaviortree.Selector
        │   │       │   │   ├── [util.go:257       util.go:257   ]  Unknown | github.com/joeycumines/go-pabt.newConditionNode[...].func1
        │   │       │   │   └── [util.go:142       memorize.go:34]  Unknown | github.com/joeycumines/go-pabt.(*precondition[...]).expand.Memorize.func1
        │   │       │   │       ├── [util.go:142       sequence.go:21]  ActionRoot | github.com/joeycumines/go-behaviortree.Sequence
        │   │       │   │       │   ├── [util.go:257       util.go:257   ]  PreconditionLeaf | github.com/joeycumines/go-pabt.newConditionNode[...].func1
        │   │       │   │       │   └── [graph_test.go:119 util.go:537    pre:s5 post:sg]  ActionNode | github.com/joeycumines/go-pabt.(*node[...]).generateAction.wrapActionNodeHandleSetRunning.func2.
1
        │   │       │   │       └── [util.go:142       sequence.go:21]  ActionRoot | github.com/joeycumines/go-behaviortree.Sequence
        │   │       │   │           ├── [util.go:257       util.go:257   ]  PreconditionLeaf | github.com/joeycumines/go-pabt.newConditionNode[...].func1
        │   │       │   │           └── [graph_test.go:119 util.go:537    pre:s3 post:sg]  ActionNode | github.com/joeycumines/go-pabt.(*node[...]).generateAction.wrapActionNodeHandleSetRunning.func2.
1
        │   │       │   └── [graph_test.go:119 util.go:537    pre:sg post:s5]  ActionNode | github.com/joeycumines/go-pabt.(*node[...]).generateAction.wrapActionNodeHandleSetRunning.func2.1
        │   │       ├── [util.go:142       sequence.go:21]  ActionRoot | github.com/joeycumines/go-behaviortree.Sequence
        │   │       │   ├── [util.go:257       util.go:257   ]  PreconditionLeaf | github.com/joeycumines/go-pabt.newConditionNode[...].func1
        │   │       │   └── [graph_test.go:119 util.go:537    pre:s4 post:s5]  ActionNode | github.com/joeycumines/go-pabt.(*node[...]).generateAction.wrapActionNodeHandleSetRunning.func2.1
        │   │       └── [util.go:142       sequence.go:21]  ActionRoot | github.com/joeycumines/go-behaviortree.Sequence
        │   │           ├── [util.go:257       util.go:257   ]  PreconditionLeaf | github.com/joeycumines/go-pabt.newConditionNode[...].func1
        │   │           └── [graph_test.go:119 util.go:537    pre:s2 post:s5]  ActionNode | github.com/joeycumines/go-pabt.(*node[...]).generateAction.wrapActionNodeHandleSetRunning.func2.1
        │   └── [graph_test.go:119 util.go:537    pre:s5 post:sg]  ActionNode | github.com/joeycumines/go-pabt.(*node[...]).generateAction.wrapActionNodeHandleSetRunning.func2.1
        └── [util.go:142       sequence.go:21]  ActionRoot | github.com/joeycumines/go-behaviortree.Sequence
            ├── [util.go:142       selector.go:21]  PPARoot | github.com/joeycumines/go-behaviortree.Selector
            │   ├── [util.go:257       util.go:257   ]  Unknown | github.com/joeycumines/go-pabt.newConditionNode[...].func1
            │   └── [util.go:142       memorize.go:34]  Unknown | github.com/joeycumines/go-pabt.(*precondition[...]).expand.Memorize.func1
            │       ├── [util.go:142       sequence.go:21]  ActionRoot | github.com/joeycumines/go-behaviortree.Sequence
            │       │   ├── [util.go:257       util.go:257   ]  PreconditionLeaf | github.com/joeycumines/go-pabt.newConditionNode[...].func1
            │       │   └── [graph_test.go:119 util.go:537    pre:sg post:s3]  ActionNode | github.com/joeycumines/go-pabt.(*node[...]).generateAction.wrapActionNodeHandleSetRunning.func2.1
            │       ├── [util.go:142       sequence.go:21]  ActionRoot | github.com/joeycumines/go-behaviortree.Sequence
            │       │   ├── [util.go:257       util.go:257   ]  PreconditionLeaf | github.com/joeycumines/go-pabt.newConditionNode[...].func1
            │       │   └── [graph_test.go:119 util.go:537    pre:s4 post:s3]  ActionNode | github.com/joeycumines/go-pabt.(*node[...]).generateAction.wrapActionNodeHandleSetRunning.func2.1
            │       └── [util.go:142       sequence.go:21]  ActionRoot | github.com/joeycumines/go-behaviortree.Sequence
            │           ├── [util.go:257       util.go:257   ]  PreconditionLeaf | github.com/joeycumines/go-pabt.newConditionNode[...].func1
            │           └── [graph_test.go:119 util.go:537    pre:s1 post:s3]  ActionNode | github.com/joeycumines/go-pabt.(*node[...]).generateAction.wrapActionNodeHandleSetRunning.func2.1
            └── [graph_test.go:119 util.go:537    pre:s3 post:sg]  ActionNode | github.com/joeycumines/go-pabt.(*node[...]).generateAction.wrapActionNodeHandleSetRunning.func2.1

iteration = 5, status = running, err = <nil>, actor = s0
[pabt.go:215       pabt.go:247   ]  GoalRoot | github.com/joeycumines/go-pabt.(*Plan[...]).bt.func2
└── [util.go:142       selector.go:21]  PPARoot | github.com/joeycumines/go-behaviortree.Selector
    ├── [util.go:257       util.go:257   ]  Unknown | github.com/joeycumines/go-pabt.newConditionNode[...].func1
    └── [util.go:142       memorize.go:34]  Unknown | github.com/joeycumines/go-pabt.(*precondition[...]).expand.Memorize.func1
        ├── [util.go:142       sequence.go:21]  ActionRoot | github.com/joeycumines/go-behaviortree.Sequence
        │   ├── [util.go:142       selector.go:21]  PPARoot | github.com/joeycumines/go-behaviortree.Selector
        │   │   ├── [util.go:257       util.go:257   ]  Unknown | github.com/joeycumines/go-pabt.newConditionNode[...].func1
        │   │   └── [util.go:142       memorize.go:34]  Unknown | github.com/joeycumines/go-pabt.(*precondition[...]).expand.Memorize.func1
        │   │       ├── [util.go:142       sequence.go:21]  ActionRoot | github.com/joeycumines/go-behaviortree.Sequence
        │   │       │   ├── [util.go:142       selector.go:21]  PPARoot | github.com/joeycumines/go-behaviortree.Selector
        │   │       │   │   ├── [util.go:257       util.go:257   ]  Unknown | github.com/joeycumines/go-pabt.newConditionNode[...].func1
        │   │       │   │   └── [util.go:142       memorize.go:34]  Unknown | github.com/joeycumines/go-pabt.(*precondition[...]).expand.Memorize.func1
        │   │       │   │       ├── [util.go:142       sequence.go:21]  ActionRoot | github.com/joeycumines/go-behaviortree.Sequence
        │   │       │   │       │   ├── [util.go:257       util.go:257   ]  PreconditionLeaf | github.com/joeycumines/go-pabt.newConditionNode[...].func1
        │   │       │   │       │   └── [graph_test.go:119 util.go:537    pre:s5 post:sg]  ActionNode | github.com/joeycumines/go-pabt.(*node[...]).generateAction.wrapActionNodeHandleSetRunning.func2.
1
        │   │       │   │       └── [util.go:142       sequence.go:21]  ActionRoot | github.com/joeycumines/go-behaviortree.Sequence
        │   │       │   │           ├── [util.go:257       util.go:257   ]  PreconditionLeaf | github.com/joeycumines/go-pabt.newConditionNode[...].func1
        │   │       │   │           └── [graph_test.go:119 util.go:537    pre:s3 post:sg]  ActionNode | github.com/joeycumines/go-pabt.(*node[...]).generateAction.wrapActionNodeHandleSetRunning.func2.
1
        │   │       │   └── [graph_test.go:119 util.go:537    pre:sg post:s5]  ActionNode | github.com/joeycumines/go-pabt.(*node[...]).generateAction.wrapActionNodeHandleSetRunning.func2.1
        │   │       ├── [util.go:142       sequence.go:21]  ActionRoot | github.com/joeycumines/go-behaviortree.Sequence
        │   │       │   ├── [util.go:142       selector.go:21]  PPARoot | github.com/joeycumines/go-behaviortree.Selector
        │   │       │   │   ├── [util.go:257       util.go:257   ]  Unknown | github.com/joeycumines/go-pabt.newConditionNode[...].func1
        │   │       │   │   └── [util.go:142       memorize.go:34]  Unknown | github.com/joeycumines/go-pabt.(*precondition[...]).expand.Memorize.func1
        │   │       │   │       ├── [util.go:142       sequence.go:21]  ActionRoot | github.com/joeycumines/go-behaviortree.Sequence
        │   │       │   │       │   ├── [util.go:257       util.go:257   ]  PreconditionLeaf | github.com/joeycumines/go-pabt.newConditionNode[...].func1
        │   │       │   │       │   └── [graph_test.go:119 util.go:537    pre:s5 post:s4]  ActionNode | github.com/joeycumines/go-pabt.(*node[...]).generateAction.wrapActionNodeHandleSetRunning.func2.
1
        │   │       │   │       ├── [util.go:142       sequence.go:21]  ActionRoot | github.com/joeycumines/go-behaviortree.Sequence
        │   │       │   │       │   ├── [util.go:257       util.go:257   ]  PreconditionLeaf | github.com/joeycumines/go-pabt.newConditionNode[...].func1
        │   │       │   │       │   └── [graph_test.go:119 util.go:537    pre:s3 post:s4]  ActionNode | github.com/joeycumines/go-pabt.(*node[...]).generateAction.wrapActionNodeHandleSetRunning.func2.
1
        │   │       │   │       └── [util.go:142       sequence.go:21]  ActionRoot | github.com/joeycumines/go-behaviortree.Sequence
        │   │       │   │           ├── [util.go:257       util.go:257   ]  PreconditionLeaf | github.com/joeycumines/go-pabt.newConditionNode[...].func1
        │   │       │   │           └── [graph_test.go:119 util.go:537    pre:s1 post:s4]  ActionNode | github.com/joeycumines/go-pabt.(*node[...]).generateAction.wrapActionNodeHandleSetRunning.func2.
1
        │   │       │   └── [graph_test.go:119 util.go:537    pre:s4 post:s5]  ActionNode | github.com/joeycumines/go-pabt.(*node[...]).generateAction.wrapActionNodeHandleSetRunning.func2.1
        │   │       └── [util.go:142       sequence.go:21]  ActionRoot | github.com/joeycumines/go-behaviortree.Sequence
        │   │           ├── [util.go:257       util.go:257   ]  PreconditionLeaf | github.com/joeycumines/go-pabt.newConditionNode[...].func1
        │   │           └── [graph_test.go:119 util.go:537    pre:s2 post:s5]  ActionNode | github.com/joeycumines/go-pabt.(*node[...]).generateAction.wrapActionNodeHandleSetRunning.func2.1
        │   └── [graph_test.go:119 util.go:537    pre:s5 post:sg]  ActionNode | github.com/joeycumines/go-pabt.(*node[...]).generateAction.wrapActionNodeHandleSetRunning.func2.1
        └── [util.go:142       sequence.go:21]  ActionRoot | github.com/joeycumines/go-behaviortree.Sequence
            ├── [util.go:142       selector.go:21]  PPARoot | github.com/joeycumines/go-behaviortree.Selector
            │   ├── [util.go:257       util.go:257   ]  Unknown | github.com/joeycumines/go-pabt.newConditionNode[...].func1
            │   └── [util.go:142       memorize.go:34]  Unknown | github.com/joeycumines/go-pabt.(*precondition[...]).expand.Memorize.func1
            │       ├── [util.go:142       sequence.go:21]  ActionRoot | github.com/joeycumines/go-behaviortree.Sequence
            │       │   ├── [util.go:257       util.go:257   ]  PreconditionLeaf | github.com/joeycumines/go-pabt.newConditionNode[...].func1
            │       │   └── [graph_test.go:119 util.go:537    pre:sg post:s3]  ActionNode | github.com/joeycumines/go-pabt.(*node[...]).generateAction.wrapActionNodeHandleSetRunning.func2.1
            │       ├── [util.go:142       sequence.go:21]  ActionRoot | github.com/joeycumines/go-behaviortree.Sequence
            │       │   ├── [util.go:257       util.go:257   ]  PreconditionLeaf | github.com/joeycumines/go-pabt.newConditionNode[...].func1
            │       │   └── [graph_test.go:119 util.go:537    pre:s4 post:s3]  ActionNode | github.com/joeycumines/go-pabt.(*node[...]).generateAction.wrapActionNodeHandleSetRunning.func2.1
            │       └── [util.go:142       sequence.go:21]  ActionRoot | github.com/joeycumines/go-behaviortree.Sequence
            │           ├── [util.go:257       util.go:257   ]  PreconditionLeaf | github.com/joeycumines/go-pabt.newConditionNode[...].func1
            │           └── [graph_test.go:119 util.go:537    pre:s1 post:s3]  ActionNode | github.com/joeycumines/go-pabt.(*node[...]).generateAction.wrapActionNodeHandleSetRunning.func2.1
            └── [graph_test.go:119 util.go:537    pre:s3 post:sg]  ActionNode | github.com/joeycumines/go-pabt.(*node[...]).generateAction.wrapActionNodeHandleSetRunning.func2.1

iteration = 6, status = running, err = <nil>, actor = s0
[pabt.go:215       pabt.go:247   ]  GoalRoot | github.com/joeycumines/go-pabt.(*Plan[...]).bt.func2
└── [util.go:142       selector.go:21]  PPARoot | github.com/joeycumines/go-behaviortree.Selector
    ├── [util.go:257       util.go:257   ]  Unknown | github.com/joeycumines/go-pabt.newConditionNode[...].func1
    └── [util.go:142       memorize.go:34]  Unknown | github.com/joeycumines/go-pabt.(*precondition[...]).expand.Memorize.func1
        ├── [util.go:142       sequence.go:21]  ActionRoot | github.com/joeycumines/go-behaviortree.Sequence
        │   ├── [util.go:142       selector.go:21]  PPARoot | github.com/joeycumines/go-behaviortree.Selector
        │   │   ├── [util.go:257       util.go:257   ]  Unknown | github.com/joeycumines/go-pabt.newConditionNode[...].func1
        │   │   └── [util.go:142       memorize.go:34]  Unknown | github.com/joeycumines/go-pabt.(*precondition[...]).expand.Memorize.func1
        │   │       ├── [util.go:142       sequence.go:21]  ActionRoot | github.com/joeycumines/go-behaviortree.Sequence
        │   │       │   ├── [util.go:142       selector.go:21]  PPARoot | github.com/joeycumines/go-behaviortree.Selector
        │   │       │   │   ├── [util.go:257       util.go:257   ]  Unknown | github.com/joeycumines/go-pabt.newConditionNode[...].func1
        │   │       │   │   └── [util.go:142       memorize.go:34]  Unknown | github.com/joeycumines/go-pabt.(*precondition[...]).expand.Memorize.func1
        │   │       │   │       ├── [util.go:142       sequence.go:21]  ActionRoot | github.com/joeycumines/go-behaviortree.Sequence
        │   │       │   │       │   ├── [util.go:257       util.go:257   ]  PreconditionLeaf | github.com/joeycumines/go-pabt.newConditionNode[...].func1
        │   │       │   │       │   └── [graph_test.go:119 util.go:537    pre:s5 post:sg]  ActionNode | github.com/joeycumines/go-pabt.(*node[...]).generateAction.wrapActionNodeHandleSetRunning.func2.
1
        │   │       │   │       └── [util.go:142       sequence.go:21]  ActionRoot | github.com/joeycumines/go-behaviortree.Sequence
        │   │       │   │           ├── [util.go:257       util.go:257   ]  PreconditionLeaf | github.com/joeycumines/go-pabt.newConditionNode[...].func1
        │   │       │   │           └── [graph_test.go:119 util.go:537    pre:s3 post:sg]  ActionNode | github.com/joeycumines/go-pabt.(*node[...]).generateAction.wrapActionNodeHandleSetRunning.func2.
1
        │   │       │   └── [graph_test.go:119 util.go:537    pre:sg post:s5]  ActionNode | github.com/joeycumines/go-pabt.(*node[...]).generateAction.wrapActionNodeHandleSetRunning.func2.1
        │   │       ├── [util.go:142       sequence.go:21]  ActionRoot | github.com/joeycumines/go-behaviortree.Sequence
        │   │       │   ├── [util.go:142       selector.go:21]  PPARoot | github.com/joeycumines/go-behaviortree.Selector
        │   │       │   │   ├── [util.go:257       util.go:257   ]  Unknown | github.com/joeycumines/go-pabt.newConditionNode[...].func1
        │   │       │   │   └── [util.go:142       memorize.go:34]  Unknown | github.com/joeycumines/go-pabt.(*precondition[...]).expand.Memorize.func1
        │   │       │   │       ├── [util.go:142       sequence.go:21]  ActionRoot | github.com/joeycumines/go-behaviortree.Sequence
        │   │       │   │       │   ├── [util.go:257       util.go:257   ]  PreconditionLeaf | github.com/joeycumines/go-pabt.newConditionNode[...].func1
        │   │       │   │       │   └── [graph_test.go:119 util.go:537    pre:s5 post:s4]  ActionNode | github.com/joeycumines/go-pabt.(*node[...]).generateAction.wrapActionNodeHandleSetRunning.func2.
1
        │   │       │   │       ├── [util.go:142       sequence.go:21]  ActionRoot | github.com/joeycumines/go-behaviortree.Sequence
        │   │       │   │       │   ├── [util.go:257       util.go:257   ]  PreconditionLeaf | github.com/joeycumines/go-pabt.newConditionNode[...].func1
        │   │       │   │       │   └── [graph_test.go:119 util.go:537    pre:s3 post:s4]  ActionNode | github.com/joeycumines/go-pabt.(*node[...]).generateAction.wrapActionNodeHandleSetRunning.func2.
1
        │   │       │   │       └── [util.go:142       sequence.go:21]  ActionRoot | github.com/joeycumines/go-behaviortree.Sequence
        │   │       │   │           ├── [util.go:257       util.go:257   ]  PreconditionLeaf | github.com/joeycumines/go-pabt.newConditionNode[...].func1
        │   │       │   │           └── [graph_test.go:119 util.go:537    pre:s1 post:s4]  ActionNode | github.com/joeycumines/go-pabt.(*node[...]).generateAction.wrapActionNodeHandleSetRunning.func2.
1
        │   │       │   └── [graph_test.go:119 util.go:537    pre:s4 post:s5]  ActionNode | github.com/joeycumines/go-pabt.(*node[...]).generateAction.wrapActionNodeHandleSetRunning.func2.1
        │   │       └── [util.go:142       sequence.go:21]  ActionRoot | github.com/joeycumines/go-behaviortree.Sequence
        │   │           ├── [util.go:142       selector.go:21]  PPARoot | github.com/joeycumines/go-behaviortree.Selector
        │   │           │   ├── [util.go:257       util.go:257   ]  Unknown | github.com/joeycumines/go-pabt.newConditionNode[...].func1
        │   │           │   └── [util.go:142       memorize.go:34]  Unknown | github.com/joeycumines/go-pabt.(*precondition[...]).expand.Memorize.func1
        │   │           │       ├── [util.go:142       sequence.go:21]  ActionRoot | github.com/joeycumines/go-behaviortree.Sequence
        │   │           │       │   ├── [util.go:257       util.go:257   ]  PreconditionLeaf | github.com/joeycumines/go-pabt.newConditionNode[...].func1
        │   │           │       │   └── [graph_test.go:119 util.go:537    pre:s5 post:s2]  ActionNode | github.com/joeycumines/go-pabt.(*node[...]).generateAction.wrapActionNodeHandleSetRunning.func2.
1
        │   │           │       └── [util.go:142       sequence.go:21]  ActionRoot | github.com/joeycumines/go-behaviortree.Sequence
        │   │           │           ├── [util.go:257       util.go:257   ]  PreconditionLeaf | github.com/joeycumines/go-pabt.newConditionNode[...].func1
        │   │           │           └── [graph_test.go:119 util.go:537    pre:s1 post:s2]  ActionNode | github.com/joeycumines/go-pabt.(*node[...]).generateAction.wrapActionNodeHandleSetRunning.func2.
1
        │   │           └── [graph_test.go:119 util.go:537    pre:s2 post:s5]  ActionNode | github.com/joeycumines/go-pabt.(*node[...]).generateAction.wrapActionNodeHandleSetRunning.func2.1
        │   └── [graph_test.go:119 util.go:537    pre:s5 post:sg]  ActionNode | github.com/joeycumines/go-pabt.(*node[...]).generateAction.wrapActionNodeHandleSetRunning.func2.1
        └── [util.go:142       sequence.go:21]  ActionRoot | github.com/joeycumines/go-behaviortree.Sequence
            ├── [util.go:142       selector.go:21]  PPARoot | github.com/joeycumines/go-behaviortree.Selector
            │   ├── [util.go:257       util.go:257   ]  Unknown | github.com/joeycumines/go-pabt.newConditionNode[...].func1
            │   └── [util.go:142       memorize.go:34]  Unknown | github.com/joeycumines/go-pabt.(*precondition[...]).expand.Memorize.func1
            │       ├── [util.go:142       sequence.go:21]  ActionRoot | github.com/joeycumines/go-behaviortree.Sequence
            │       │   ├── [util.go:257       util.go:257   ]  PreconditionLeaf | github.com/joeycumines/go-pabt.newConditionNode[...].func1
            │       │   └── [graph_test.go:119 util.go:537    pre:sg post:s3]  ActionNode | github.com/joeycumines/go-pabt.(*node[...]).generateAction.wrapActionNodeHandleSetRunning.func2.1
            │       ├── [util.go:142       sequence.go:21]  ActionRoot | github.com/joeycumines/go-behaviortree.Sequence
            │       │   ├── [util.go:257       util.go:257   ]  PreconditionLeaf | github.com/joeycumines/go-pabt.newConditionNode[...].func1
            │       │   └── [graph_test.go:119 util.go:537    pre:s4 post:s3]  ActionNode | github.com/joeycumines/go-pabt.(*node[...]).generateAction.wrapActionNodeHandleSetRunning.func2.1
            │       └── [util.go:142       sequence.go:21]  ActionRoot | github.com/joeycumines/go-behaviortree.Sequence
            │           ├── [util.go:257       util.go:257   ]  PreconditionLeaf | github.com/joeycumines/go-pabt.newConditionNode[...].func1
            │           └── [graph_test.go:119 util.go:537    pre:s1 post:s3]  ActionNode | github.com/joeycumines/go-pabt.(*node[...]).generateAction.wrapActionNodeHandleSetRunning.func2.1
            └── [graph_test.go:119 util.go:537    pre:s3 post:sg]  ActionNode | github.com/joeycumines/go-pabt.(*node[...]).generateAction.wrapActionNodeHandleSetRunning.func2.1

iteration = 7, status = running, err = <nil>, actor = s0
[pabt.go:215       pabt.go:247   ]  GoalRoot | github.com/joeycumines/go-pabt.(*Plan[...]).bt.func2
└── [util.go:142       selector.go:21]  PPARoot | github.com/joeycumines/go-behaviortree.Selector
    ├── [util.go:257       util.go:257   ]  Unknown | github.com/joeycumines/go-pabt.newConditionNode[...].func1
    └── [util.go:142       memorize.go:34]  Unknown | github.com/joeycumines/go-pabt.(*precondition[...]).expand.Memorize.func1
        ├── [util.go:142       sequence.go:21]  ActionRoot | github.com/joeycumines/go-behaviortree.Sequence
        │   ├── [util.go:142       selector.go:21]  PPARoot | github.com/joeycumines/go-behaviortree.Selector
        │   │   ├── [util.go:257       util.go:257   ]  Unknown | github.com/joeycumines/go-pabt.newConditionNode[...].func1
        │   │   └── [util.go:142       memorize.go:34]  Unknown | github.com/joeycumines/go-pabt.(*precondition[...]).expand.Memorize.func1
        │   │       ├── [util.go:142       sequence.go:21]  ActionRoot | github.com/joeycumines/go-behaviortree.Sequence
        │   │       │   ├── [util.go:142       selector.go:21]  PPARoot | github.com/joeycumines/go-behaviortree.Selector
        │   │       │   │   ├── [util.go:257       util.go:257   ]  Unknown | github.com/joeycumines/go-pabt.newConditionNode[...].func1
        │   │       │   │   └── [util.go:142       memorize.go:34]  Unknown | github.com/joeycumines/go-pabt.(*precondition[...]).expand.Memorize.func1
        │   │       │   │       ├── [util.go:142       sequence.go:21]  ActionRoot | github.com/joeycumines/go-behaviortree.Sequence
        │   │       │   │       │   ├── [util.go:257       util.go:257   ]  PreconditionLeaf | github.com/joeycumines/go-pabt.newConditionNode[...].func1
        │   │       │   │       │   └── [graph_test.go:119 util.go:537    pre:s5 post:sg]  ActionNode | github.com/joeycumines/go-pabt.(*node[...]).generateAction.wrapActionNodeHandleSetRunning.func2.
1
        │   │       │   │       └── [util.go:142       sequence.go:21]  ActionRoot | github.com/joeycumines/go-behaviortree.Sequence
        │   │       │   │           ├── [util.go:257       util.go:257   ]  PreconditionLeaf | github.com/joeycumines/go-pabt.newConditionNode[...].func1
        │   │       │   │           └── [graph_test.go:119 util.go:537    pre:s3 post:sg]  ActionNode | github.com/joeycumines/go-pabt.(*node[...]).generateAction.wrapActionNodeHandleSetRunning.func2.
1
        │   │       │   └── [graph_test.go:119 util.go:537    pre:sg post:s5]  ActionNode | github.com/joeycumines/go-pabt.(*node[...]).generateAction.wrapActionNodeHandleSetRunning.func2.1
        │   │       ├── [util.go:142       sequence.go:21]  ActionRoot | github.com/joeycumines/go-behaviortree.Sequence
        │   │       │   ├── [util.go:142       selector.go:21]  PPARoot | github.com/joeycumines/go-behaviortree.Selector
        │   │       │   │   ├── [util.go:257       util.go:257   ]  Unknown | github.com/joeycumines/go-pabt.newConditionNode[...].func1
        │   │       │   │   └── [util.go:142       memorize.go:34]  Unknown | github.com/joeycumines/go-pabt.(*precondition[...]).expand.Memorize.func1
        │   │       │   │       ├── [util.go:142       sequence.go:21]  ActionRoot | github.com/joeycumines/go-behaviortree.Sequence
        │   │       │   │       │   ├── [util.go:257       util.go:257   ]  PreconditionLeaf | github.com/joeycumines/go-pabt.newConditionNode[...].func1
        │   │       │   │       │   └── [graph_test.go:119 util.go:537    pre:s5 post:s4]  ActionNode | github.com/joeycumines/go-pabt.(*node[...]).generateAction.wrapActionNodeHandleSetRunning.func2.
1
        │   │       │   │       ├── [util.go:142       sequence.go:21]  ActionRoot | github.com/joeycumines/go-behaviortree.Sequence
        │   │       │   │       │   ├── [util.go:257       util.go:257   ]  PreconditionLeaf | github.com/joeycumines/go-pabt.newConditionNode[...].func1
        │   │       │   │       │   └── [graph_test.go:119 util.go:537    pre:s3 post:s4]  ActionNode | github.com/joeycumines/go-pabt.(*node[...]).generateAction.wrapActionNodeHandleSetRunning.func2.
1
        │   │       │   │       └── [util.go:142       sequence.go:21]  ActionRoot | github.com/joeycumines/go-behaviortree.Sequence
        │   │       │   │           ├── [util.go:257       util.go:257   ]  PreconditionLeaf | github.com/joeycumines/go-pabt.newConditionNode[...].func1
        │   │       │   │           └── [graph_test.go:119 util.go:537    pre:s1 post:s4]  ActionNode | github.com/joeycumines/go-pabt.(*node[...]).generateAction.wrapActionNodeHandleSetRunning.func2.
1
        │   │       │   └── [graph_test.go:119 util.go:537    pre:s4 post:s5]  ActionNode | github.com/joeycumines/go-pabt.(*node[...]).generateAction.wrapActionNodeHandleSetRunning.func2.1
        │   │       └── [util.go:142       sequence.go:21]  ActionRoot | github.com/joeycumines/go-behaviortree.Sequence
        │   │           ├── [util.go:142       selector.go:21]  PPARoot | github.com/joeycumines/go-behaviortree.Selector
        │   │           │   ├── [util.go:257       util.go:257   ]  Unknown | github.com/joeycumines/go-pabt.newConditionNode[...].func1
        │   │           │   └── [util.go:142       memorize.go:34]  Unknown | github.com/joeycumines/go-pabt.(*precondition[...]).expand.Memorize.func1
        │   │           │       ├── [util.go:142       sequence.go:21]  ActionRoot | github.com/joeycumines/go-behaviortree.Sequence
        │   │           │       │   ├── [util.go:257       util.go:257   ]  PreconditionLeaf | github.com/joeycumines/go-pabt.newConditionNode[...].func1
        │   │           │       │   └── [graph_test.go:119 util.go:537    pre:s5 post:s2]  ActionNode | github.com/joeycumines/go-pabt.(*node[...]).generateAction.wrapActionNodeHandleSetRunning.func2.
1
        │   │           │       └── [util.go:142       sequence.go:21]  ActionRoot | github.com/joeycumines/go-behaviortree.Sequence
        │   │           │           ├── [util.go:257       util.go:257   ]  PreconditionLeaf | github.com/joeycumines/go-pabt.newConditionNode[...].func1
        │   │           │           └── [graph_test.go:119 util.go:537    pre:s1 post:s2]  ActionNode | github.com/joeycumines/go-pabt.(*node[...]).generateAction.wrapActionNodeHandleSetRunning.func2.
1
        │   │           └── [graph_test.go:119 util.go:537    pre:s2 post:s5]  ActionNode | github.com/joeycumines/go-pabt.(*node[...]).generateAction.wrapActionNodeHandleSetRunning.func2.1
        │   └── [graph_test.go:119 util.go:537    pre:s5 post:sg]  ActionNode | github.com/joeycumines/go-pabt.(*node[...]).generateAction.wrapActionNodeHandleSetRunning.func2.1
        └── [util.go:142       sequence.go:21]  ActionRoot | github.com/joeycumines/go-behaviortree.Sequence
            ├── [util.go:142       selector.go:21]  PPARoot | github.com/joeycumines/go-behaviortree.Selector
            │   ├── [util.go:257       util.go:257   ]  Unknown | github.com/joeycumines/go-pabt.newConditionNode[...].func1
            │   └── [util.go:142       memorize.go:34]  Unknown | github.com/joeycumines/go-pabt.(*precondition[...]).expand.Memorize.func1
            │       ├── [util.go:142       sequence.go:21]  ActionRoot | github.com/joeycumines/go-behaviortree.Sequence
            │       │   ├── [util.go:142       selector.go:21]  PPARoot | github.com/joeycumines/go-behaviortree.Selector
            │       │   │   ├── [util.go:257       util.go:257   ]  Unknown | github.com/joeycumines/go-pabt.newConditionNode[...].func1
            │       │   │   └── [util.go:142       memorize.go:34]  Unknown | github.com/joeycumines/go-pabt.(*precondition[...]).expand.Memorize.func1
            │       │   │       ├── [util.go:142       sequence.go:21]  ActionRoot | github.com/joeycumines/go-behaviortree.Sequence
            │       │   │       │   ├── [util.go:257       util.go:257   ]  PreconditionLeaf | github.com/joeycumines/go-pabt.newConditionNode[...].func1
            │       │   │       │   └── [graph_test.go:119 util.go:537    pre:s5 post:sg]  ActionNode | github.com/joeycumines/go-pabt.(*node[...]).generateAction.wrapActionNodeHandleSetRunning.func2.
1
            │       │   │       └── [util.go:142       sequence.go:21]  ActionRoot | github.com/joeycumines/go-behaviortree.Sequence
            │       │   │           ├── [util.go:257       util.go:257   ]  PreconditionLeaf | github.com/joeycumines/go-pabt.newConditionNode[...].func1
            │       │   │           └── [graph_test.go:119 util.go:537    pre:s3 post:sg]  ActionNode | github.com/joeycumines/go-pabt.(*node[...]).generateAction.wrapActionNodeHandleSetRunning.func2.
1
            │       │   └── [graph_test.go:119 util.go:537    pre:sg post:s3]  ActionNode | github.com/joeycumines/go-pabt.(*node[...]).generateAction.wrapActionNodeHandleSetRunning.func2.1
            │       ├── [util.go:142       sequence.go:21]  ActionRoot | github.com/joeycumines/go-behaviortree.Sequence
            │       │   ├── [util.go:257       util.go:257   ]  PreconditionLeaf | github.com/joeycumines/go-pabt.newConditionNode[...].func1
            │       │   └── [graph_test.go:119 util.go:537    pre:s4 post:s3]  ActionNode | github.com/joeycumines/go-pabt.(*node[...]).generateAction.wrapActionNodeHandleSetRunning.func2.1
            │       └── [util.go:142       sequence.go:21]  ActionRoot | github.com/joeycumines/go-behaviortree.Sequence
            │           ├── [util.go:257       util.go:257   ]  PreconditionLeaf | github.com/joeycumines/go-pabt.newConditionNode[...].func1
            │           └── [graph_test.go:119 util.go:537    pre:s1 post:s3]  ActionNode | github.com/joeycumines/go-pabt.(*node[...]).generateAction.wrapActionNodeHandleSetRunning.func2.1
            └── [graph_test.go:119 util.go:537    pre:s3 post:sg]  ActionNode | github.com/joeycumines/go-pabt.(*node[...]).generateAction.wrapActionNodeHandleSetRunning.func2.1

iteration = 8, status = running, err = <nil>, actor = s0
[pabt.go:215       pabt.go:247   ]  GoalRoot | github.com/joeycumines/go-pabt.(*Plan[...]).bt.func2
└── [util.go:142       selector.go:21]  PPARoot | github.com/joeycumines/go-behaviortree.Selector
    ├── [util.go:257       util.go:257   ]  Unknown | github.com/joeycumines/go-pabt.newConditionNode[...].func1
    └── [util.go:142       memorize.go:34]  Unknown | github.com/joeycumines/go-pabt.(*precondition[...]).expand.Memorize.func1
        ├── [util.go:142       sequence.go:21]  ActionRoot | github.com/joeycumines/go-behaviortree.Sequence
        │   ├── [util.go:142       selector.go:21]  PPARoot | github.com/joeycumines/go-behaviortree.Selector
        │   │   ├── [util.go:257       util.go:257   ]  Unknown | github.com/joeycumines/go-pabt.newConditionNode[...].func1
        │   │   └── [util.go:142       memorize.go:34]  Unknown | github.com/joeycumines/go-pabt.(*precondition[...]).expand.Memorize.func1
        │   │       ├── [util.go:142       sequence.go:21]  ActionRoot | github.com/joeycumines/go-behaviortree.Sequence
        │   │       │   ├── [util.go:142       selector.go:21]  PPARoot | github.com/joeycumines/go-behaviortree.Selector
        │   │       │   │   ├── [util.go:257       util.go:257   ]  Unknown | github.com/joeycumines/go-pabt.newConditionNode[...].func1
        │   │       │   │   └── [util.go:142       memorize.go:34]  Unknown | github.com/joeycumines/go-pabt.(*precondition[...]).expand.Memorize.func1
        │   │       │   │       ├── [util.go:142       sequence.go:21]  ActionRoot | github.com/joeycumines/go-behaviortree.Sequence
        │   │       │   │       │   ├── [util.go:257       util.go:257   ]  PreconditionLeaf | github.com/joeycumines/go-pabt.newConditionNode[...].func1
        │   │       │   │       │   └── [graph_test.go:119 util.go:537    pre:s5 post:sg]  ActionNode | github.com/joeycumines/go-pabt.(*node[...]).generateAction.wrapActionNodeHandleSetRunning.func2.
1
        │   │       │   │       └── [util.go:142       sequence.go:21]  ActionRoot | github.com/joeycumines/go-behaviortree.Sequence
        │   │       │   │           ├── [util.go:257       util.go:257   ]  PreconditionLeaf | github.com/joeycumines/go-pabt.newConditionNode[...].func1
        │   │       │   │           └── [graph_test.go:119 util.go:537    pre:s3 post:sg]  ActionNode | github.com/joeycumines/go-pabt.(*node[...]).generateAction.wrapActionNodeHandleSetRunning.func2.
1
        │   │       │   └── [graph_test.go:119 util.go:537    pre:sg post:s5]  ActionNode | github.com/joeycumines/go-pabt.(*node[...]).generateAction.wrapActionNodeHandleSetRunning.func2.1
        │   │       ├── [util.go:142       sequence.go:21]  ActionRoot | github.com/joeycumines/go-behaviortree.Sequence
        │   │       │   ├── [util.go:142       selector.go:21]  PPARoot | github.com/joeycumines/go-behaviortree.Selector
        │   │       │   │   ├── [util.go:257       util.go:257   ]  Unknown | github.com/joeycumines/go-pabt.newConditionNode[...].func1
        │   │       │   │   └── [util.go:142       memorize.go:34]  Unknown | github.com/joeycumines/go-pabt.(*precondition[...]).expand.Memorize.func1
        │   │       │   │       ├── [util.go:142       sequence.go:21]  ActionRoot | github.com/joeycumines/go-behaviortree.Sequence
        │   │       │   │       │   ├── [util.go:257       util.go:257   ]  PreconditionLeaf | github.com/joeycumines/go-pabt.newConditionNode[...].func1
        │   │       │   │       │   └── [graph_test.go:119 util.go:537    pre:s5 post:s4]  ActionNode | github.com/joeycumines/go-pabt.(*node[...]).generateAction.wrapActionNodeHandleSetRunning.func2.
1
        │   │       │   │       ├── [util.go:142       sequence.go:21]  ActionRoot | github.com/joeycumines/go-behaviortree.Sequence
        │   │       │   │       │   ├── [util.go:257       util.go:257   ]  PreconditionLeaf | github.com/joeycumines/go-pabt.newConditionNode[...].func1
        │   │       │   │       │   └── [graph_test.go:119 util.go:537    pre:s3 post:s4]  ActionNode | github.com/joeycumines/go-pabt.(*node[...]).generateAction.wrapActionNodeHandleSetRunning.func2.
1
        │   │       │   │       └── [util.go:142       sequence.go:21]  ActionRoot | github.com/joeycumines/go-behaviortree.Sequence
        │   │       │   │           ├── [util.go:257       util.go:257   ]  PreconditionLeaf | github.com/joeycumines/go-pabt.newConditionNode[...].func1
        │   │       │   │           └── [graph_test.go:119 util.go:537    pre:s1 post:s4]  ActionNode | github.com/joeycumines/go-pabt.(*node[...]).generateAction.wrapActionNodeHandleSetRunning.func2.
1
        │   │       │   └── [graph_test.go:119 util.go:537    pre:s4 post:s5]  ActionNode | github.com/joeycumines/go-pabt.(*node[...]).generateAction.wrapActionNodeHandleSetRunning.func2.1
        │   │       └── [util.go:142       sequence.go:21]  ActionRoot | github.com/joeycumines/go-behaviortree.Sequence
        │   │           ├── [util.go:142       selector.go:21]  PPARoot | github.com/joeycumines/go-behaviortree.Selector
        │   │           │   ├── [util.go:257       util.go:257   ]  Unknown | github.com/joeycumines/go-pabt.newConditionNode[...].func1
        │   │           │   └── [util.go:142       memorize.go:34]  Unknown | github.com/joeycumines/go-pabt.(*precondition[...]).expand.Memorize.func1
        │   │           │       ├── [util.go:142       sequence.go:21]  ActionRoot | github.com/joeycumines/go-behaviortree.Sequence
        │   │           │       │   ├── [util.go:257       util.go:257   ]  PreconditionLeaf | github.com/joeycumines/go-pabt.newConditionNode[...].func1
        │   │           │       │   └── [graph_test.go:119 util.go:537    pre:s5 post:s2]  ActionNode | github.com/joeycumines/go-pabt.(*node[...]).generateAction.wrapActionNodeHandleSetRunning.func2.
1
        │   │           │       └── [util.go:142       sequence.go:21]  ActionRoot | github.com/joeycumines/go-behaviortree.Sequence
        │   │           │           ├── [util.go:257       util.go:257   ]  PreconditionLeaf | github.com/joeycumines/go-pabt.newConditionNode[...].func1
        │   │           │           └── [graph_test.go:119 util.go:537    pre:s1 post:s2]  ActionNode | github.com/joeycumines/go-pabt.(*node[...]).generateAction.wrapActionNodeHandleSetRunning.func2.
1
        │   │           └── [graph_test.go:119 util.go:537    pre:s2 post:s5]  ActionNode | github.com/joeycumines/go-pabt.(*node[...]).generateAction.wrapActionNodeHandleSetRunning.func2.1
        │   └── [graph_test.go:119 util.go:537    pre:s5 post:sg]  ActionNode | github.com/joeycumines/go-pabt.(*node[...]).generateAction.wrapActionNodeHandleSetRunning.func2.1
        └── [util.go:142       sequence.go:21]  ActionRoot | github.com/joeycumines/go-behaviortree.Sequence
            ├── [util.go:142       selector.go:21]  PPARoot | github.com/joeycumines/go-behaviortree.Selector
            │   ├── [util.go:257       util.go:257   ]  Unknown | github.com/joeycumines/go-pabt.newConditionNode[...].func1
            │   └── [util.go:142       memorize.go:34]  Unknown | github.com/joeycumines/go-pabt.(*precondition[...]).expand.Memorize.func1
            │       ├── [util.go:142       sequence.go:21]  ActionRoot | github.com/joeycumines/go-behaviortree.Sequence
            │       │   ├── [util.go:142       selector.go:21]  PPARoot | github.com/joeycumines/go-behaviortree.Selector
            │       │   │   ├── [util.go:257       util.go:257   ]  Unknown | github.com/joeycumines/go-pabt.newConditionNode[...].func1
            │       │   │   └── [util.go:142       memorize.go:34]  Unknown | github.com/joeycumines/go-pabt.(*precondition[...]).expand.Memorize.func1
            │       │   │       ├── [util.go:142       sequence.go:21]  ActionRoot | github.com/joeycumines/go-behaviortree.Sequence
            │       │   │       │   ├── [util.go:257       util.go:257   ]  PreconditionLeaf | github.com/joeycumines/go-pabt.newConditionNode[...].func1
            │       │   │       │   └── [graph_test.go:119 util.go:537    pre:s5 post:sg]  ActionNode | github.com/joeycumines/go-pabt.(*node[...]).generateAction.wrapActionNodeHandleSetRunning.func2.
1
            │       │   │       └── [util.go:142       sequence.go:21]  ActionRoot | github.com/joeycumines/go-behaviortree.Sequence
            │       │   │           ├── [util.go:257       util.go:257   ]  PreconditionLeaf | github.com/joeycumines/go-pabt.newConditionNode[...].func1
            │       │   │           └── [graph_test.go:119 util.go:537    pre:s3 post:sg]  ActionNode | github.com/joeycumines/go-pabt.(*node[...]).generateAction.wrapActionNodeHandleSetRunning.func2.
1
            │       │   └── [graph_test.go:119 util.go:537    pre:sg post:s3]  ActionNode | github.com/joeycumines/go-pabt.(*node[...]).generateAction.wrapActionNodeHandleSetRunning.func2.1
            │       ├── [util.go:142       sequence.go:21]  ActionRoot | github.com/joeycumines/go-behaviortree.Sequence
            │       │   ├── [util.go:142       selector.go:21]  PPARoot | github.com/joeycumines/go-behaviortree.Selector
            │       │   │   ├── [util.go:257       util.go:257   ]  Unknown | github.com/joeycumines/go-pabt.newConditionNode[...].func1
            │       │   │   └── [util.go:142       memorize.go:34]  Unknown | github.com/joeycumines/go-pabt.(*precondition[...]).expand.Memorize.func1
            │       │   │       ├── [util.go:142       sequence.go:21]  ActionRoot | github.com/joeycumines/go-behaviortree.Sequence
            │       │   │       │   ├── [util.go:257       util.go:257   ]  PreconditionLeaf | github.com/joeycumines/go-pabt.newConditionNode[...].func1
            │       │   │       │   └── [graph_test.go:119 util.go:537    pre:s5 post:s4]  ActionNode | github.com/joeycumines/go-pabt.(*node[...]).generateAction.wrapActionNodeHandleSetRunning.func2.
1
            │       │   │       ├── [util.go:142       sequence.go:21]  ActionRoot | github.com/joeycumines/go-behaviortree.Sequence
            │       │   │       │   ├── [util.go:257       util.go:257   ]  PreconditionLeaf | github.com/joeycumines/go-pabt.newConditionNode[...].func1
            │       │   │       │   └── [graph_test.go:119 util.go:537    pre:s3 post:s4]  ActionNode | github.com/joeycumines/go-pabt.(*node[...]).generateAction.wrapActionNodeHandleSetRunning.func2.
1
            │       │   │       └── [util.go:142       sequence.go:21]  ActionRoot | github.com/joeycumines/go-behaviortree.Sequence
            │       │   │           ├── [util.go:257       util.go:257   ]  PreconditionLeaf | github.com/joeycumines/go-pabt.newConditionNode[...].func1
            │       │   │           └── [graph_test.go:119 util.go:537    pre:s1 post:s4]  ActionNode | github.com/joeycumines/go-pabt.(*node[...]).generateAction.wrapActionNodeHandleSetRunning.func2.
1
            │       │   └── [graph_test.go:119 util.go:537    pre:s4 post:s3]  ActionNode | github.com/joeycumines/go-pabt.(*node[...]).generateAction.wrapActionNodeHandleSetRunning.func2.1
            │       └── [util.go:142       sequence.go:21]  ActionRoot | github.com/joeycumines/go-behaviortree.Sequence
            │           ├── [util.go:257       util.go:257   ]  PreconditionLeaf | github.com/joeycumines/go-pabt.newConditionNode[...].func1
            │           └── [graph_test.go:119 util.go:537    pre:s1 post:s3]  ActionNode | github.com/joeycumines/go-pabt.(*node[...]).generateAction.wrapActionNodeHandleSetRunning.func2.1
            └── [graph_test.go:119 util.go:537    pre:s3 post:sg]  ActionNode | github.com/joeycumines/go-pabt.(*node[...]).generateAction.wrapActionNodeHandleSetRunning.func2.1

iteration = 9, status = running, err = <nil>, actor = s0
[pabt.go:215       pabt.go:247   ]  GoalRoot | github.com/joeycumines/go-pabt.(*Plan[...]).bt.func2
└── [util.go:142       selector.go:21]  PPARoot | github.com/joeycumines/go-behaviortree.Selector
    ├── [util.go:257       util.go:257   ]  Unknown | github.com/joeycumines/go-pabt.newConditionNode[...].func1
    └── [util.go:142       memorize.go:34]  Unknown | github.com/joeycumines/go-pabt.(*precondition[...]).expand.Memorize.func1
        ├── [util.go:142       sequence.go:21]  ActionRoot | github.com/joeycumines/go-behaviortree.Sequence
        │   ├── [util.go:142       selector.go:21]  PPARoot | github.com/joeycumines/go-behaviortree.Selector
        │   │   ├── [util.go:257       util.go:257   ]  Unknown | github.com/joeycumines/go-pabt.newConditionNode[...].func1
        │   │   └── [util.go:142       memorize.go:34]  Unknown | github.com/joeycumines/go-pabt.(*precondition[...]).expand.Memorize.func1
        │   │       ├── [util.go:142       sequence.go:21]  ActionRoot | github.com/joeycumines/go-behaviortree.Sequence
        │   │       │   ├── [util.go:142       selector.go:21]  PPARoot | github.com/joeycumines/go-behaviortree.Selector
        │   │       │   │   ├── [util.go:257       util.go:257   ]  Unknown | github.com/joeycumines/go-pabt.newConditionNode[...].func1
        │   │       │   │   └── [util.go:142       memorize.go:34]  Unknown | github.com/joeycumines/go-pabt.(*precondition[...]).expand.Memorize.func1
        │   │       │   │       ├── [util.go:142       sequence.go:21]  ActionRoot | github.com/joeycumines/go-behaviortree.Sequence
        │   │       │   │       │   ├── [util.go:257       util.go:257   ]  PreconditionLeaf | github.com/joeycumines/go-pabt.newConditionNode[...].func1
        │   │       │   │       │   └── [graph_test.go:119 util.go:537    pre:s5 post:sg]  ActionNode | github.com/joeycumines/go-pabt.(*node[...]).generateAction.wrapActionNodeHandleSetRunning.func2.
1
        │   │       │   │       └── [util.go:142       sequence.go:21]  ActionRoot | github.com/joeycumines/go-behaviortree.Sequence
        │   │       │   │           ├── [util.go:257       util.go:257   ]  PreconditionLeaf | github.com/joeycumines/go-pabt.newConditionNode[...].func1
        │   │       │   │           └── [graph_test.go:119 util.go:537    pre:s3 post:sg]  ActionNode | github.com/joeycumines/go-pabt.(*node[...]).generateAction.wrapActionNodeHandleSetRunning.func2.
1
        │   │       │   └── [graph_test.go:119 util.go:537    pre:sg post:s5]  ActionNode | github.com/joeycumines/go-pabt.(*node[...]).generateAction.wrapActionNodeHandleSetRunning.func2.1
        │   │       ├── [util.go:142       sequence.go:21]  ActionRoot | github.com/joeycumines/go-behaviortree.Sequence
        │   │       │   ├── [util.go:142       selector.go:21]  PPARoot | github.com/joeycumines/go-behaviortree.Selector
        │   │       │   │   ├── [util.go:257       util.go:257   ]  Unknown | github.com/joeycumines/go-pabt.newConditionNode[...].func1
        │   │       │   │   └── [util.go:142       memorize.go:34]  Unknown | github.com/joeycumines/go-pabt.(*precondition[...]).expand.Memorize.func1
        │   │       │   │       ├── [util.go:142       sequence.go:21]  ActionRoot | github.com/joeycumines/go-behaviortree.Sequence
        │   │       │   │       │   ├── [util.go:257       util.go:257   ]  PreconditionLeaf | github.com/joeycumines/go-pabt.newConditionNode[...].func1
        │   │       │   │       │   └── [graph_test.go:119 util.go:537    pre:s5 post:s4]  ActionNode | github.com/joeycumines/go-pabt.(*node[...]).generateAction.wrapActionNodeHandleSetRunning.func2.
1
        │   │       │   │       ├── [util.go:142       sequence.go:21]  ActionRoot | github.com/joeycumines/go-behaviortree.Sequence
        │   │       │   │       │   ├── [util.go:257       util.go:257   ]  PreconditionLeaf | github.com/joeycumines/go-pabt.newConditionNode[...].func1
        │   │       │   │       │   └── [graph_test.go:119 util.go:537    pre:s3 post:s4]  ActionNode | github.com/joeycumines/go-pabt.(*node[...]).generateAction.wrapActionNodeHandleSetRunning.func2.
1
        │   │       │   │       └── [util.go:142       sequence.go:21]  ActionRoot | github.com/joeycumines/go-behaviortree.Sequence
        │   │       │   │           ├── [util.go:257       util.go:257   ]  PreconditionLeaf | github.com/joeycumines/go-pabt.newConditionNode[...].func1
        │   │       │   │           └── [graph_test.go:119 util.go:537    pre:s1 post:s4]  ActionNode | github.com/joeycumines/go-pabt.(*node[...]).generateAction.wrapActionNodeHandleSetRunning.func2.
1
        │   │       │   └── [graph_test.go:119 util.go:537    pre:s4 post:s5]  ActionNode | github.com/joeycumines/go-pabt.(*node[...]).generateAction.wrapActionNodeHandleSetRunning.func2.1
        │   │       └── [util.go:142       sequence.go:21]  ActionRoot | github.com/joeycumines/go-behaviortree.Sequence
        │   │           ├── [util.go:142       selector.go:21]  PPARoot | github.com/joeycumines/go-behaviortree.Selector
        │   │           │   ├── [util.go:257       util.go:257   ]  Unknown | github.com/joeycumines/go-pabt.newConditionNode[...].func1
        │   │           │   └── [util.go:142       memorize.go:34]  Unknown | github.com/joeycumines/go-pabt.(*precondition[...]).expand.Memorize.func1
        │   │           │       ├── [util.go:142       sequence.go:21]  ActionRoot | github.com/joeycumines/go-behaviortree.Sequence
        │   │           │       │   ├── [util.go:257       util.go:257   ]  PreconditionLeaf | github.com/joeycumines/go-pabt.newConditionNode[...].func1
        │   │           │       │   └── [graph_test.go:119 util.go:537    pre:s5 post:s2]  ActionNode | github.com/joeycumines/go-pabt.(*node[...]).generateAction.wrapActionNodeHandleSetRunning.func2.
1
        │   │           │       └── [util.go:142       sequence.go:21]  ActionRoot | github.com/joeycumines/go-behaviortree.Sequence
        │   │           │           ├── [util.go:257       util.go:257   ]  PreconditionLeaf | github.com/joeycumines/go-pabt.newConditionNode[...].func1
        │   │           │           └── [graph_test.go:119 util.go:537    pre:s1 post:s2]  ActionNode | github.com/joeycumines/go-pabt.(*node[...]).generateAction.wrapActionNodeHandleSetRunning.func2.
1
        │   │           └── [graph_test.go:119 util.go:537    pre:s2 post:s5]  ActionNode | github.com/joeycumines/go-pabt.(*node[...]).generateAction.wrapActionNodeHandleSetRunning.func2.1
        │   └── [graph_test.go:119 util.go:537    pre:s5 post:sg]  ActionNode | github.com/joeycumines/go-pabt.(*node[...]).generateAction.wrapActionNodeHandleSetRunning.func2.1
        └── [util.go:142       sequence.go:21]  ActionRoot | github.com/joeycumines/go-behaviortree.Sequence
            ├── [util.go:142       selector.go:21]  PPARoot | github.com/joeycumines/go-behaviortree.Selector
            │   ├── [util.go:257       util.go:257   ]  Unknown | github.com/joeycumines/go-pabt.newConditionNode[...].func1
            │   └── [util.go:142       memorize.go:34]  Unknown | github.com/joeycumines/go-pabt.(*precondition[...]).expand.Memorize.func1
            │       ├── [util.go:142       sequence.go:21]  ActionRoot | github.com/joeycumines/go-behaviortree.Sequence
            │       │   ├── [util.go:142       selector.go:21]  PPARoot | github.com/joeycumines/go-behaviortree.Selector
            │       │   │   ├── [util.go:257       util.go:257   ]  Unknown | github.com/joeycumines/go-pabt.newConditionNode[...].func1
            │       │   │   └── [util.go:142       memorize.go:34]  Unknown | github.com/joeycumines/go-pabt.(*precondition[...]).expand.Memorize.func1
            │       │   │       ├── [util.go:142       sequence.go:21]  ActionRoot | github.com/joeycumines/go-behaviortree.Sequence
            │       │   │       │   ├── [util.go:257       util.go:257   ]  PreconditionLeaf | github.com/joeycumines/go-pabt.newConditionNode[...].func1
            │       │   │       │   └── [graph_test.go:119 util.go:537    pre:s5 post:sg]  ActionNode | github.com/joeycumines/go-pabt.(*node[...]).generateAction.wrapActionNodeHandleSetRunning.func2.
1
            │       │   │       └── [util.go:142       sequence.go:21]  ActionRoot | github.com/joeycumines/go-behaviortree.Sequence
            │       │   │           ├── [util.go:257       util.go:257   ]  PreconditionLeaf | github.com/joeycumines/go-pabt.newConditionNode[...].func1
            │       │   │           └── [graph_test.go:119 util.go:537    pre:s3 post:sg]  ActionNode | github.com/joeycumines/go-pabt.(*node[...]).generateAction.wrapActionNodeHandleSetRunning.func2.
1
            │       │   └── [graph_test.go:119 util.go:537    pre:sg post:s3]  ActionNode | github.com/joeycumines/go-pabt.(*node[...]).generateAction.wrapActionNodeHandleSetRunning.func2.1
            │       ├── [util.go:142       sequence.go:21]  ActionRoot | github.com/joeycumines/go-behaviortree.Sequence
            │       │   ├── [util.go:142       selector.go:21]  PPARoot | github.com/joeycumines/go-behaviortree.Selector
            │       │   │   ├── [util.go:257       util.go:257   ]  Unknown | github.com/joeycumines/go-pabt.newConditionNode[...].func1
            │       │   │   └── [util.go:142       memorize.go:34]  Unknown | github.com/joeycumines/go-pabt.(*precondition[...]).expand.Memorize.func1
            │       │   │       ├── [util.go:142       sequence.go:21]  ActionRoot | github.com/joeycumines/go-behaviortree.Sequence
            │       │   │       │   ├── [util.go:257       util.go:257   ]  PreconditionLeaf | github.com/joeycumines/go-pabt.newConditionNode[...].func1
            │       │   │       │   └── [graph_test.go:119 util.go:537    pre:s5 post:s4]  ActionNode | github.com/joeycumines/go-pabt.(*node[...]).generateAction.wrapActionNodeHandleSetRunning.func2.
1
            │       │   │       ├── [util.go:142       sequence.go:21]  ActionRoot | github.com/joeycumines/go-behaviortree.Sequence
            │       │   │       │   ├── [util.go:257       util.go:257   ]  PreconditionLeaf | github.com/joeycumines/go-pabt.newConditionNode[...].func1
            │       │   │       │   └── [graph_test.go:119 util.go:537    pre:s3 post:s4]  ActionNode | github.com/joeycumines/go-pabt.(*node[...]).generateAction.wrapActionNodeHandleSetRunning.func2.
1
            │       │   │       └── [util.go:142       sequence.go:21]  ActionRoot | github.com/joeycumines/go-behaviortree.Sequence
            │       │   │           ├── [util.go:257       util.go:257   ]  PreconditionLeaf | github.com/joeycumines/go-pabt.newConditionNode[...].func1
            │       │   │           └── [graph_test.go:119 util.go:537    pre:s1 post:s4]  ActionNode | github.com/joeycumines/go-pabt.(*node[...]).generateAction.wrapActionNodeHandleSetRunning.func2.
1
            │       │   └── [graph_test.go:119 util.go:537    pre:s4 post:s3]  ActionNode | github.com/joeycumines/go-pabt.(*node[...]).generateAction.wrapActionNodeHandleSetRunning.func2.1
            │       └── [util.go:142       sequence.go:21]  ActionRoot | github.com/joeycumines/go-behaviortree.Sequence
            │           ├── [util.go:142       selector.go:21]  PPARoot | github.com/joeycumines/go-behaviortree.Selector
            │           │   ├── [util.go:257       util.go:257   ]  Unknown | github.com/joeycumines/go-pabt.newConditionNode[...].func1
            │           │   └── [util.go:142       memorize.go:34]  Unknown | github.com/joeycumines/go-pabt.(*precondition[...]).expand.Memorize.func1
            │           │       ├── [util.go:142       sequence.go:21]  ActionRoot | github.com/joeycumines/go-behaviortree.Sequence
            │           │       │   ├── [util.go:257       util.go:257   ]  PreconditionLeaf | github.com/joeycumines/go-pabt.newConditionNode[...].func1
            │           │       │   └── [graph_test.go:119 util.go:537    pre:s4 post:s1]  ActionNode | github.com/joeycumines/go-pabt.(*node[...]).generateAction.wrapActionNodeHandleSetRunning.func2.
1
            │           │       ├── [util.go:142       sequence.go:21]  ActionRoot | github.com/joeycumines/go-behaviortree.Sequence
            │           │       │   ├── [util.go:257       util.go:257   ]  PreconditionLeaf | github.com/joeycumines/go-pabt.newConditionNode[...].func1
            │           │       │   └── [graph_test.go:119 util.go:537    pre:s3 post:s1]  ActionNode | github.com/joeycumines/go-pabt.(*node[...]).generateAction.wrapActionNodeHandleSetRunning.func2.
1
            │           │       ├── [util.go:142       sequence.go:21]  ActionRoot | github.com/joeycumines/go-behaviortree.Sequence
            │           │       │   ├── [util.go:257       util.go:257   ]  PreconditionLeaf | github.com/joeycumines/go-pabt.newConditionNode[...].func1
            │           │       │   └── [graph_test.go:119 util.go:537    pre:s2 post:s1]  ActionNode | github.com/joeycumines/go-pabt.(*node[...]).generateAction.wrapActionNodeHandleSetRunning.func2.
1
            │           │       └── [util.go:142       sequence.go:21]  ActionRoot | github.com/joeycumines/go-behaviortree.Sequence
            │           │           ├── [util.go:257       util.go:257   ]  PreconditionLeaf | github.com/joeycumines/go-pabt.newConditionNode[...].func1
            │           │           └── [graph_test.go:119 util.go:537    pre:s0 post:s1]  ActionNode | github.com/joeycumines/go-pabt.(*node[...]).generateAction.wrapActionNodeHandleSetRunning.func2.
1
            │           └── [graph_test.go:119 util.go:537    pre:s1 post:s3]  ActionNode | github.com/joeycumines/go-pabt.(*node[...]).generateAction.wrapActionNodeHandleSetRunning.func2.1
            └── [graph_test.go:119 util.go:537    pre:s3 post:sg]  ActionNode | github.com/joeycumines/go-pabt.(*node[...]).generateAction.wrapActionNodeHandleSetRunning.func2.1

actor s0 -> s1

actor s1 -> s3

actor s3 -> sg

iteration = 10, status = success, err = <nil>, actor = sg
[pabt.go:215       pabt.go:247   ]  GoalRoot | github.com/joeycumines/go-pabt.(*Plan[...]).bt.func2
└── [util.go:142       selector.go:21]  PPARoot | github.com/joeycumines/go-behaviortree.Selector
    ├── [util.go:257       util.go:257   ]  Unknown | github.com/joeycumines/go-pabt.newConditionNode[...].func1
    └── [util.go:142       memorize.go:34]  Unknown | github.com/joeycumines/go-pabt.(*precondition[...]).expand.Memorize.func1
        ├── [util.go:142       sequence.go:21]  ActionRoot | github.com/joeycumines/go-behaviortree.Sequence
        │   ├── [util.go:142       selector.go:21]  PPARoot | github.com/joeycumines/go-behaviortree.Selector
        │   │   ├── [util.go:257       util.go:257   ]  Unknown | github.com/joeycumines/go-pabt.newConditionNode[...].func1
        │   │   └── [util.go:142       memorize.go:34]  Unknown | github.com/joeycumines/go-pabt.(*precondition[...]).expand.Memorize.func1
        │   │       ├── [util.go:142       sequence.go:21]  ActionRoot | github.com/joeycumines/go-behaviortree.Sequence
        │   │       │   ├── [util.go:142       selector.go:21]  PPARoot | github.com/joeycumines/go-behaviortree.Selector
        │   │       │   │   ├── [util.go:257       util.go:257   ]  Unknown | github.com/joeycumines/go-pabt.newConditionNode[...].func1
        │   │       │   │   └── [util.go:142       memorize.go:34]  Unknown | github.com/joeycumines/go-pabt.(*precondition[...]).expand.Memorize.func1
        │   │       │   │       ├── [util.go:142       sequence.go:21]  ActionRoot | github.com/joeycumines/go-behaviortree.Sequence
        │   │       │   │       │   ├── [util.go:257       util.go:257   ]  PreconditionLeaf | github.com/joeycumines/go-pabt.newConditionNode[...].func1
        │   │       │   │       │   └── [graph_test.go:119 util.go:537    pre:s5 post:sg]  ActionNode | github.com/joeycumines/go-pabt.(*node[...]).generateAction.wrapActionNodeHandleSetRunning.func2.
1
        │   │       │   │       └── [util.go:142       sequence.go:21]  ActionRoot | github.com/joeycumines/go-behaviortree.Sequence
        │   │       │   │           ├── [util.go:257       util.go:257   ]  PreconditionLeaf | github.com/joeycumines/go-pabt.newConditionNode[...].func1
        │   │       │   │           └── [graph_test.go:119 util.go:537    pre:s3 post:sg]  ActionNode | github.com/joeycumines/go-pabt.(*node[...]).generateAction.wrapActionNodeHandleSetRunning.func2.
1
        │   │       │   └── [graph_test.go:119 util.go:537    pre:sg post:s5]  ActionNode | github.com/joeycumines/go-pabt.(*node[...]).generateAction.wrapActionNodeHandleSetRunning.func2.1
        │   │       ├── [util.go:142       sequence.go:21]  ActionRoot | github.com/joeycumines/go-behaviortree.Sequence
        │   │       │   ├── [util.go:142       selector.go:21]  PPARoot | github.com/joeycumines/go-behaviortree.Selector
        │   │       │   │   ├── [util.go:257       util.go:257   ]  Unknown | github.com/joeycumines/go-pabt.newConditionNode[...].func1
        │   │       │   │   └── [util.go:142       memorize.go:34]  Unknown | github.com/joeycumines/go-pabt.(*precondition[...]).expand.Memorize.func1
        │   │       │   │       ├── [util.go:142       sequence.go:21]  ActionRoot | github.com/joeycumines/go-behaviortree.Sequence
        │   │       │   │       │   ├── [util.go:257       util.go:257   ]  PreconditionLeaf | github.com/joeycumines/go-pabt.newConditionNode[...].func1
        │   │       │   │       │   └── [graph_test.go:119 util.go:537    pre:s5 post:s4]  ActionNode | github.com/joeycumines/go-pabt.(*node[...]).generateAction.wrapActionNodeHandleSetRunning.func2.
1
        │   │       │   │       ├── [util.go:142       sequence.go:21]  ActionRoot | github.com/joeycumines/go-behaviortree.Sequence
        │   │       │   │       │   ├── [util.go:257       util.go:257   ]  PreconditionLeaf | github.com/joeycumines/go-pabt.newConditionNode[...].func1
        │   │       │   │       │   └── [graph_test.go:119 util.go:537    pre:s3 post:s4]  ActionNode | github.com/joeycumines/go-pabt.(*node[...]).generateAction.wrapActionNodeHandleSetRunning.func2.
1
        │   │       │   │       └── [util.go:142       sequence.go:21]  ActionRoot | github.com/joeycumines/go-behaviortree.Sequence
        │   │       │   │           ├── [util.go:257       util.go:257   ]  PreconditionLeaf | github.com/joeycumines/go-pabt.newConditionNode[...].func1
        │   │       │   │           └── [graph_test.go:119 util.go:537    pre:s1 post:s4]  ActionNode | github.com/joeycumines/go-pabt.(*node[...]).generateAction.wrapActionNodeHandleSetRunning.func2.
1
        │   │       │   └── [graph_test.go:119 util.go:537    pre:s4 post:s5]  ActionNode | github.com/joeycumines/go-pabt.(*node[...]).generateAction.wrapActionNodeHandleSetRunning.func2.1
        │   │       └── [util.go:142       sequence.go:21]  ActionRoot | github.com/joeycumines/go-behaviortree.Sequence
        │   │           ├── [util.go:142       selector.go:21]  PPARoot | github.com/joeycumines/go-behaviortree.Selector
        │   │           │   ├── [util.go:257       util.go:257   ]  Unknown | github.com/joeycumines/go-pabt.newConditionNode[...].func1
        │   │           │   └── [util.go:142       memorize.go:34]  Unknown | github.com/joeycumines/go-pabt.(*precondition[...]).expand.Memorize.func1
        │   │           │       ├── [util.go:142       sequence.go:21]  ActionRoot | github.com/joeycumines/go-behaviortree.Sequence
        │   │           │       │   ├── [util.go:257       util.go:257   ]  PreconditionLeaf | github.com/joeycumines/go-pabt.newConditionNode[...].func1
        │   │           │       │   └── [graph_test.go:119 util.go:537    pre:s5 post:s2]  ActionNode | github.com/joeycumines/go-pabt.(*node[...]).generateAction.wrapActionNodeHandleSetRunning.func2.
1
        │   │           │       └── [util.go:142       sequence.go:21]  ActionRoot | github.com/joeycumines/go-behaviortree.Sequence
        │   │           │           ├── [util.go:257       util.go:257   ]  PreconditionLeaf | github.com/joeycumines/go-pabt.newConditionNode[...].func1
        │   │           │           └── [graph_test.go:119 util.go:537    pre:s1 post:s2]  ActionNode | github.com/joeycumines/go-pabt.(*node[...]).generateAction.wrapActionNodeHandleSetRunning.func2.
1
        │   │           └── [graph_test.go:119 util.go:537    pre:s2 post:s5]  ActionNode | github.com/joeycumines/go-pabt.(*node[...]).generateAction.wrapActionNodeHandleSetRunning.func2.1
        │   └── [graph_test.go:119 util.go:537    pre:s5 post:sg]  ActionNode | github.com/joeycumines/go-pabt.(*node[...]).generateAction.wrapActionNodeHandleSetRunning.func2.1
        └── [util.go:142       sequence.go:21]  ActionRoot | github.com/joeycumines/go-behaviortree.Sequence
            ├── [util.go:142       selector.go:21]  PPARoot | github.com/joeycumines/go-behaviortree.Selector
            │   ├── [util.go:257       util.go:257   ]  Unknown | github.com/joeycumines/go-pabt.newConditionNode[...].func1
            │   └── [util.go:142       memorize.go:34]  Unknown | github.com/joeycumines/go-pabt.(*precondition[...]).expand.Memorize.func1
            │       ├── [util.go:142       sequence.go:21]  ActionRoot | github.com/joeycumines/go-behaviortree.Sequence
            │       │   ├── [util.go:142       selector.go:21]  PPARoot | github.com/joeycumines/go-behaviortree.Selector
            │       │   │   ├── [util.go:257       util.go:257   ]  Unknown | github.com/joeycumines/go-pabt.newConditionNode[...].func1
            │       │   │   └── [util.go:142       memorize.go:34]  Unknown | github.com/joeycumines/go-pabt.(*precondition[...]).expand.Memorize.func1
            │       │   │       ├── [util.go:142       sequence.go:21]  ActionRoot | github.com/joeycumines/go-behaviortree.Sequence
            │       │   │       │   ├── [util.go:257       util.go:257   ]  PreconditionLeaf | github.com/joeycumines/go-pabt.newConditionNode[...].func1
            │       │   │       │   └── [graph_test.go:119 util.go:537    pre:s5 post:sg]  ActionNode | github.com/joeycumines/go-pabt.(*node[...]).generateAction.wrapActionNodeHandleSetRunning.func2.
1
            │       │   │       └── [util.go:142       sequence.go:21]  ActionRoot | github.com/joeycumines/go-behaviortree.Sequence
            │       │   │           ├── [util.go:257       util.go:257   ]  PreconditionLeaf | github.com/joeycumines/go-pabt.newConditionNode[...].func1
            │       │   │           └── [graph_test.go:119 util.go:537    pre:s3 post:sg]  ActionNode | github.com/joeycumines/go-pabt.(*node[...]).generateAction.wrapActionNodeHandleSetRunning.func2.
1
            │       │   └── [graph_test.go:119 util.go:537    pre:sg post:s3]  ActionNode | github.com/joeycumines/go-pabt.(*node[...]).generateAction.wrapActionNodeHandleSetRunning.func2.1
            │       ├── [util.go:142       sequence.go:21]  ActionRoot | github.com/joeycumines/go-behaviortree.Sequence
            │       │   ├── [util.go:142       selector.go:21]  PPARoot | github.com/joeycumines/go-behaviortree.Selector
            │       │   │   ├── [util.go:257       util.go:257   ]  Unknown | github.com/joeycumines/go-pabt.newConditionNode[...].func1
            │       │   │   └── [util.go:142       memorize.go:34]  Unknown | github.com/joeycumines/go-pabt.(*precondition[...]).expand.Memorize.func1
            │       │   │       ├── [util.go:142       sequence.go:21]  ActionRoot | github.com/joeycumines/go-behaviortree.Sequence
            │       │   │       │   ├── [util.go:257       util.go:257   ]  PreconditionLeaf | github.com/joeycumines/go-pabt.newConditionNode[...].func1
            │       │   │       │   └── [graph_test.go:119 util.go:537    pre:s5 post:s4]  ActionNode | github.com/joeycumines/go-pabt.(*node[...]).generateAction.wrapActionNodeHandleSetRunning.func2.
1
            │       │   │       ├── [util.go:142       sequence.go:21]  ActionRoot | github.com/joeycumines/go-behaviortree.Sequence
            │       │   │       │   ├── [util.go:257       util.go:257   ]  PreconditionLeaf | github.com/joeycumines/go-pabt.newConditionNode[...].func1
            │       │   │       │   └── [graph_test.go:119 util.go:537    pre:s3 post:s4]  ActionNode | github.com/joeycumines/go-pabt.(*node[...]).generateAction.wrapActionNodeHandleSetRunning.func2.
1
            │       │   │       └── [util.go:142       sequence.go:21]  ActionRoot | github.com/joeycumines/go-behaviortree.Sequence
            │       │   │           ├── [util.go:257       util.go:257   ]  PreconditionLeaf | github.com/joeycumines/go-pabt.newConditionNode[...].func1
            │       │   │           └── [graph_test.go:119 util.go:537    pre:s1 post:s4]  ActionNode | github.com/joeycumines/go-pabt.(*node[...]).generateAction.wrapActionNodeHandleSetRunning.func2.
1
            │       │   └── [graph_test.go:119 util.go:537    pre:s4 post:s3]  ActionNode | github.com/joeycumines/go-pabt.(*node[...]).generateAction.wrapActionNodeHandleSetRunning.func2.1
            │       └── [util.go:142       sequence.go:21]  ActionRoot | github.com/joeycumines/go-behaviortree.Sequence
            │           ├── [util.go:142       selector.go:21]  PPARoot | github.com/joeycumines/go-behaviortree.Selector
            │           │   ├── [util.go:257       util.go:257   ]  Unknown | github.com/joeycumines/go-pabt.newConditionNode[...].func1
            │           │   └── [util.go:142       memorize.go:34]  Unknown | github.com/joeycumines/go-pabt.(*precondition[...]).expand.Memorize.func1
            │           │       ├── [util.go:142       sequence.go:21]  ActionRoot | github.com/joeycumines/go-behaviortree.Sequence
            │           │       │   ├── [util.go:257       util.go:257   ]  PreconditionLeaf | github.com/joeycumines/go-pabt.newConditionNode[...].func1
            │           │       │   └── [graph_test.go:119 util.go:537    pre:s4 post:s1]  ActionNode | github.com/joeycumines/go-pabt.(*node[...]).generateAction.wrapActionNodeHandleSetRunning.func2.
1
            │           │       ├── [util.go:142       sequence.go:21]  ActionRoot | github.com/joeycumines/go-behaviortree.Sequence
            │           │       │   ├── [util.go:257       util.go:257   ]  PreconditionLeaf | github.com/joeycumines/go-pabt.newConditionNode[...].func1
            │           │       │   └── [graph_test.go:119 util.go:537    pre:s3 post:s1]  ActionNode | github.com/joeycumines/go-pabt.(*node[...]).generateAction.wrapActionNodeHandleSetRunning.func2.
1
            │           │       ├── [util.go:142       sequence.go:21]  ActionRoot | github.com/joeycumines/go-behaviortree.Sequence
            │           │       │   ├── [util.go:257       util.go:257   ]  PreconditionLeaf | github.com/joeycumines/go-pabt.newConditionNode[...].func1
            │           │       │   └── [graph_test.go:119 util.go:537    pre:s2 post:s1]  ActionNode | github.com/joeycumines/go-pabt.(*node[...]).generateAction.wrapActionNodeHandleSetRunning.func2.
1
            │           │       └── [util.go:142       sequence.go:21]  ActionRoot | github.com/joeycumines/go-behaviortree.Sequence
            │           │           ├── [util.go:257       util.go:257   ]  PreconditionLeaf | github.com/joeycumines/go-pabt.newConditionNode[...].func1
            │           │           └── [graph_test.go:119 util.go:537    pre:s0 post:s1]  ActionNode | github.com/joeycumines/go-pabt.(*node[...]).generateAction.wrapActionNodeHandleSetRunning.func2.
1
            │           └── [graph_test.go:119 util.go:537    pre:s1 post:s3]  ActionNode | github.com/joeycumines/go-pabt.(*node[...]).generateAction.wrapActionNodeHandleSetRunning.func2.1
            └── [graph_test.go:119 util.go:537    pre:s3 post:sg]  ActionNode | github.com/joeycumines/go-pabt.(*node[...]).generateAction.wrapActionNodeHandleSetRunning.func2.1

iteration = 10, status = success, err = <nil>, actor = sg
DONE
want:
s0 -> s1
s1 -> s4, s3, s2, s0
s2 -> s5, s1
s3 -> sg, s4, s1
s4 -> s5, s3, s1
s5 -> sg, s4, s2
sg -> s5, s3
goal = sg
actor = s0

[pabt.go:215 pabt.go:247]  github.com/joeycumines/go-pabt.Example_graph.(*Plan[...]).Node.func3 | github.com/joeycumines/go-pabt.(*Plan[...]).bt.func2
└── [util.go:158 util.go:158]  github.com/joeycumines/go-pabt.newConditionNode[...] | github.com/joeycumines/go-pabt.newConditionNode[...].func1

iteration = 1, status = running, err = <nil>, actor = s0
[pabt.go:215       pabt.go:247   ]  github.com/joeycumines/go-pabt.Example_graph.(*Plan[...]).Node.func3 | github.com/joeycumines/go-pabt.(*Plan[...]).bt.func2
└── [util.go:140       selector.go:21]  github.com/joeycumines/go-pabt.(*node[...]).bt.func1 | github.com/joeycumines/go-behaviortree.Selector
    ├── [util.go:158       util.go:158   ]  github.com/joeycumines/go-pabt.newConditionNode[...] | github.com/joeycumines/go-pabt.newConditionNode[...].func1
    └── [util.go:140       memorize.go:34]  github.com/joeycumines/go-pabt.(*node[...]).bt.func1 | github.com/joeycumines/go-pabt.(*precondition[...]).expand.Memorize.func1
        ├── [util.go:140       sequence.go:21]  github.com/joeycumines/go-pabt.(*node[...]).bt.func1 | github.com/joeycumines/go-behaviortree.Sequence
        │   ├── [util.go:158       util.go:158   ]  github.com/joeycumines/go-pabt.newConditionNode[...] | github.com/joeycumines/go-pabt.newConditionNode[...].func1
        │   └── [graph_test.go:119 util.go:438    pre:s5 post:sg]  github.com/joeycumines/go-pabt.(*graphState).Actions | github.com/joeycumines/go-pabt.(*node[...]).generateAction.wrapActionNodeHandl
eSetRunning.func2.1
        └── [util.go:140       sequence.go:21]  github.com/joeycumines/go-pabt.(*node[...]).bt.func1 | github.com/joeycumines/go-behaviortree.Sequence
            ├── [util.go:158       util.go:158   ]  github.com/joeycumines/go-pabt.newConditionNode[...] | github.com/joeycumines/go-pabt.newConditionNode[...].func1
            └── [graph_test.go:119 util.go:438    pre:s3 post:sg]  github.com/joeycumines/go-pabt.(*graphState).Actions | github.com/joeycumines/go-pabt.(*node[...]).generateAction.wrapActionNodeHandl
eSetRunning.func2.1

iteration = 2, status = running, err = <nil>, actor = s0
[pabt.go:215       pabt.go:247   ]  github.com/joeycumines/go-pabt.Example_graph.(*Plan[...]).Node.func3 | github.com/joeycumines/go-pabt.(*Plan[...]).bt.func2
└── [util.go:140       selector.go:21]  github.com/joeycumines/go-pabt.(*node[...]).bt.func1 | github.com/joeycumines/go-behaviortree.Selector
    ├── [util.go:158       util.go:158   ]  github.com/joeycumines/go-pabt.newConditionNode[...] | github.com/joeycumines/go-pabt.newConditionNode[...].func1
    └── [util.go:140       memorize.go:34]  github.com/joeycumines/go-pabt.(*node[...]).bt.func1 | github.com/joeycumines/go-pabt.(*precondition[...]).expand.Memorize.func1
        ├── [util.go:140       sequence.go:21]  github.com/joeycumines/go-pabt.(*node[...]).bt.func1 | github.com/joeycumines/go-behaviortree.Sequence
        │   ├── [util.go:140       selector.go:21]  github.com/joeycumines/go-pabt.(*node[...]).bt.func1 | github.com/joeycumines/go-behaviortree.Selector
        │   │   ├── [util.go:158       util.go:158   ]  github.com/joeycumines/go-pabt.newConditionNode[...] | github.com/joeycumines/go-pabt.newConditionNode[...].func1
        │   │   └── [util.go:140       memorize.go:34]  github.com/joeycumines/go-pabt.(*node[...]).bt.func1 | github.com/joeycumines/go-pabt.(*precondition[...]).expand.Memorize.func1
        │   │       ├── [util.go:140       sequence.go:21]  github.com/joeycumines/go-pabt.(*node[...]).bt.func1 | github.com/joeycumines/go-behaviortree.Sequence
        │   │       │   ├── [util.go:158       util.go:158   ]  github.com/joeycumines/go-pabt.newConditionNode[...] | github.com/joeycumines/go-pabt.newConditionNode[...].func1
        │   │       │   └── [graph_test.go:119 util.go:438    pre:sg post:s5]  github.com/joeycumines/go-pabt.(*graphState).Actions | github.com/joeycumines/go-pabt.(*node[...]).generateAction.wrapAct
ionNodeHandleSetRunning.func2.1
        │   │       ├── [util.go:140       sequence.go:21]  github.com/joeycumines/go-pabt.(*node[...]).bt.func1 | github.com/joeycumines/go-behaviortree.Sequence
        │   │       │   ├── [util.go:158       util.go:158   ]  github.com/joeycumines/go-pabt.newConditionNode[...] | github.com/joeycumines/go-pabt.newConditionNode[...].func1
        │   │       │   └── [graph_test.go:119 util.go:438    pre:s4 post:s5]  github.com/joeycumines/go-pabt.(*graphState).Actions | github.com/joeycumines/go-pabt.(*node[...]).generateAction.wrapAct
ionNodeHandleSetRunning.func2.1
        │   │       └── [util.go:140       sequence.go:21]  github.com/joeycumines/go-pabt.(*node[...]).bt.func1 | github.com/joeycumines/go-behaviortree.Sequence
        │   │           ├── [util.go:158       util.go:158   ]  github.com/joeycumines/go-pabt.newConditionNode[...] | github.com/joeycumines/go-pabt.newConditionNode[...].func1
        │   │           └── [graph_test.go:119 util.go:438    pre:s2 post:s5]  github.com/joeycumines/go-pabt.(*graphState).Actions | github.com/joeycumines/go-pabt.(*node[...]).generateAction.wrapAct
ionNodeHandleSetRunning.func2.1
        │   └── [graph_test.go:119 util.go:438    pre:s5 post:sg]  github.com/joeycumines/go-pabt.(*graphState).Actions | github.com/joeycumines/go-pabt.(*node[...]).generateAction.wrapActionNodeHandl
eSetRunning.func2.1
        └── [util.go:140       sequence.go:21]  github.com/joeycumines/go-pabt.(*node[...]).bt.func1 | github.com/joeycumines/go-behaviortree.Sequence
            ├── [util.go:158       util.go:158   ]  github.com/joeycumines/go-pabt.newConditionNode[...] | github.com/joeycumines/go-pabt.newConditionNode[...].func1
            └── [graph_test.go:119 util.go:438    pre:s3 post:sg]  github.com/joeycumines/go-pabt.(*graphState).Actions | github.com/joeycumines/go-pabt.(*node[...]).generateAction.wrapActionNodeHandl
eSetRunning.func2.1

iteration = 3, status = running, err = <nil>, actor = s0
[pabt.go:215       pabt.go:247   ]  github.com/joeycumines/go-pabt.Example_graph.(*Plan[...]).Node.func3 | github.com/joeycumines/go-pabt.(*Plan[...]).bt.func2
└── [util.go:140       selector.go:21]  github.com/joeycumines/go-pabt.(*node[...]).bt.func1 | github.com/joeycumines/go-behaviortree.Selector
    ├── [util.go:158       util.go:158   ]  github.com/joeycumines/go-pabt.newConditionNode[...] | github.com/joeycumines/go-pabt.newConditionNode[...].func1
    └── [util.go:140       memorize.go:34]  github.com/joeycumines/go-pabt.(*node[...]).bt.func1 | github.com/joeycumines/go-pabt.(*precondition[...]).expand.Memorize.func1
        ├── [util.go:140       sequence.go:21]  github.com/joeycumines/go-pabt.(*node[...]).bt.func1 | github.com/joeycumines/go-behaviortree.Sequence
        │   ├── [util.go:140       selector.go:21]  github.com/joeycumines/go-pabt.(*node[...]).bt.func1 | github.com/joeycumines/go-behaviortree.Selector
        │   │   ├── [util.go:158       util.go:158   ]  github.com/joeycumines/go-pabt.newConditionNode[...] | github.com/joeycumines/go-pabt.newConditionNode[...].func1
        │   │   └── [util.go:140       memorize.go:34]  github.com/joeycumines/go-pabt.(*node[...]).bt.func1 | github.com/joeycumines/go-pabt.(*precondition[...]).expand.Memorize.func1
        │   │       ├── [util.go:140       sequence.go:21]  github.com/joeycumines/go-pabt.(*node[...]).bt.func1 | github.com/joeycumines/go-behaviortree.Sequence
        │   │       │   ├── [util.go:158       util.go:158   ]  github.com/joeycumines/go-pabt.newConditionNode[...] | github.com/joeycumines/go-pabt.newConditionNode[...].func1
        │   │       │   └── [graph_test.go:119 util.go:438    pre:sg post:s5]  github.com/joeycumines/go-pabt.(*graphState).Actions | github.com/joeycumines/go-pabt.(*node[...]).generateAction.wrapAct
ionNodeHandleSetRunning.func2.1
        │   │       ├── [util.go:140       sequence.go:21]  github.com/joeycumines/go-pabt.(*node[...]).bt.func1 | github.com/joeycumines/go-behaviortree.Sequence
        │   │       │   ├── [util.go:158       util.go:158   ]  github.com/joeycumines/go-pabt.newConditionNode[...] | github.com/joeycumines/go-pabt.newConditionNode[...].func1
        │   │       │   └── [graph_test.go:119 util.go:438    pre:s4 post:s5]  github.com/joeycumines/go-pabt.(*graphState).Actions | github.com/joeycumines/go-pabt.(*node[...]).generateAction.wrapAct
ionNodeHandleSetRunning.func2.1
        │   │       └── [util.go:140       sequence.go:21]  github.com/joeycumines/go-pabt.(*node[...]).bt.func1 | github.com/joeycumines/go-behaviortree.Sequence
        │   │           ├── [util.go:158       util.go:158   ]  github.com/joeycumines/go-pabt.newConditionNode[...] | github.com/joeycumines/go-pabt.newConditionNode[...].func1
        │   │           └── [graph_test.go:119 util.go:438    pre:s2 post:s5]  github.com/joeycumines/go-pabt.(*graphState).Actions | github.com/joeycumines/go-pabt.(*node[...]).generateAction.wrapAct
ionNodeHandleSetRunning.func2.1
        │   └── [graph_test.go:119 util.go:438    pre:s5 post:sg]  github.com/joeycumines/go-pabt.(*graphState).Actions | github.com/joeycumines/go-pabt.(*node[...]).generateAction.wrapActionNodeHandl
eSetRunning.func2.1
        └── [util.go:140       sequence.go:21]  github.com/joeycumines/go-pabt.(*node[...]).bt.func1 | github.com/joeycumines/go-behaviortree.Sequence
            ├── [util.go:140       selector.go:21]  github.com/joeycumines/go-pabt.(*node[...]).bt.func1 | github.com/joeycumines/go-behaviortree.Selector
            │   ├── [util.go:158       util.go:158   ]  github.com/joeycumines/go-pabt.newConditionNode[...] | github.com/joeycumines/go-pabt.newConditionNode[...].func1
            │   └── [util.go:140       memorize.go:34]  github.com/joeycumines/go-pabt.(*node[...]).bt.func1 | github.com/joeycumines/go-pabt.(*precondition[...]).expand.Memorize.func1
            │       ├── [util.go:140       sequence.go:21]  github.com/joeycumines/go-pabt.(*node[...]).bt.func1 | github.com/joeycumines/go-behaviortree.Sequence
            │       │   ├── [util.go:158       util.go:158   ]  github.com/joeycumines/go-pabt.newConditionNode[...] | github.com/joeycumines/go-pabt.newConditionNode[...].func1
            │       │   └── [graph_test.go:119 util.go:438    pre:sg post:s3]  github.com/joeycumines/go-pabt.(*graphState).Actions | github.com/joeycumines/go-pabt.(*node[...]).generateAction.wrapAct
ionNodeHandleSetRunning.func2.1
            │       ├── [util.go:140       sequence.go:21]  github.com/joeycumines/go-pabt.(*node[...]).bt.func1 | github.com/joeycumines/go-behaviortree.Sequence
            │       │   ├── [util.go:158       util.go:158   ]  github.com/joeycumines/go-pabt.newConditionNode[...] | github.com/joeycumines/go-pabt.newConditionNode[...].func1
            │       │   └── [graph_test.go:119 util.go:438    pre:s4 post:s3]  github.com/joeycumines/go-pabt.(*graphState).Actions | github.com/joeycumines/go-pabt.(*node[...]).generateAction.wrapAct
ionNodeHandleSetRunning.func2.1
            │       └── [util.go:140       sequence.go:21]  github.com/joeycumines/go-pabt.(*node[...]).bt.func1 | github.com/joeycumines/go-behaviortree.Sequence
            │           ├── [util.go:158       util.go:158   ]  github.com/joeycumines/go-pabt.newConditionNode[...] | github.com/joeycumines/go-pabt.newConditionNode[...].func1
            │           └── [graph_test.go:119 util.go:438    pre:s1 post:s3]  github.com/joeycumines/go-pabt.(*graphState).Actions | github.com/joeycumines/go-pabt.(*node[...]).generateAction.wrapAct
ionNodeHandleSetRunning.func2.1
            └── [graph_test.go:119 util.go:438    pre:s3 post:sg]  github.com/joeycumines/go-pabt.(*graphState).Actions | github.com/joeycumines/go-pabt.(*node[...]).generateAction.wrapActionNodeHandl
eSetRunning.func2.1

iteration = 4, status = running, err = <nil>, actor = s0
[pabt.go:215       pabt.go:247   ]  github.com/joeycumines/go-pabt.Example_graph.(*Plan[...]).Node.func3 | github.com/joeycumines/go-pabt.(*Plan[...]).bt.func2
└── [util.go:140       selector.go:21]  github.com/joeycumines/go-pabt.(*node[...]).bt.func1 | github.com/joeycumines/go-behaviortree.Selector
    ├── [util.go:158       util.go:158   ]  github.com/joeycumines/go-pabt.newConditionNode[...] | github.com/joeycumines/go-pabt.newConditionNode[...].func1
    └── [util.go:140       memorize.go:34]  github.com/joeycumines/go-pabt.(*node[...]).bt.func1 | github.com/joeycumines/go-pabt.(*precondition[...]).expand.Memorize.func1
        ├── [util.go:140       sequence.go:21]  github.com/joeycumines/go-pabt.(*node[...]).bt.func1 | github.com/joeycumines/go-behaviortree.Sequence
        │   ├── [util.go:140       selector.go:21]  github.com/joeycumines/go-pabt.(*node[...]).bt.func1 | github.com/joeycumines/go-behaviortree.Selector
        │   │   ├── [util.go:158       util.go:158   ]  github.com/joeycumines/go-pabt.newConditionNode[...] | github.com/joeycumines/go-pabt.newConditionNode[...].func1
        │   │   └── [util.go:140       memorize.go:34]  github.com/joeycumines/go-pabt.(*node[...]).bt.func1 | github.com/joeycumines/go-pabt.(*precondition[...]).expand.Memorize.func1
        │   │       ├── [util.go:140       sequence.go:21]  github.com/joeycumines/go-pabt.(*node[...]).bt.func1 | github.com/joeycumines/go-behaviortree.Sequence
        │   │       │   ├── [util.go:140       selector.go:21]  github.com/joeycumines/go-pabt.(*node[...]).bt.func1 | github.com/joeycumines/go-behaviortree.Selector
        │   │       │   │   ├── [util.go:158       util.go:158   ]  github.com/joeycumines/go-pabt.newConditionNode[...] | github.com/joeycumines/go-pabt.newConditionNode[...].func1
        │   │       │   │   └── [util.go:140       memorize.go:34]  github.com/joeycumines/go-pabt.(*node[...]).bt.func1 | github.com/joeycumines/go-pabt.(*precondition[...]).expand.Memorize.func1
        │   │       │   │       ├── [util.go:140       sequence.go:21]  github.com/joeycumines/go-pabt.(*node[...]).bt.func1 | github.com/joeycumines/go-behaviortree.Sequence
        │   │       │   │       │   ├── [util.go:158       util.go:158   ]  github.com/joeycumines/go-pabt.newConditionNode[...] | github.com/joeycumines/go-pabt.newConditionNode[...].func1
        │   │       │   │       │   └── [graph_test.go:119 util.go:438    pre:s5 post:sg]  github.com/joeycumines/go-pabt.(*graphState).Actions | github.com/joeycumines/go-pabt.(*node[...]).generateAc
tion.wrapActionNodeHandleSetRunning.func2.1
        │   │       │   │       └── [util.go:140       sequence.go:21]  github.com/joeycumines/go-pabt.(*node[...]).bt.func1 | github.com/joeycumines/go-behaviortree.Sequence
        │   │       │   │           ├── [util.go:158       util.go:158   ]  github.com/joeycumines/go-pabt.newConditionNode[...] | github.com/joeycumines/go-pabt.newConditionNode[...].func1
        │   │       │   │           └── [graph_test.go:119 util.go:438    pre:s3 post:sg]  github.com/joeycumines/go-pabt.(*graphState).Actions | github.com/joeycumines/go-pabt.(*node[...]).generateAc
tion.wrapActionNodeHandleSetRunning.func2.1
        │   │       │   └── [graph_test.go:119 util.go:438    pre:sg post:s5]  github.com/joeycumines/go-pabt.(*graphState).Actions | github.com/joeycumines/go-pabt.(*node[...]).generateAction.wrapAct
ionNodeHandleSetRunning.func2.1
        │   │       ├── [util.go:140       sequence.go:21]  github.com/joeycumines/go-pabt.(*node[...]).bt.func1 | github.com/joeycumines/go-behaviortree.Sequence
        │   │       │   ├── [util.go:158       util.go:158   ]  github.com/joeycumines/go-pabt.newConditionNode[...] | github.com/joeycumines/go-pabt.newConditionNode[...].func1
        │   │       │   └── [graph_test.go:119 util.go:438    pre:s4 post:s5]  github.com/joeycumines/go-pabt.(*graphState).Actions | github.com/joeycumines/go-pabt.(*node[...]).generateAction.wrapAct
ionNodeHandleSetRunning.func2.1
        │   │       └── [util.go:140       sequence.go:21]  github.com/joeycumines/go-pabt.(*node[...]).bt.func1 | github.com/joeycumines/go-behaviortree.Sequence
        │   │           ├── [util.go:158       util.go:158   ]  github.com/joeycumines/go-pabt.newConditionNode[...] | github.com/joeycumines/go-pabt.newConditionNode[...].func1
        │   │           └── [graph_test.go:119 util.go:438    pre:s2 post:s5]  github.com/joeycumines/go-pabt.(*graphState).Actions | github.com/joeycumines/go-pabt.(*node[...]).generateAction.wrapAct
ionNodeHandleSetRunning.func2.1
        │   └── [graph_test.go:119 util.go:438    pre:s5 post:sg]  github.com/joeycumines/go-pabt.(*graphState).Actions | github.com/joeycumines/go-pabt.(*node[...]).generateAction.wrapActionNodeHandl
eSetRunning.func2.1
        └── [util.go:140       sequence.go:21]  github.com/joeycumines/go-pabt.(*node[...]).bt.func1 | github.com/joeycumines/go-behaviortree.Sequence
            ├── [util.go:140       selector.go:21]  github.com/joeycumines/go-pabt.(*node[...]).bt.func1 | github.com/joeycumines/go-behaviortree.Selector
            │   ├── [util.go:158       util.go:158   ]  github.com/joeycumines/go-pabt.newConditionNode[...] | github.com/joeycumines/go-pabt.newConditionNode[...].func1
            │   └── [util.go:140       memorize.go:34]  github.com/joeycumines/go-pabt.(*node[...]).bt.func1 | github.com/joeycumines/go-pabt.(*precondition[...]).expand.Memorize.func1
            │       ├── [util.go:140       sequence.go:21]  github.com/joeycumines/go-pabt.(*node[...]).bt.func1 | github.com/joeycumines/go-behaviortree.Sequence
            │       │   ├── [util.go:158       util.go:158   ]  github.com/joeycumines/go-pabt.newConditionNode[...] | github.com/joeycumines/go-pabt.newConditionNode[...].func1
            │       │   └── [graph_test.go:119 util.go:438    pre:sg post:s3]  github.com/joeycumines/go-pabt.(*graphState).Actions | github.com/joeycumines/go-pabt.(*node[...]).generateAction.wrapAct
ionNodeHandleSetRunning.func2.1
            │       ├── [util.go:140       sequence.go:21]  github.com/joeycumines/go-pabt.(*node[...]).bt.func1 | github.com/joeycumines/go-behaviortree.Sequence
            │       │   ├── [util.go:158       util.go:158   ]  github.com/joeycumines/go-pabt.newConditionNode[...] | github.com/joeycumines/go-pabt.newConditionNode[...].func1
            │       │   └── [graph_test.go:119 util.go:438    pre:s4 post:s3]  github.com/joeycumines/go-pabt.(*graphState).Actions | github.com/joeycumines/go-pabt.(*node[...]).generateAction.wrapAct
ionNodeHandleSetRunning.func2.1
            │       └── [util.go:140       sequence.go:21]  github.com/joeycumines/go-pabt.(*node[...]).bt.func1 | github.com/joeycumines/go-behaviortree.Sequence
            │           ├── [util.go:158       util.go:158   ]  github.com/joeycumines/go-pabt.newConditionNode[...] | github.com/joeycumines/go-pabt.newConditionNode[...].func1
            │           └── [graph_test.go:119 util.go:438    pre:s1 post:s3]  github.com/joeycumines/go-pabt.(*graphState).Actions | github.com/joeycumines/go-pabt.(*node[...]).generateAction.wrapAct
ionNodeHandleSetRunning.func2.1
            └── [graph_test.go:119 util.go:438    pre:s3 post:sg]  github.com/joeycumines/go-pabt.(*graphState).Actions | github.com/joeycumines/go-pabt.(*node[...]).generateAction.wrapActionNodeHandl
eSetRunning.func2.1

iteration = 5, status = running, err = <nil>, actor = s0
[pabt.go:215       pabt.go:247   ]  github.com/joeycumines/go-pabt.Example_graph.(*Plan[...]).Node.func3 | github.com/joeycumines/go-pabt.(*Plan[...]).bt.func2
└── [util.go:140       selector.go:21]  github.com/joeycumines/go-pabt.(*node[...]).bt.func1 | github.com/joeycumines/go-behaviortree.Selector
    ├── [util.go:158       util.go:158   ]  github.com/joeycumines/go-pabt.newConditionNode[...] | github.com/joeycumines/go-pabt.newConditionNode[...].func1
    └── [util.go:140       memorize.go:34]  github.com/joeycumines/go-pabt.(*node[...]).bt.func1 | github.com/joeycumines/go-pabt.(*precondition[...]).expand.Memorize.func1
        ├── [util.go:140       sequence.go:21]  github.com/joeycumines/go-pabt.(*node[...]).bt.func1 | github.com/joeycumines/go-behaviortree.Sequence
        │   ├── [util.go:140       selector.go:21]  github.com/joeycumines/go-pabt.(*node[...]).bt.func1 | github.com/joeycumines/go-behaviortree.Selector
        │   │   ├── [util.go:158       util.go:158   ]  github.com/joeycumines/go-pabt.newConditionNode[...] | github.com/joeycumines/go-pabt.newConditionNode[...].func1
        │   │   └── [util.go:140       memorize.go:34]  github.com/joeycumines/go-pabt.(*node[...]).bt.func1 | github.com/joeycumines/go-pabt.(*precondition[...]).expand.Memorize.func1
        │   │       ├── [util.go:140       sequence.go:21]  github.com/joeycumines/go-pabt.(*node[...]).bt.func1 | github.com/joeycumines/go-behaviortree.Sequence
        │   │       │   ├── [util.go:140       selector.go:21]  github.com/joeycumines/go-pabt.(*node[...]).bt.func1 | github.com/joeycumines/go-behaviortree.Selector
        │   │       │   │   ├── [util.go:158       util.go:158   ]  github.com/joeycumines/go-pabt.newConditionNode[...] | github.com/joeycumines/go-pabt.newConditionNode[...].func1
        │   │       │   │   └── [util.go:140       memorize.go:34]  github.com/joeycumines/go-pabt.(*node[...]).bt.func1 | github.com/joeycumines/go-pabt.(*precondition[...]).expand.Memorize.func1
        │   │       │   │       ├── [util.go:140       sequence.go:21]  github.com/joeycumines/go-pabt.(*node[...]).bt.func1 | github.com/joeycumines/go-behaviortree.Sequence
        │   │       │   │       │   ├── [util.go:158       util.go:158   ]  github.com/joeycumines/go-pabt.newConditionNode[...] | github.com/joeycumines/go-pabt.newConditionNode[...].func1
        │   │       │   │       │   └── [graph_test.go:119 util.go:438    pre:s5 post:sg]  github.com/joeycumines/go-pabt.(*graphState).Actions | github.com/joeycumines/go-pabt.(*node[...]).generateAc
tion.wrapActionNodeHandleSetRunning.func2.1
        │   │       │   │       └── [util.go:140       sequence.go:21]  github.com/joeycumines/go-pabt.(*node[...]).bt.func1 | github.com/joeycumines/go-behaviortree.Sequence
        │   │       │   │           ├── [util.go:158       util.go:158   ]  github.com/joeycumines/go-pabt.newConditionNode[...] | github.com/joeycumines/go-pabt.newConditionNode[...].func1
        │   │       │   │           └── [graph_test.go:119 util.go:438    pre:s3 post:sg]  github.com/joeycumines/go-pabt.(*graphState).Actions | github.com/joeycumines/go-pabt.(*node[...]).generateAc
tion.wrapActionNodeHandleSetRunning.func2.1
        │   │       │   └── [graph_test.go:119 util.go:438    pre:sg post:s5]  github.com/joeycumines/go-pabt.(*graphState).Actions | github.com/joeycumines/go-pabt.(*node[...]).generateAction.wrapAct
ionNodeHandleSetRunning.func2.1
        │   │       ├── [util.go:140       sequence.go:21]  github.com/joeycumines/go-pabt.(*node[...]).bt.func1 | github.com/joeycumines/go-behaviortree.Sequence
        │   │       │   ├── [util.go:140       selector.go:21]  github.com/joeycumines/go-pabt.(*node[...]).bt.func1 | github.com/joeycumines/go-behaviortree.Selector
        │   │       │   │   ├── [util.go:158       util.go:158   ]  github.com/joeycumines/go-pabt.newConditionNode[...] | github.com/joeycumines/go-pabt.newConditionNode[...].func1
        │   │       │   │   └── [util.go:140       memorize.go:34]  github.com/joeycumines/go-pabt.(*node[...]).bt.func1 | github.com/joeycumines/go-pabt.(*precondition[...]).expand.Memorize.func1
        │   │       │   │       ├── [util.go:140       sequence.go:21]  github.com/joeycumines/go-pabt.(*node[...]).bt.func1 | github.com/joeycumines/go-behaviortree.Sequence
        │   │       │   │       │   ├── [util.go:158       util.go:158   ]  github.com/joeycumines/go-pabt.newConditionNode[...] | github.com/joeycumines/go-pabt.newConditionNode[...].func1
        │   │       │   │       │   └── [graph_test.go:119 util.go:438    pre:s5 post:s4]  github.com/joeycumines/go-pabt.(*graphState).Actions | github.com/joeycumines/go-pabt.(*node[...]).generateAc
tion.wrapActionNodeHandleSetRunning.func2.1
        │   │       │   │       ├── [util.go:140       sequence.go:21]  github.com/joeycumines/go-pabt.(*node[...]).bt.func1 | github.com/joeycumines/go-behaviortree.Sequence
        │   │       │   │       │   ├── [util.go:158       util.go:158   ]  github.com/joeycumines/go-pabt.newConditionNode[...] | github.com/joeycumines/go-pabt.newConditionNode[...].func1
        │   │       │   │       │   └── [graph_test.go:119 util.go:438    pre:s3 post:s4]  github.com/joeycumines/go-pabt.(*graphState).Actions | github.com/joeycumines/go-pabt.(*node[...]).generateAc
tion.wrapActionNodeHandleSetRunning.func2.1
        │   │       │   │       └── [util.go:140       sequence.go:21]  github.com/joeycumines/go-pabt.(*node[...]).bt.func1 | github.com/joeycumines/go-behaviortree.Sequence
        │   │       │   │           ├── [util.go:158       util.go:158   ]  github.com/joeycumines/go-pabt.newConditionNode[...] | github.com/joeycumines/go-pabt.newConditionNode[...].func1
        │   │       │   │           └── [graph_test.go:119 util.go:438    pre:s1 post:s4]  github.com/joeycumines/go-pabt.(*graphState).Actions | github.com/joeycumines/go-pabt.(*node[...]).generateAc
tion.wrapActionNodeHandleSetRunning.func2.1
        │   │       │   └── [graph_test.go:119 util.go:438    pre:s4 post:s5]  github.com/joeycumines/go-pabt.(*graphState).Actions | github.com/joeycumines/go-pabt.(*node[...]).generateAction.wrapAct
ionNodeHandleSetRunning.func2.1
        │   │       └── [util.go:140       sequence.go:21]  github.com/joeycumines/go-pabt.(*node[...]).bt.func1 | github.com/joeycumines/go-behaviortree.Sequence
        │   │           ├── [util.go:158       util.go:158   ]  github.com/joeycumines/go-pabt.newConditionNode[...] | github.com/joeycumines/go-pabt.newConditionNode[...].func1
        │   │           └── [graph_test.go:119 util.go:438    pre:s2 post:s5]  github.com/joeycumines/go-pabt.(*graphState).Actions | github.com/joeycumines/go-pabt.(*node[...]).generateAction.wrapAct
ionNodeHandleSetRunning.func2.1
        │   └── [graph_test.go:119 util.go:438    pre:s5 post:sg]  github.com/joeycumines/go-pabt.(*graphState).Actions | github.com/joeycumines/go-pabt.(*node[...]).generateAction.wrapActionNodeHandl
eSetRunning.func2.1
        └── [util.go:140       sequence.go:21]  github.com/joeycumines/go-pabt.(*node[...]).bt.func1 | github.com/joeycumines/go-behaviortree.Sequence
            ├── [util.go:140       selector.go:21]  github.com/joeycumines/go-pabt.(*node[...]).bt.func1 | github.com/joeycumines/go-behaviortree.Selector
            │   ├── [util.go:158       util.go:158   ]  github.com/joeycumines/go-pabt.newConditionNode[...] | github.com/joeycumines/go-pabt.newConditionNode[...].func1
            │   └── [util.go:140       memorize.go:34]  github.com/joeycumines/go-pabt.(*node[...]).bt.func1 | github.com/joeycumines/go-pabt.(*precondition[...]).expand.Memorize.func1
            │       ├── [util.go:140       sequence.go:21]  github.com/joeycumines/go-pabt.(*node[...]).bt.func1 | github.com/joeycumines/go-behaviortree.Sequence
            │       │   ├── [util.go:158       util.go:158   ]  github.com/joeycumines/go-pabt.newConditionNode[...] | github.com/joeycumines/go-pabt.newConditionNode[...].func1
            │       │   └── [graph_test.go:119 util.go:438    pre:sg post:s3]  github.com/joeycumines/go-pabt.(*graphState).Actions | github.com/joeycumines/go-pabt.(*node[...]).generateAction.wrapAct
ionNodeHandleSetRunning.func2.1
            │       ├── [util.go:140       sequence.go:21]  github.com/joeycumines/go-pabt.(*node[...]).bt.func1 | github.com/joeycumines/go-behaviortree.Sequence
            │       │   ├── [util.go:158       util.go:158   ]  github.com/joeycumines/go-pabt.newConditionNode[...] | github.com/joeycumines/go-pabt.newConditionNode[...].func1
            │       │   └── [graph_test.go:119 util.go:438    pre:s4 post:s3]  github.com/joeycumines/go-pabt.(*graphState).Actions | github.com/joeycumines/go-pabt.(*node[...]).generateAction.wrapAct
ionNodeHandleSetRunning.func2.1
            │       └── [util.go:140       sequence.go:21]  github.com/joeycumines/go-pabt.(*node[...]).bt.func1 | github.com/joeycumines/go-behaviortree.Sequence
            │           ├── [util.go:158       util.go:158   ]  github.com/joeycumines/go-pabt.newConditionNode[...] | github.com/joeycumines/go-pabt.newConditionNode[...].func1
            │           └── [graph_test.go:119 util.go:438    pre:s1 post:s3]  github.com/joeycumines/go-pabt.(*graphState).Actions | github.com/joeycumines/go-pabt.(*node[...]).generateAction.wrapAct
ionNodeHandleSetRunning.func2.1
            └── [graph_test.go:119 util.go:438    pre:s3 post:sg]  github.com/joeycumines/go-pabt.(*graphState).Actions | github.com/joeycumines/go-pabt.(*node[...]).generateAction.wrapActionNodeHandl
eSetRunning.func2.1

iteration = 6, status = running, err = <nil>, actor = s0
[pabt.go:215       pabt.go:247   ]  github.com/joeycumines/go-pabt.Example_graph.(*Plan[...]).Node.func3 | github.com/joeycumines/go-pabt.(*Plan[...]).bt.func2
└── [util.go:140       selector.go:21]  github.com/joeycumines/go-pabt.(*node[...]).bt.func1 | github.com/joeycumines/go-behaviortree.Selector
    ├── [util.go:158       util.go:158   ]  github.com/joeycumines/go-pabt.newConditionNode[...] | github.com/joeycumines/go-pabt.newConditionNode[...].func1
    └── [util.go:140       memorize.go:34]  github.com/joeycumines/go-pabt.(*node[...]).bt.func1 | github.com/joeycumines/go-pabt.(*precondition[...]).expand.Memorize.func1
        ├── [util.go:140       sequence.go:21]  github.com/joeycumines/go-pabt.(*node[...]).bt.func1 | github.com/joeycumines/go-behaviortree.Sequence
        │   ├── [util.go:140       selector.go:21]  github.com/joeycumines/go-pabt.(*node[...]).bt.func1 | github.com/joeycumines/go-behaviortree.Selector
        │   │   ├── [util.go:158       util.go:158   ]  github.com/joeycumines/go-pabt.newConditionNode[...] | github.com/joeycumines/go-pabt.newConditionNode[...].func1
        │   │   └── [util.go:140       memorize.go:34]  github.com/joeycumines/go-pabt.(*node[...]).bt.func1 | github.com/joeycumines/go-pabt.(*precondition[...]).expand.Memorize.func1
        │   │       ├── [util.go:140       sequence.go:21]  github.com/joeycumines/go-pabt.(*node[...]).bt.func1 | github.com/joeycumines/go-behaviortree.Sequence
        │   │       │   ├── [util.go:140       selector.go:21]  github.com/joeycumines/go-pabt.(*node[...]).bt.func1 | github.com/joeycumines/go-behaviortree.Selector
        │   │       │   │   ├── [util.go:158       util.go:158   ]  github.com/joeycumines/go-pabt.newConditionNode[...] | github.com/joeycumines/go-pabt.newConditionNode[...].func1
        │   │       │   │   └── [util.go:140       memorize.go:34]  github.com/joeycumines/go-pabt.(*node[...]).bt.func1 | github.com/joeycumines/go-pabt.(*precondition[...]).expand.Memorize.func1
        │   │       │   │       ├── [util.go:140       sequence.go:21]  github.com/joeycumines/go-pabt.(*node[...]).bt.func1 | github.com/joeycumines/go-behaviortree.Sequence
        │   │       │   │       │   ├── [util.go:158       util.go:158   ]  github.com/joeycumines/go-pabt.newConditionNode[...] | github.com/joeycumines/go-pabt.newConditionNode[...].func1
        │   │       │   │       │   └── [graph_test.go:119 util.go:438    pre:s5 post:sg]  github.com/joeycumines/go-pabt.(*graphState).Actions | github.com/joeycumines/go-pabt.(*node[...]).generateAc
tion.wrapActionNodeHandleSetRunning.func2.1
        │   │       │   │       └── [util.go:140       sequence.go:21]  github.com/joeycumines/go-pabt.(*node[...]).bt.func1 | github.com/joeycumines/go-behaviortree.Sequence
        │   │       │   │           ├── [util.go:158       util.go:158   ]  github.com/joeycumines/go-pabt.newConditionNode[...] | github.com/joeycumines/go-pabt.newConditionNode[...].func1
        │   │       │   │           └── [graph_test.go:119 util.go:438    pre:s3 post:sg]  github.com/joeycumines/go-pabt.(*graphState).Actions | github.com/joeycumines/go-pabt.(*node[...]).generateAc
tion.wrapActionNodeHandleSetRunning.func2.1
        │   │       │   └── [graph_test.go:119 util.go:438    pre:sg post:s5]  github.com/joeycumines/go-pabt.(*graphState).Actions | github.com/joeycumines/go-pabt.(*node[...]).generateAction.wrapAct
ionNodeHandleSetRunning.func2.1
        │   │       ├── [util.go:140       sequence.go:21]  github.com/joeycumines/go-pabt.(*node[...]).bt.func1 | github.com/joeycumines/go-behaviortree.Sequence
        │   │       │   ├── [util.go:140       selector.go:21]  github.com/joeycumines/go-pabt.(*node[...]).bt.func1 | github.com/joeycumines/go-behaviortree.Selector
        │   │       │   │   ├── [util.go:158       util.go:158   ]  github.com/joeycumines/go-pabt.newConditionNode[...] | github.com/joeycumines/go-pabt.newConditionNode[...].func1
        │   │       │   │   └── [util.go:140       memorize.go:34]  github.com/joeycumines/go-pabt.(*node[...]).bt.func1 | github.com/joeycumines/go-pabt.(*precondition[...]).expand.Memorize.func1
        │   │       │   │       ├── [util.go:140       sequence.go:21]  github.com/joeycumines/go-pabt.(*node[...]).bt.func1 | github.com/joeycumines/go-behaviortree.Sequence
        │   │       │   │       │   ├── [util.go:158       util.go:158   ]  github.com/joeycumines/go-pabt.newConditionNode[...] | github.com/joeycumines/go-pabt.newConditionNode[...].func1
        │   │       │   │       │   └── [graph_test.go:119 util.go:438    pre:s5 post:s4]  github.com/joeycumines/go-pabt.(*graphState).Actions | github.com/joeycumines/go-pabt.(*node[...]).generateAc
tion.wrapActionNodeHandleSetRunning.func2.1
        │   │       │   │       ├── [util.go:140       sequence.go:21]  github.com/joeycumines/go-pabt.(*node[...]).bt.func1 | github.com/joeycumines/go-behaviortree.Sequence
        │   │       │   │       │   ├── [util.go:158       util.go:158   ]  github.com/joeycumines/go-pabt.newConditionNode[...] | github.com/joeycumines/go-pabt.newConditionNode[...].func1
        │   │       │   │       │   └── [graph_test.go:119 util.go:438    pre:s3 post:s4]  github.com/joeycumines/go-pabt.(*graphState).Actions | github.com/joeycumines/go-pabt.(*node[...]).generateAc
tion.wrapActionNodeHandleSetRunning.func2.1
        │   │       │   │       └── [util.go:140       sequence.go:21]  github.com/joeycumines/go-pabt.(*node[...]).bt.func1 | github.com/joeycumines/go-behaviortree.Sequence
        │   │       │   │           ├── [util.go:158       util.go:158   ]  github.com/joeycumines/go-pabt.newConditionNode[...] | github.com/joeycumines/go-pabt.newConditionNode[...].func1
        │   │       │   │           └── [graph_test.go:119 util.go:438    pre:s1 post:s4]  github.com/joeycumines/go-pabt.(*graphState).Actions | github.com/joeycumines/go-pabt.(*node[...]).generateAc
tion.wrapActionNodeHandleSetRunning.func2.1
        │   │       │   └── [graph_test.go:119 util.go:438    pre:s4 post:s5]  github.com/joeycumines/go-pabt.(*graphState).Actions | github.com/joeycumines/go-pabt.(*node[...]).generateAction.wrapAct
ionNodeHandleSetRunning.func2.1
        │   │       └── [util.go:140       sequence.go:21]  github.com/joeycumines/go-pabt.(*node[...]).bt.func1 | github.com/joeycumines/go-behaviortree.Sequence
        │   │           ├── [util.go:140       selector.go:21]  github.com/joeycumines/go-pabt.(*node[...]).bt.func1 | github.com/joeycumines/go-behaviortree.Selector
        │   │           │   ├── [util.go:158       util.go:158   ]  github.com/joeycumines/go-pabt.newConditionNode[...] | github.com/joeycumines/go-pabt.newConditionNode[...].func1
        │   │           │   └── [util.go:140       memorize.go:34]  github.com/joeycumines/go-pabt.(*node[...]).bt.func1 | github.com/joeycumines/go-pabt.(*precondition[...]).expand.Memorize.func1
        │   │           │       ├── [util.go:140       sequence.go:21]  github.com/joeycumines/go-pabt.(*node[...]).bt.func1 | github.com/joeycumines/go-behaviortree.Sequence
        │   │           │       │   ├── [util.go:158       util.go:158   ]  github.com/joeycumines/go-pabt.newConditionNode[...] | github.com/joeycumines/go-pabt.newConditionNode[...].func1
        │   │           │       │   └── [graph_test.go:119 util.go:438    pre:s5 post:s2]  github.com/joeycumines/go-pabt.(*graphState).Actions | github.com/joeycumines/go-pabt.(*node[...]).generateAc
tion.wrapActionNodeHandleSetRunning.func2.1
        │   │           │       └── [util.go:140       sequence.go:21]  github.com/joeycumines/go-pabt.(*node[...]).bt.func1 | github.com/joeycumines/go-behaviortree.Sequence
        │   │           │           ├── [util.go:158       util.go:158   ]  github.com/joeycumines/go-pabt.newConditionNode[...] | github.com/joeycumines/go-pabt.newConditionNode[...].func1
        │   │           │           └── [graph_test.go:119 util.go:438    pre:s1 post:s2]  github.com/joeycumines/go-pabt.(*graphState).Actions | github.com/joeycumines/go-pabt.(*node[...]).generateAc
tion.wrapActionNodeHandleSetRunning.func2.1
        │   │           └── [graph_test.go:119 util.go:438    pre:s2 post:s5]  github.com/joeycumines/go-pabt.(*graphState).Actions | github.com/joeycumines/go-pabt.(*node[...]).generateAction.wrapAct
ionNodeHandleSetRunning.func2.1
        │   └── [graph_test.go:119 util.go:438    pre:s5 post:sg]  github.com/joeycumines/go-pabt.(*graphState).Actions | github.com/joeycumines/go-pabt.(*node[...]).generateAction.wrapActionNodeHandl
eSetRunning.func2.1
        └── [util.go:140       sequence.go:21]  github.com/joeycumines/go-pabt.(*node[...]).bt.func1 | github.com/joeycumines/go-behaviortree.Sequence
            ├── [util.go:140       selector.go:21]  github.com/joeycumines/go-pabt.(*node[...]).bt.func1 | github.com/joeycumines/go-behaviortree.Selector
            │   ├── [util.go:158       util.go:158   ]  github.com/joeycumines/go-pabt.newConditionNode[...] | github.com/joeycumines/go-pabt.newConditionNode[...].func1
            │   └── [util.go:140       memorize.go:34]  github.com/joeycumines/go-pabt.(*node[...]).bt.func1 | github.com/joeycumines/go-pabt.(*precondition[...]).expand.Memorize.func1
            │       ├── [util.go:140       sequence.go:21]  github.com/joeycumines/go-pabt.(*node[...]).bt.func1 | github.com/joeycumines/go-behaviortree.Sequence
            │       │   ├── [util.go:158       util.go:158   ]  github.com/joeycumines/go-pabt.newConditionNode[...] | github.com/joeycumines/go-pabt.newConditionNode[...].func1
            │       │   └── [graph_test.go:119 util.go:438    pre:sg post:s3]  github.com/joeycumines/go-pabt.(*graphState).Actions | github.com/joeycumines/go-pabt.(*node[...]).generateAction.wrapAct
ionNodeHandleSetRunning.func2.1
            │       ├── [util.go:140       sequence.go:21]  github.com/joeycumines/go-pabt.(*node[...]).bt.func1 | github.com/joeycumines/go-behaviortree.Sequence
            │       │   ├── [util.go:158       util.go:158   ]  github.com/joeycumines/go-pabt.newConditionNode[...] | github.com/joeycumines/go-pabt.newConditionNode[...].func1
            │       │   └── [graph_test.go:119 util.go:438    pre:s4 post:s3]  github.com/joeycumines/go-pabt.(*graphState).Actions | github.com/joeycumines/go-pabt.(*node[...]).generateAction.wrapAct
ionNodeHandleSetRunning.func2.1
            │       └── [util.go:140       sequence.go:21]  github.com/joeycumines/go-pabt.(*node[...]).bt.func1 | github.com/joeycumines/go-behaviortree.Sequence
            │           ├── [util.go:158       util.go:158   ]  github.com/joeycumines/go-pabt.newConditionNode[...] | github.com/joeycumines/go-pabt.newConditionNode[...].func1
            │           └── [graph_test.go:119 util.go:438    pre:s1 post:s3]  github.com/joeycumines/go-pabt.(*graphState).Actions | github.com/joeycumines/go-pabt.(*node[...]).generateAction.wrapAct
ionNodeHandleSetRunning.func2.1
            └── [graph_test.go:119 util.go:438    pre:s3 post:sg]  github.com/joeycumines/go-pabt.(*graphState).Actions | github.com/joeycumines/go-pabt.(*node[...]).generateAction.wrapActionNodeHandl
eSetRunning.func2.1

iteration = 7, status = running, err = <nil>, actor = s0
[pabt.go:215       pabt.go:247   ]  github.com/joeycumines/go-pabt.Example_graph.(*Plan[...]).Node.func3 | github.com/joeycumines/go-pabt.(*Plan[...]).bt.func2
└── [util.go:140       selector.go:21]  github.com/joeycumines/go-pabt.(*node[...]).bt.func1 | github.com/joeycumines/go-behaviortree.Selector
    ├── [util.go:158       util.go:158   ]  github.com/joeycumines/go-pabt.newConditionNode[...] | github.com/joeycumines/go-pabt.newConditionNode[...].func1
    └── [util.go:140       memorize.go:34]  github.com/joeycumines/go-pabt.(*node[...]).bt.func1 | github.com/joeycumines/go-pabt.(*precondition[...]).expand.Memorize.func1
        ├── [util.go:140       sequence.go:21]  github.com/joeycumines/go-pabt.(*node[...]).bt.func1 | github.com/joeycumines/go-behaviortree.Sequence
        │   ├── [util.go:140       selector.go:21]  github.com/joeycumines/go-pabt.(*node[...]).bt.func1 | github.com/joeycumines/go-behaviortree.Selector
        │   │   ├── [util.go:158       util.go:158   ]  github.com/joeycumines/go-pabt.newConditionNode[...] | github.com/joeycumines/go-pabt.newConditionNode[...].func1
        │   │   └── [util.go:140       memorize.go:34]  github.com/joeycumines/go-pabt.(*node[...]).bt.func1 | github.com/joeycumines/go-pabt.(*precondition[...]).expand.Memorize.func1
        │   │       ├── [util.go:140       sequence.go:21]  github.com/joeycumines/go-pabt.(*node[...]).bt.func1 | github.com/joeycumines/go-behaviortree.Sequence
        │   │       │   ├── [util.go:140       selector.go:21]  github.com/joeycumines/go-pabt.(*node[...]).bt.func1 | github.com/joeycumines/go-behaviortree.Selector
        │   │       │   │   ├── [util.go:158       util.go:158   ]  github.com/joeycumines/go-pabt.newConditionNode[...] | github.com/joeycumines/go-pabt.newConditionNode[...].func1
        │   │       │   │   └── [util.go:140       memorize.go:34]  github.com/joeycumines/go-pabt.(*node[...]).bt.func1 | github.com/joeycumines/go-pabt.(*precondition[...]).expand.Memorize.func1
        │   │       │   │       ├── [util.go:140       sequence.go:21]  github.com/joeycumines/go-pabt.(*node[...]).bt.func1 | github.com/joeycumines/go-behaviortree.Sequence
        │   │       │   │       │   ├── [util.go:158       util.go:158   ]  github.com/joeycumines/go-pabt.newConditionNode[...] | github.com/joeycumines/go-pabt.newConditionNode[...].func1
        │   │       │   │       │   └── [graph_test.go:119 util.go:438    pre:s5 post:sg]  github.com/joeycumines/go-pabt.(*graphState).Actions | github.com/joeycumines/go-pabt.(*node[...]).generateAc
tion.wrapActionNodeHandleSetRunning.func2.1
        │   │       │   │       └── [util.go:140       sequence.go:21]  github.com/joeycumines/go-pabt.(*node[...]).bt.func1 | github.com/joeycumines/go-behaviortree.Sequence
        │   │       │   │           ├── [util.go:158       util.go:158   ]  github.com/joeycumines/go-pabt.newConditionNode[...] | github.com/joeycumines/go-pabt.newConditionNode[...].func1
        │   │       │   │           └── [graph_test.go:119 util.go:438    pre:s3 post:sg]  github.com/joeycumines/go-pabt.(*graphState).Actions | github.com/joeycumines/go-pabt.(*node[...]).generateAc
tion.wrapActionNodeHandleSetRunning.func2.1
        │   │       │   └── [graph_test.go:119 util.go:438    pre:sg post:s5]  github.com/joeycumines/go-pabt.(*graphState).Actions | github.com/joeycumines/go-pabt.(*node[...]).generateAction.wrapAct
ionNodeHandleSetRunning.func2.1
        │   │       ├── [util.go:140       sequence.go:21]  github.com/joeycumines/go-pabt.(*node[...]).bt.func1 | github.com/joeycumines/go-behaviortree.Sequence
        │   │       │   ├── [util.go:140       selector.go:21]  github.com/joeycumines/go-pabt.(*node[...]).bt.func1 | github.com/joeycumines/go-behaviortree.Selector
        │   │       │   │   ├── [util.go:158       util.go:158   ]  github.com/joeycumines/go-pabt.newConditionNode[...] | github.com/joeycumines/go-pabt.newConditionNode[...].func1
        │   │       │   │   └── [util.go:140       memorize.go:34]  github.com/joeycumines/go-pabt.(*node[...]).bt.func1 | github.com/joeycumines/go-pabt.(*precondition[...]).expand.Memorize.func1
        │   │       │   │       ├── [util.go:140       sequence.go:21]  github.com/joeycumines/go-pabt.(*node[...]).bt.func1 | github.com/joeycumines/go-behaviortree.Sequence
        │   │       │   │       │   ├── [util.go:158       util.go:158   ]  github.com/joeycumines/go-pabt.newConditionNode[...] | github.com/joeycumines/go-pabt.newConditionNode[...].func1
        │   │       │   │       │   └── [graph_test.go:119 util.go:438    pre:s5 post:s4]  github.com/joeycumines/go-pabt.(*graphState).Actions | github.com/joeycumines/go-pabt.(*node[...]).generateAc
tion.wrapActionNodeHandleSetRunning.func2.1
        │   │       │   │       ├── [util.go:140       sequence.go:21]  github.com/joeycumines/go-pabt.(*node[...]).bt.func1 | github.com/joeycumines/go-behaviortree.Sequence
        │   │       │   │       │   ├── [util.go:158       util.go:158   ]  github.com/joeycumines/go-pabt.newConditionNode[...] | github.com/joeycumines/go-pabt.newConditionNode[...].func1
        │   │       │   │       │   └── [graph_test.go:119 util.go:438    pre:s3 post:s4]  github.com/joeycumines/go-pabt.(*graphState).Actions | github.com/joeycumines/go-pabt.(*node[...]).generateAc
tion.wrapActionNodeHandleSetRunning.func2.1
        │   │       │   │       └── [util.go:140       sequence.go:21]  github.com/joeycumines/go-pabt.(*node[...]).bt.func1 | github.com/joeycumines/go-behaviortree.Sequence
        │   │       │   │           ├── [util.go:158       util.go:158   ]  github.com/joeycumines/go-pabt.newConditionNode[...] | github.com/joeycumines/go-pabt.newConditionNode[...].func1
        │   │       │   │           └── [graph_test.go:119 util.go:438    pre:s1 post:s4]  github.com/joeycumines/go-pabt.(*graphState).Actions | github.com/joeycumines/go-pabt.(*node[...]).generateAc
tion.wrapActionNodeHandleSetRunning.func2.1
        │   │       │   └── [graph_test.go:119 util.go:438    pre:s4 post:s5]  github.com/joeycumines/go-pabt.(*graphState).Actions | github.com/joeycumines/go-pabt.(*node[...]).generateAction.wrapAct
ionNodeHandleSetRunning.func2.1
        │   │       └── [util.go:140       sequence.go:21]  github.com/joeycumines/go-pabt.(*node[...]).bt.func1 | github.com/joeycumines/go-behaviortree.Sequence
        │   │           ├── [util.go:140       selector.go:21]  github.com/joeycumines/go-pabt.(*node[...]).bt.func1 | github.com/joeycumines/go-behaviortree.Selector
        │   │           │   ├── [util.go:158       util.go:158   ]  github.com/joeycumines/go-pabt.newConditionNode[...] | github.com/joeycumines/go-pabt.newConditionNode[...].func1
        │   │           │   └── [util.go:140       memorize.go:34]  github.com/joeycumines/go-pabt.(*node[...]).bt.func1 | github.com/joeycumines/go-pabt.(*precondition[...]).expand.Memorize.func1
        │   │           │       ├── [util.go:140       sequence.go:21]  github.com/joeycumines/go-pabt.(*node[...]).bt.func1 | github.com/joeycumines/go-behaviortree.Sequence
        │   │           │       │   ├── [util.go:158       util.go:158   ]  github.com/joeycumines/go-pabt.newConditionNode[...] | github.com/joeycumines/go-pabt.newConditionNode[...].func1
        │   │           │       │   └── [graph_test.go:119 util.go:438    pre:s5 post:s2]  github.com/joeycumines/go-pabt.(*graphState).Actions | github.com/joeycumines/go-pabt.(*node[...]).generateAc
tion.wrapActionNodeHandleSetRunning.func2.1
        │   │           │       └── [util.go:140       sequence.go:21]  github.com/joeycumines/go-pabt.(*node[...]).bt.func1 | github.com/joeycumines/go-behaviortree.Sequence
        │   │           │           ├── [util.go:158       util.go:158   ]  github.com/joeycumines/go-pabt.newConditionNode[...] | github.com/joeycumines/go-pabt.newConditionNode[...].func1
        │   │           │           └── [graph_test.go:119 util.go:438    pre:s1 post:s2]  github.com/joeycumines/go-pabt.(*graphState).Actions | github.com/joeycumines/go-pabt.(*node[...]).generateAc
tion.wrapActionNodeHandleSetRunning.func2.1
        │   │           └── [graph_test.go:119 util.go:438    pre:s2 post:s5]  github.com/joeycumines/go-pabt.(*graphState).Actions | github.com/joeycumines/go-pabt.(*node[...]).generateAction.wrapAct
ionNodeHandleSetRunning.func2.1
        │   └── [graph_test.go:119 util.go:438    pre:s5 post:sg]  github.com/joeycumines/go-pabt.(*graphState).Actions | github.com/joeycumines/go-pabt.(*node[...]).generateAction.wrapActionNodeHandl
eSetRunning.func2.1
        └── [util.go:140       sequence.go:21]  github.com/joeycumines/go-pabt.(*node[...]).bt.func1 | github.com/joeycumines/go-behaviortree.Sequence
            ├── [util.go:140       selector.go:21]  github.com/joeycumines/go-pabt.(*node[...]).bt.func1 | github.com/joeycumines/go-behaviortree.Selector
            │   ├── [util.go:158       util.go:158   ]  github.com/joeycumines/go-pabt.newConditionNode[...] | github.com/joeycumines/go-pabt.newConditionNode[...].func1
            │   └── [util.go:140       memorize.go:34]  github.com/joeycumines/go-pabt.(*node[...]).bt.func1 | github.com/joeycumines/go-pabt.(*precondition[...]).expand.Memorize.func1
            │       ├── [util.go:140       sequence.go:21]  github.com/joeycumines/go-pabt.(*node[...]).bt.func1 | github.com/joeycumines/go-behaviortree.Sequence
            │       │   ├── [util.go:140       selector.go:21]  github.com/joeycumines/go-pabt.(*node[...]).bt.func1 | github.com/joeycumines/go-behaviortree.Selector
            │       │   │   ├── [util.go:158       util.go:158   ]  github.com/joeycumines/go-pabt.newConditionNode[...] | github.com/joeycumines/go-pabt.newConditionNode[...].func1
            │       │   │   └── [util.go:140       memorize.go:34]  github.com/joeycumines/go-pabt.(*node[...]).bt.func1 | github.com/joeycumines/go-pabt.(*precondition[...]).expand.Memorize.func1
            │       │   │       ├── [util.go:140       sequence.go:21]  github.com/joeycumines/go-pabt.(*node[...]).bt.func1 | github.com/joeycumines/go-behaviortree.Sequence
            │       │   │       │   ├── [util.go:158       util.go:158   ]  github.com/joeycumines/go-pabt.newConditionNode[...] | github.com/joeycumines/go-pabt.newConditionNode[...].func1
            │       │   │       │   └── [graph_test.go:119 util.go:438    pre:s5 post:sg]  github.com/joeycumines/go-pabt.(*graphState).Actions | github.com/joeycumines/go-pabt.(*node[...]).generateAc
tion.wrapActionNodeHandleSetRunning.func2.1
            │       │   │       └── [util.go:140       sequence.go:21]  github.com/joeycumines/go-pabt.(*node[...]).bt.func1 | github.com/joeycumines/go-behaviortree.Sequence
            │       │   │           ├── [util.go:158       util.go:158   ]  github.com/joeycumines/go-pabt.newConditionNode[...] | github.com/joeycumines/go-pabt.newConditionNode[...].func1
            │       │   │           └── [graph_test.go:119 util.go:438    pre:s3 post:sg]  github.com/joeycumines/go-pabt.(*graphState).Actions | github.com/joeycumines/go-pabt.(*node[...]).generateAc
tion.wrapActionNodeHandleSetRunning.func2.1
            │       │   └── [graph_test.go:119 util.go:438    pre:sg post:s3]  github.com/joeycumines/go-pabt.(*graphState).Actions | github.com/joeycumines/go-pabt.(*node[...]).generateAction.wrapAct
ionNodeHandleSetRunning.func2.1
            │       ├── [util.go:140       sequence.go:21]  github.com/joeycumines/go-pabt.(*node[...]).bt.func1 | github.com/joeycumines/go-behaviortree.Sequence
            │       │   ├── [util.go:158       util.go:158   ]  github.com/joeycumines/go-pabt.newConditionNode[...] | github.com/joeycumines/go-pabt.newConditionNode[...].func1
            │       │   └── [graph_test.go:119 util.go:438    pre:s4 post:s3]  github.com/joeycumines/go-pabt.(*graphState).Actions | github.com/joeycumines/go-pabt.(*node[...]).generateAction.wrapAct
ionNodeHandleSetRunning.func2.1
            │       └── [util.go:140       sequence.go:21]  github.com/joeycumines/go-pabt.(*node[...]).bt.func1 | github.com/joeycumines/go-behaviortree.Sequence
            │           ├── [util.go:158       util.go:158   ]  github.com/joeycumines/go-pabt.newConditionNode[...] | github.com/joeycumines/go-pabt.newConditionNode[...].func1
            │           └── [graph_test.go:119 util.go:438    pre:s1 post:s3]  github.com/joeycumines/go-pabt.(*graphState).Actions | github.com/joeycumines/go-pabt.(*node[...]).generateAction.wrapAct
ionNodeHandleSetRunning.func2.1
            └── [graph_test.go:119 util.go:438    pre:s3 post:sg]  github.com/joeycumines/go-pabt.(*graphState).Actions | github.com/joeycumines/go-pabt.(*node[...]).generateAction.wrapActionNodeHandl
eSetRunning.func2.1

iteration = 8, status = running, err = <nil>, actor = s0
[pabt.go:215       pabt.go:247   ]  github.com/joeycumines/go-pabt.Example_graph.(*Plan[...]).Node.func3 | github.com/joeycumines/go-pabt.(*Plan[...]).bt.func2
└── [util.go:140       selector.go:21]  github.com/joeycumines/go-pabt.(*node[...]).bt.func1 | github.com/joeycumines/go-behaviortree.Selector
    ├── [util.go:158       util.go:158   ]  github.com/joeycumines/go-pabt.newConditionNode[...] | github.com/joeycumines/go-pabt.newConditionNode[...].func1
    └── [util.go:140       memorize.go:34]  github.com/joeycumines/go-pabt.(*node[...]).bt.func1 | github.com/joeycumines/go-pabt.(*precondition[...]).expand.Memorize.func1
        ├── [util.go:140       sequence.go:21]  github.com/joeycumines/go-pabt.(*node[...]).bt.func1 | github.com/joeycumines/go-behaviortree.Sequence
        │   ├── [util.go:140       selector.go:21]  github.com/joeycumines/go-pabt.(*node[...]).bt.func1 | github.com/joeycumines/go-behaviortree.Selector
        │   │   ├── [util.go:158       util.go:158   ]  github.com/joeycumines/go-pabt.newConditionNode[...] | github.com/joeycumines/go-pabt.newConditionNode[...].func1
        │   │   └── [util.go:140       memorize.go:34]  github.com/joeycumines/go-pabt.(*node[...]).bt.func1 | github.com/joeycumines/go-pabt.(*precondition[...]).expand.Memorize.func1
        │   │       ├── [util.go:140       sequence.go:21]  github.com/joeycumines/go-pabt.(*node[...]).bt.func1 | github.com/joeycumines/go-behaviortree.Sequence
        │   │       │   ├── [util.go:140       selector.go:21]  github.com/joeycumines/go-pabt.(*node[...]).bt.func1 | github.com/joeycumines/go-behaviortree.Selector
        │   │       │   │   ├── [util.go:158       util.go:158   ]  github.com/joeycumines/go-pabt.newConditionNode[...] | github.com/joeycumines/go-pabt.newConditionNode[...].func1
        │   │       │   │   └── [util.go:140       memorize.go:34]  github.com/joeycumines/go-pabt.(*node[...]).bt.func1 | github.com/joeycumines/go-pabt.(*precondition[...]).expand.Memorize.func1
        │   │       │   │       ├── [util.go:140       sequence.go:21]  github.com/joeycumines/go-pabt.(*node[...]).bt.func1 | github.com/joeycumines/go-behaviortree.Sequence
        │   │       │   │       │   ├── [util.go:158       util.go:158   ]  github.com/joeycumines/go-pabt.newConditionNode[...] | github.com/joeycumines/go-pabt.newConditionNode[...].func1
        │   │       │   │       │   └── [graph_test.go:119 util.go:438    pre:s5 post:sg]  github.com/joeycumines/go-pabt.(*graphState).Actions | github.com/joeycumines/go-pabt.(*node[...]).generateAc
tion.wrapActionNodeHandleSetRunning.func2.1
        │   │       │   │       └── [util.go:140       sequence.go:21]  github.com/joeycumines/go-pabt.(*node[...]).bt.func1 | github.com/joeycumines/go-behaviortree.Sequence
        │   │       │   │           ├── [util.go:158       util.go:158   ]  github.com/joeycumines/go-pabt.newConditionNode[...] | github.com/joeycumines/go-pabt.newConditionNode[...].func1
        │   │       │   │           └── [graph_test.go:119 util.go:438    pre:s3 post:sg]  github.com/joeycumines/go-pabt.(*graphState).Actions | github.com/joeycumines/go-pabt.(*node[...]).generateAc
tion.wrapActionNodeHandleSetRunning.func2.1
        │   │       │   └── [graph_test.go:119 util.go:438    pre:sg post:s5]  github.com/joeycumines/go-pabt.(*graphState).Actions | github.com/joeycumines/go-pabt.(*node[...]).generateAction.wrapAct
ionNodeHandleSetRunning.func2.1
        │   │       ├── [util.go:140       sequence.go:21]  github.com/joeycumines/go-pabt.(*node[...]).bt.func1 | github.com/joeycumines/go-behaviortree.Sequence
        │   │       │   ├── [util.go:140       selector.go:21]  github.com/joeycumines/go-pabt.(*node[...]).bt.func1 | github.com/joeycumines/go-behaviortree.Selector
        │   │       │   │   ├── [util.go:158       util.go:158   ]  github.com/joeycumines/go-pabt.newConditionNode[...] | github.com/joeycumines/go-pabt.newConditionNode[...].func1
        │   │       │   │   └── [util.go:140       memorize.go:34]  github.com/joeycumines/go-pabt.(*node[...]).bt.func1 | github.com/joeycumines/go-pabt.(*precondition[...]).expand.Memorize.func1
        │   │       │   │       ├── [util.go:140       sequence.go:21]  github.com/joeycumines/go-pabt.(*node[...]).bt.func1 | github.com/joeycumines/go-behaviortree.Sequence
        │   │       │   │       │   ├── [util.go:158       util.go:158   ]  github.com/joeycumines/go-pabt.newConditionNode[...] | github.com/joeycumines/go-pabt.newConditionNode[...].func1
        │   │       │   │       │   └── [graph_test.go:119 util.go:438    pre:s5 post:s4]  github.com/joeycumines/go-pabt.(*graphState).Actions | github.com/joeycumines/go-pabt.(*node[...]).generateAc
tion.wrapActionNodeHandleSetRunning.func2.1
        │   │       │   │       ├── [util.go:140       sequence.go:21]  github.com/joeycumines/go-pabt.(*node[...]).bt.func1 | github.com/joeycumines/go-behaviortree.Sequence
        │   │       │   │       │   ├── [util.go:158       util.go:158   ]  github.com/joeycumines/go-pabt.newConditionNode[...] | github.com/joeycumines/go-pabt.newConditionNode[...].func1
        │   │       │   │       │   └── [graph_test.go:119 util.go:438    pre:s3 post:s4]  github.com/joeycumines/go-pabt.(*graphState).Actions | github.com/joeycumines/go-pabt.(*node[...]).generateAc
tion.wrapActionNodeHandleSetRunning.func2.1
        │   │       │   │       └── [util.go:140       sequence.go:21]  github.com/joeycumines/go-pabt.(*node[...]).bt.func1 | github.com/joeycumines/go-behaviortree.Sequence
        │   │       │   │           ├── [util.go:158       util.go:158   ]  github.com/joeycumines/go-pabt.newConditionNode[...] | github.com/joeycumines/go-pabt.newConditionNode[...].func1
        │   │       │   │           └── [graph_test.go:119 util.go:438    pre:s1 post:s4]  github.com/joeycumines/go-pabt.(*graphState).Actions | github.com/joeycumines/go-pabt.(*node[...]).generateAc
tion.wrapActionNodeHandleSetRunning.func2.1
        │   │       │   └── [graph_test.go:119 util.go:438    pre:s4 post:s5]  github.com/joeycumines/go-pabt.(*graphState).Actions | github.com/joeycumines/go-pabt.(*node[...]).generateAction.wrapAct
ionNodeHandleSetRunning.func2.1
        │   │       └── [util.go:140       sequence.go:21]  github.com/joeycumines/go-pabt.(*node[...]).bt.func1 | github.com/joeycumines/go-behaviortree.Sequence
        │   │           ├── [util.go:140       selector.go:21]  github.com/joeycumines/go-pabt.(*node[...]).bt.func1 | github.com/joeycumines/go-behaviortree.Selector
        │   │           │   ├── [util.go:158       util.go:158   ]  github.com/joeycumines/go-pabt.newConditionNode[...] | github.com/joeycumines/go-pabt.newConditionNode[...].func1
        │   │           │   └── [util.go:140       memorize.go:34]  github.com/joeycumines/go-pabt.(*node[...]).bt.func1 | github.com/joeycumines/go-pabt.(*precondition[...]).expand.Memorize.func1
        │   │           │       ├── [util.go:140       sequence.go:21]  github.com/joeycumines/go-pabt.(*node[...]).bt.func1 | github.com/joeycumines/go-behaviortree.Sequence
        │   │           │       │   ├── [util.go:158       util.go:158   ]  github.com/joeycumines/go-pabt.newConditionNode[...] | github.com/joeycumines/go-pabt.newConditionNode[...].func1
        │   │           │       │   └── [graph_test.go:119 util.go:438    pre:s5 post:s2]  github.com/joeycumines/go-pabt.(*graphState).Actions | github.com/joeycumines/go-pabt.(*node[...]).generateAc
tion.wrapActionNodeHandleSetRunning.func2.1
        │   │           │       └── [util.go:140       sequence.go:21]  github.com/joeycumines/go-pabt.(*node[...]).bt.func1 | github.com/joeycumines/go-behaviortree.Sequence
        │   │           │           ├── [util.go:158       util.go:158   ]  github.com/joeycumines/go-pabt.newConditionNode[...] | github.com/joeycumines/go-pabt.newConditionNode[...].func1
        │   │           │           └── [graph_test.go:119 util.go:438    pre:s1 post:s2]  github.com/joeycumines/go-pabt.(*graphState).Actions | github.com/joeycumines/go-pabt.(*node[...]).generateAc
tion.wrapActionNodeHandleSetRunning.func2.1
        │   │           └── [graph_test.go:119 util.go:438    pre:s2 post:s5]  github.com/joeycumines/go-pabt.(*graphState).Actions | github.com/joeycumines/go-pabt.(*node[...]).generateAction.wrapAct
ionNodeHandleSetRunning.func2.1
        │   └── [graph_test.go:119 util.go:438    pre:s5 post:sg]  github.com/joeycumines/go-pabt.(*graphState).Actions | github.com/joeycumines/go-pabt.(*node[...]).generateAction.wrapActionNodeHandl
eSetRunning.func2.1
        └── [util.go:140       sequence.go:21]  github.com/joeycumines/go-pabt.(*node[...]).bt.func1 | github.com/joeycumines/go-behaviortree.Sequence
            ├── [util.go:140       selector.go:21]  github.com/joeycumines/go-pabt.(*node[...]).bt.func1 | github.com/joeycumines/go-behaviortree.Selector
            │   ├── [util.go:158       util.go:158   ]  github.com/joeycumines/go-pabt.newConditionNode[...] | github.com/joeycumines/go-pabt.newConditionNode[...].func1
            │   └── [util.go:140       memorize.go:34]  github.com/joeycumines/go-pabt.(*node[...]).bt.func1 | github.com/joeycumines/go-pabt.(*precondition[...]).expand.Memorize.func1
            │       ├── [util.go:140       sequence.go:21]  github.com/joeycumines/go-pabt.(*node[...]).bt.func1 | github.com/joeycumines/go-behaviortree.Sequence
            │       │   ├── [util.go:140       selector.go:21]  github.com/joeycumines/go-pabt.(*node[...]).bt.func1 | github.com/joeycumines/go-behaviortree.Selector
            │       │   │   ├── [util.go:158       util.go:158   ]  github.com/joeycumines/go-pabt.newConditionNode[...] | github.com/joeycumines/go-pabt.newConditionNode[...].func1
            │       │   │   └── [util.go:140       memorize.go:34]  github.com/joeycumines/go-pabt.(*node[...]).bt.func1 | github.com/joeycumines/go-pabt.(*precondition[...]).expand.Memorize.func1
            │       │   │       ├── [util.go:140       sequence.go:21]  github.com/joeycumines/go-pabt.(*node[...]).bt.func1 | github.com/joeycumines/go-behaviortree.Sequence
            │       │   │       │   ├── [util.go:158       util.go:158   ]  github.com/joeycumines/go-pabt.newConditionNode[...] | github.com/joeycumines/go-pabt.newConditionNode[...].func1
            │       │   │       │   └── [graph_test.go:119 util.go:438    pre:s5 post:sg]  github.com/joeycumines/go-pabt.(*graphState).Actions | github.com/joeycumines/go-pabt.(*node[...]).generateAc
tion.wrapActionNodeHandleSetRunning.func2.1
            │       │   │       └── [util.go:140       sequence.go:21]  github.com/joeycumines/go-pabt.(*node[...]).bt.func1 | github.com/joeycumines/go-behaviortree.Sequence
            │       │   │           ├── [util.go:158       util.go:158   ]  github.com/joeycumines/go-pabt.newConditionNode[...] | github.com/joeycumines/go-pabt.newConditionNode[...].func1
            │       │   │           └── [graph_test.go:119 util.go:438    pre:s3 post:sg]  github.com/joeycumines/go-pabt.(*graphState).Actions | github.com/joeycumines/go-pabt.(*node[...]).generateAc
tion.wrapActionNodeHandleSetRunning.func2.1
            │       │   └── [graph_test.go:119 util.go:438    pre:sg post:s3]  github.com/joeycumines/go-pabt.(*graphState).Actions | github.com/joeycumines/go-pabt.(*node[...]).generateAction.wrapAct
ionNodeHandleSetRunning.func2.1
            │       ├── [util.go:140       sequence.go:21]  github.com/joeycumines/go-pabt.(*node[...]).bt.func1 | github.com/joeycumines/go-behaviortree.Sequence
            │       │   ├── [util.go:140       selector.go:21]  github.com/joeycumines/go-pabt.(*node[...]).bt.func1 | github.com/joeycumines/go-behaviortree.Selector
            │       │   │   ├── [util.go:158       util.go:158   ]  github.com/joeycumines/go-pabt.newConditionNode[...] | github.com/joeycumines/go-pabt.newConditionNode[...].func1
            │       │   │   └── [util.go:140       memorize.go:34]  github.com/joeycumines/go-pabt.(*node[...]).bt.func1 | github.com/joeycumines/go-pabt.(*precondition[...]).expand.Memorize.func1
            │       │   │       ├── [util.go:140       sequence.go:21]  github.com/joeycumines/go-pabt.(*node[...]).bt.func1 | github.com/joeycumines/go-behaviortree.Sequence
            │       │   │       │   ├── [util.go:158       util.go:158   ]  github.com/joeycumines/go-pabt.newConditionNode[...] | github.com/joeycumines/go-pabt.newConditionNode[...].func1
            │       │   │       │   └── [graph_test.go:119 util.go:438    pre:s5 post:s4]  github.com/joeycumines/go-pabt.(*graphState).Actions | github.com/joeycumines/go-pabt.(*node[...]).generateAc
tion.wrapActionNodeHandleSetRunning.func2.1
            │       │   │       ├── [util.go:140       sequence.go:21]  github.com/joeycumines/go-pabt.(*node[...]).bt.func1 | github.com/joeycumines/go-behaviortree.Sequence
            │       │   │       │   ├── [util.go:158       util.go:158   ]  github.com/joeycumines/go-pabt.newConditionNode[...] | github.com/joeycumines/go-pabt.newConditionNode[...].func1
            │       │   │       │   └── [graph_test.go:119 util.go:438    pre:s3 post:s4]  github.com/joeycumines/go-pabt.(*graphState).Actions | github.com/joeycumines/go-pabt.(*node[...]).generateAc
tion.wrapActionNodeHandleSetRunning.func2.1
            │       │   │       └── [util.go:140       sequence.go:21]  github.com/joeycumines/go-pabt.(*node[...]).bt.func1 | github.com/joeycumines/go-behaviortree.Sequence
            │       │   │           ├── [util.go:158       util.go:158   ]  github.com/joeycumines/go-pabt.newConditionNode[...] | github.com/joeycumines/go-pabt.newConditionNode[...].func1
            │       │   │           └── [graph_test.go:119 util.go:438    pre:s1 post:s4]  github.com/joeycumines/go-pabt.(*graphState).Actions | github.com/joeycumines/go-pabt.(*node[...]).generateAc
tion.wrapActionNodeHandleSetRunning.func2.1
            │       │   └── [graph_test.go:119 util.go:438    pre:s4 post:s3]  github.com/joeycumines/go-pabt.(*graphState).Actions | github.com/joeycumines/go-pabt.(*node[...]).generateAction.wrapAct
ionNodeHandleSetRunning.func2.1
            │       └── [util.go:140       sequence.go:21]  github.com/joeycumines/go-pabt.(*node[...]).bt.func1 | github.com/joeycumines/go-behaviortree.Sequence
            │           ├── [util.go:158       util.go:158   ]  github.com/joeycumines/go-pabt.newConditionNode[...] | github.com/joeycumines/go-pabt.newConditionNode[...].func1
            │           └── [graph_test.go:119 util.go:438    pre:s1 post:s3]  github.com/joeycumines/go-pabt.(*graphState).Actions | github.com/joeycumines/go-pabt.(*node[...]).generateAction.wrapAct
ionNodeHandleSetRunning.func2.1
            └── [graph_test.go:119 util.go:438    pre:s3 post:sg]  github.com/joeycumines/go-pabt.(*graphState).Actions | github.com/joeycumines/go-pabt.(*node[...]).generateAction.wrapActionNodeHandl
eSetRunning.func2.1

iteration = 9, status = running, err = <nil>, actor = s0
[pabt.go:215       pabt.go:247   ]  github.com/joeycumines/go-pabt.Example_graph.(*Plan[...]).Node.func3 | github.com/joeycumines/go-pabt.(*Plan[...]).bt.func2
└── [util.go:140       selector.go:21]  github.com/joeycumines/go-pabt.(*node[...]).bt.func1 | github.com/joeycumines/go-behaviortree.Selector
    ├── [util.go:158       util.go:158   ]  github.com/joeycumines/go-pabt.newConditionNode[...] | github.com/joeycumines/go-pabt.newConditionNode[...].func1
    └── [util.go:140       memorize.go:34]  github.com/joeycumines/go-pabt.(*node[...]).bt.func1 | github.com/joeycumines/go-pabt.(*precondition[...]).expand.Memorize.func1
        ├── [util.go:140       sequence.go:21]  github.com/joeycumines/go-pabt.(*node[...]).bt.func1 | github.com/joeycumines/go-behaviortree.Sequence
        │   ├── [util.go:140       selector.go:21]  github.com/joeycumines/go-pabt.(*node[...]).bt.func1 | github.com/joeycumines/go-behaviortree.Selector
        │   │   ├── [util.go:158       util.go:158   ]  github.com/joeycumines/go-pabt.newConditionNode[...] | github.com/joeycumines/go-pabt.newConditionNode[...].func1
        │   │   └── [util.go:140       memorize.go:34]  github.com/joeycumines/go-pabt.(*node[...]).bt.func1 | github.com/joeycumines/go-pabt.(*precondition[...]).expand.Memorize.func1
        │   │       ├── [util.go:140       sequence.go:21]  github.com/joeycumines/go-pabt.(*node[...]).bt.func1 | github.com/joeycumines/go-behaviortree.Sequence
        │   │       │   ├── [util.go:140       selector.go:21]  github.com/joeycumines/go-pabt.(*node[...]).bt.func1 | github.com/joeycumines/go-behaviortree.Selector
        │   │       │   │   ├── [util.go:158       util.go:158   ]  github.com/joeycumines/go-pabt.newConditionNode[...] | github.com/joeycumines/go-pabt.newConditionNode[...].func1
        │   │       │   │   └── [util.go:140       memorize.go:34]  github.com/joeycumines/go-pabt.(*node[...]).bt.func1 | github.com/joeycumines/go-pabt.(*precondition[...]).expand.Memorize.func1
        │   │       │   │       ├── [util.go:140       sequence.go:21]  github.com/joeycumines/go-pabt.(*node[...]).bt.func1 | github.com/joeycumines/go-behaviortree.Sequence
        │   │       │   │       │   ├── [util.go:158       util.go:158   ]  github.com/joeycumines/go-pabt.newConditionNode[...] | github.com/joeycumines/go-pabt.newConditionNode[...].func1
        │   │       │   │       │   └── [graph_test.go:119 util.go:438    pre:s5 post:sg]  github.com/joeycumines/go-pabt.(*graphState).Actions | github.com/joeycumines/go-pabt.(*node[...]).generateAc
tion.wrapActionNodeHandleSetRunning.func2.1
        │   │       │   │       └── [util.go:140       sequence.go:21]  github.com/joeycumines/go-pabt.(*node[...]).bt.func1 | github.com/joeycumines/go-behaviortree.Sequence
        │   │       │   │           ├── [util.go:158       util.go:158   ]  github.com/joeycumines/go-pabt.newConditionNode[...] | github.com/joeycumines/go-pabt.newConditionNode[...].func1
        │   │       │   │           └── [graph_test.go:119 util.go:438    pre:s3 post:sg]  github.com/joeycumines/go-pabt.(*graphState).Actions | github.com/joeycumines/go-pabt.(*node[...]).generateAc
tion.wrapActionNodeHandleSetRunning.func2.1
        │   │       │   └── [graph_test.go:119 util.go:438    pre:sg post:s5]  github.com/joeycumines/go-pabt.(*graphState).Actions | github.com/joeycumines/go-pabt.(*node[...]).generateAction.wrapAct
ionNodeHandleSetRunning.func2.1
        │   │       ├── [util.go:140       sequence.go:21]  github.com/joeycumines/go-pabt.(*node[...]).bt.func1 | github.com/joeycumines/go-behaviortree.Sequence
        │   │       │   ├── [util.go:140       selector.go:21]  github.com/joeycumines/go-pabt.(*node[...]).bt.func1 | github.com/joeycumines/go-behaviortree.Selector
        │   │       │   │   ├── [util.go:158       util.go:158   ]  github.com/joeycumines/go-pabt.newConditionNode[...] | github.com/joeycumines/go-pabt.newConditionNode[...].func1
        │   │       │   │   └── [util.go:140       memorize.go:34]  github.com/joeycumines/go-pabt.(*node[...]).bt.func1 | github.com/joeycumines/go-pabt.(*precondition[...]).expand.Memorize.func1
        │   │       │   │       ├── [util.go:140       sequence.go:21]  github.com/joeycumines/go-pabt.(*node[...]).bt.func1 | github.com/joeycumines/go-behaviortree.Sequence
        │   │       │   │       │   ├── [util.go:158       util.go:158   ]  github.com/joeycumines/go-pabt.newConditionNode[...] | github.com/joeycumines/go-pabt.newConditionNode[...].func1
        │   │       │   │       │   └── [graph_test.go:119 util.go:438    pre:s5 post:s4]  github.com/joeycumines/go-pabt.(*graphState).Actions | github.com/joeycumines/go-pabt.(*node[...]).generateAc
tion.wrapActionNodeHandleSetRunning.func2.1
        │   │       │   │       ├── [util.go:140       sequence.go:21]  github.com/joeycumines/go-pabt.(*node[...]).bt.func1 | github.com/joeycumines/go-behaviortree.Sequence
        │   │       │   │       │   ├── [util.go:158       util.go:158   ]  github.com/joeycumines/go-pabt.newConditionNode[...] | github.com/joeycumines/go-pabt.newConditionNode[...].func1
        │   │       │   │       │   └── [graph_test.go:119 util.go:438    pre:s3 post:s4]  github.com/joeycumines/go-pabt.(*graphState).Actions | github.com/joeycumines/go-pabt.(*node[...]).generateAc
tion.wrapActionNodeHandleSetRunning.func2.1
        │   │       │   │       └── [util.go:140       sequence.go:21]  github.com/joeycumines/go-pabt.(*node[...]).bt.func1 | github.com/joeycumines/go-behaviortree.Sequence
        │   │       │   │           ├── [util.go:158       util.go:158   ]  github.com/joeycumines/go-pabt.newConditionNode[...] | github.com/joeycumines/go-pabt.newConditionNode[...].func1
        │   │       │   │           └── [graph_test.go:119 util.go:438    pre:s1 post:s4]  github.com/joeycumines/go-pabt.(*graphState).Actions | github.com/joeycumines/go-pabt.(*node[...]).generateAc
tion.wrapActionNodeHandleSetRunning.func2.1
        │   │       │   └── [graph_test.go:119 util.go:438    pre:s4 post:s5]  github.com/joeycumines/go-pabt.(*graphState).Actions | github.com/joeycumines/go-pabt.(*node[...]).generateAction.wrapAct
ionNodeHandleSetRunning.func2.1
        │   │       └── [util.go:140       sequence.go:21]  github.com/joeycumines/go-pabt.(*node[...]).bt.func1 | github.com/joeycumines/go-behaviortree.Sequence
        │   │           ├── [util.go:140       selector.go:21]  github.com/joeycumines/go-pabt.(*node[...]).bt.func1 | github.com/joeycumines/go-behaviortree.Selector
        │   │           │   ├── [util.go:158       util.go:158   ]  github.com/joeycumines/go-pabt.newConditionNode[...] | github.com/joeycumines/go-pabt.newConditionNode[...].func1
        │   │           │   └── [util.go:140       memorize.go:34]  github.com/joeycumines/go-pabt.(*node[...]).bt.func1 | github.com/joeycumines/go-pabt.(*precondition[...]).expand.Memorize.func1
        │   │           │       ├── [util.go:140       sequence.go:21]  github.com/joeycumines/go-pabt.(*node[...]).bt.func1 | github.com/joeycumines/go-behaviortree.Sequence
        │   │           │       │   ├── [util.go:158       util.go:158   ]  github.com/joeycumines/go-pabt.newConditionNode[...] | github.com/joeycumines/go-pabt.newConditionNode[...].func1
        │   │           │       │   └── [graph_test.go:119 util.go:438    pre:s5 post:s2]  github.com/joeycumines/go-pabt.(*graphState).Actions | github.com/joeycumines/go-pabt.(*node[...]).generateAc
tion.wrapActionNodeHandleSetRunning.func2.1
        │   │           │       └── [util.go:140       sequence.go:21]  github.com/joeycumines/go-pabt.(*node[...]).bt.func1 | github.com/joeycumines/go-behaviortree.Sequence
        │   │           │           ├── [util.go:158       util.go:158   ]  github.com/joeycumines/go-pabt.newConditionNode[...] | github.com/joeycumines/go-pabt.newConditionNode[...].func1
        │   │           │           └── [graph_test.go:119 util.go:438    pre:s1 post:s2]  github.com/joeycumines/go-pabt.(*graphState).Actions | github.com/joeycumines/go-pabt.(*node[...]).generateAc
tion.wrapActionNodeHandleSetRunning.func2.1
        │   │           └── [graph_test.go:119 util.go:438    pre:s2 post:s5]  github.com/joeycumines/go-pabt.(*graphState).Actions | github.com/joeycumines/go-pabt.(*node[...]).generateAction.wrapAct
ionNodeHandleSetRunning.func2.1
        │   └── [graph_test.go:119 util.go:438    pre:s5 post:sg]  github.com/joeycumines/go-pabt.(*graphState).Actions | github.com/joeycumines/go-pabt.(*node[...]).generateAction.wrapActionNodeHandl
eSetRunning.func2.1
        └── [util.go:140       sequence.go:21]  github.com/joeycumines/go-pabt.(*node[...]).bt.func1 | github.com/joeycumines/go-behaviortree.Sequence
            ├── [util.go:140       selector.go:21]  github.com/joeycumines/go-pabt.(*node[...]).bt.func1 | github.com/joeycumines/go-behaviortree.Selector
            │   ├── [util.go:158       util.go:158   ]  github.com/joeycumines/go-pabt.newConditionNode[...] | github.com/joeycumines/go-pabt.newConditionNode[...].func1
            │   └── [util.go:140       memorize.go:34]  github.com/joeycumines/go-pabt.(*node[...]).bt.func1 | github.com/joeycumines/go-pabt.(*precondition[...]).expand.Memorize.func1
            │       ├── [util.go:140       sequence.go:21]  github.com/joeycumines/go-pabt.(*node[...]).bt.func1 | github.com/joeycumines/go-behaviortree.Sequence
            │       │   ├── [util.go:140       selector.go:21]  github.com/joeycumines/go-pabt.(*node[...]).bt.func1 | github.com/joeycumines/go-behaviortree.Selector
            │       │   │   ├── [util.go:158       util.go:158   ]  github.com/joeycumines/go-pabt.newConditionNode[...] | github.com/joeycumines/go-pabt.newConditionNode[...].func1
            │       │   │   └── [util.go:140       memorize.go:34]  github.com/joeycumines/go-pabt.(*node[...]).bt.func1 | github.com/joeycumines/go-pabt.(*precondition[...]).expand.Memorize.func1
            │       │   │       ├── [util.go:140       sequence.go:21]  github.com/joeycumines/go-pabt.(*node[...]).bt.func1 | github.com/joeycumines/go-behaviortree.Sequence
            │       │   │       │   ├── [util.go:158       util.go:158   ]  github.com/joeycumines/go-pabt.newConditionNode[...] | github.com/joeycumines/go-pabt.newConditionNode[...].func1
            │       │   │       │   └── [graph_test.go:119 util.go:438    pre:s5 post:sg]  github.com/joeycumines/go-pabt.(*graphState).Actions | github.com/joeycumines/go-pabt.(*node[...]).generateAc
tion.wrapActionNodeHandleSetRunning.func2.1
            │       │   │       └── [util.go:140       sequence.go:21]  github.com/joeycumines/go-pabt.(*node[...]).bt.func1 | github.com/joeycumines/go-behaviortree.Sequence
            │       │   │           ├── [util.go:158       util.go:158   ]  github.com/joeycumines/go-pabt.newConditionNode[...] | github.com/joeycumines/go-pabt.newConditionNode[...].func1
            │       │   │           └── [graph_test.go:119 util.go:438    pre:s3 post:sg]  github.com/joeycumines/go-pabt.(*graphState).Actions | github.com/joeycumines/go-pabt.(*node[...]).generateAc
tion.wrapActionNodeHandleSetRunning.func2.1
            │       │   └── [graph_test.go:119 util.go:438    pre:sg post:s3]  github.com/joeycumines/go-pabt.(*graphState).Actions | github.com/joeycumines/go-pabt.(*node[...]).generateAction.wrapAct
ionNodeHandleSetRunning.func2.1
            │       ├── [util.go:140       sequence.go:21]  github.com/joeycumines/go-pabt.(*node[...]).bt.func1 | github.com/joeycumines/go-behaviortree.Sequence
            │       │   ├── [util.go:140       selector.go:21]  github.com/joeycumines/go-pabt.(*node[...]).bt.func1 | github.com/joeycumines/go-behaviortree.Selector
            │       │   │   ├── [util.go:158       util.go:158   ]  github.com/joeycumines/go-pabt.newConditionNode[...] | github.com/joeycumines/go-pabt.newConditionNode[...].func1
            │       │   │   └── [util.go:140       memorize.go:34]  github.com/joeycumines/go-pabt.(*node[...]).bt.func1 | github.com/joeycumines/go-pabt.(*precondition[...]).expand.Memorize.func1
            │       │   │       ├── [util.go:140       sequence.go:21]  github.com/joeycumines/go-pabt.(*node[...]).bt.func1 | github.com/joeycumines/go-behaviortree.Sequence
            │       │   │       │   ├── [util.go:158       util.go:158   ]  github.com/joeycumines/go-pabt.newConditionNode[...] | github.com/joeycumines/go-pabt.newConditionNode[...].func1
            │       │   │       │   └── [graph_test.go:119 util.go:438    pre:s5 post:s4]  github.com/joeycumines/go-pabt.(*graphState).Actions | github.com/joeycumines/go-pabt.(*node[...]).generateAc
tion.wrapActionNodeHandleSetRunning.func2.1
            │       │   │       ├── [util.go:140       sequence.go:21]  github.com/joeycumines/go-pabt.(*node[...]).bt.func1 | github.com/joeycumines/go-behaviortree.Sequence
            │       │   │       │   ├── [util.go:158       util.go:158   ]  github.com/joeycumines/go-pabt.newConditionNode[...] | github.com/joeycumines/go-pabt.newConditionNode[...].func1
            │       │   │       │   └── [graph_test.go:119 util.go:438    pre:s3 post:s4]  github.com/joeycumines/go-pabt.(*graphState).Actions | github.com/joeycumines/go-pabt.(*node[...]).generateAc
tion.wrapActionNodeHandleSetRunning.func2.1
            │       │   │       └── [util.go:140       sequence.go:21]  github.com/joeycumines/go-pabt.(*node[...]).bt.func1 | github.com/joeycumines/go-behaviortree.Sequence
            │       │   │           ├── [util.go:158       util.go:158   ]  github.com/joeycumines/go-pabt.newConditionNode[...] | github.com/joeycumines/go-pabt.newConditionNode[...].func1
            │       │   │           └── [graph_test.go:119 util.go:438    pre:s1 post:s4]  github.com/joeycumines/go-pabt.(*graphState).Actions | github.com/joeycumines/go-pabt.(*node[...]).generateAc
tion.wrapActionNodeHandleSetRunning.func2.1
            │       │   └── [graph_test.go:119 util.go:438    pre:s4 post:s3]  github.com/joeycumines/go-pabt.(*graphState).Actions | github.com/joeycumines/go-pabt.(*node[...]).generateAction.wrapAct
ionNodeHandleSetRunning.func2.1
            │       └── [util.go:140       sequence.go:21]  github.com/joeycumines/go-pabt.(*node[...]).bt.func1 | github.com/joeycumines/go-behaviortree.Sequence
            │           ├── [util.go:140       selector.go:21]  github.com/joeycumines/go-pabt.(*node[...]).bt.func1 | github.com/joeycumines/go-behaviortree.Selector
            │           │   ├── [util.go:158       util.go:158   ]  github.com/joeycumines/go-pabt.newConditionNode[...] | github.com/joeycumines/go-pabt.newConditionNode[...].func1
            │           │   └── [util.go:140       memorize.go:34]  github.com/joeycumines/go-pabt.(*node[...]).bt.func1 | github.com/joeycumines/go-pabt.(*precondition[...]).expand.Memorize.func1
            │           │       ├── [util.go:140       sequence.go:21]  github.com/joeycumines/go-pabt.(*node[...]).bt.func1 | github.com/joeycumines/go-behaviortree.Sequence
            │           │       │   ├── [util.go:158       util.go:158   ]  github.com/joeycumines/go-pabt.newConditionNode[...] | github.com/joeycumines/go-pabt.newConditionNode[...].func1
            │           │       │   └── [graph_test.go:119 util.go:438    pre:s4 post:s1]  github.com/joeycumines/go-pabt.(*graphState).Actions | github.com/joeycumines/go-pabt.(*node[...]).generateAc
tion.wrapActionNodeHandleSetRunning.func2.1
            │           │       ├── [util.go:140       sequence.go:21]  github.com/joeycumines/go-pabt.(*node[...]).bt.func1 | github.com/joeycumines/go-behaviortree.Sequence
            │           │       │   ├── [util.go:158       util.go:158   ]  github.com/joeycumines/go-pabt.newConditionNode[...] | github.com/joeycumines/go-pabt.newConditionNode[...].func1
            │           │       │   └── [graph_test.go:119 util.go:438    pre:s3 post:s1]  github.com/joeycumines/go-pabt.(*graphState).Actions | github.com/joeycumines/go-pabt.(*node[...]).generateAc
tion.wrapActionNodeHandleSetRunning.func2.1
            │           │       ├── [util.go:140       sequence.go:21]  github.com/joeycumines/go-pabt.(*node[...]).bt.func1 | github.com/joeycumines/go-behaviortree.Sequence
            │           │       │   ├── [util.go:158       util.go:158   ]  github.com/joeycumines/go-pabt.newConditionNode[...] | github.com/joeycumines/go-pabt.newConditionNode[...].func1
            │           │       │   └── [graph_test.go:119 util.go:438    pre:s2 post:s1]  github.com/joeycumines/go-pabt.(*graphState).Actions | github.com/joeycumines/go-pabt.(*node[...]).generateAc
tion.wrapActionNodeHandleSetRunning.func2.1
            │           │       └── [util.go:140       sequence.go:21]  github.com/joeycumines/go-pabt.(*node[...]).bt.func1 | github.com/joeycumines/go-behaviortree.Sequence
            │           │           ├── [util.go:158       util.go:158   ]  github.com/joeycumines/go-pabt.newConditionNode[...] | github.com/joeycumines/go-pabt.newConditionNode[...].func1
            │           │           └── [graph_test.go:119 util.go:438    pre:s0 post:s1]  github.com/joeycumines/go-pabt.(*graphState).Actions | github.com/joeycumines/go-pabt.(*node[...]).generateAc
tion.wrapActionNodeHandleSetRunning.func2.1
            │           └── [graph_test.go:119 util.go:438    pre:s1 post:s3]  github.com/joeycumines/go-pabt.(*graphState).Actions | github.com/joeycumines/go-pabt.(*node[...]).generateAction.wrapAct
ionNodeHandleSetRunning.func2.1
            └── [graph_test.go:119 util.go:438    pre:s3 post:sg]  github.com/joeycumines/go-pabt.(*graphState).Actions | github.com/joeycumines/go-pabt.(*node[...]).generateAction.wrapActionNodeHandl
eSetRunning.func2.1

actor s0 -> s1

actor s1 -> s3

actor s3 -> sg

iteration = 10, status = success, err = <nil>, actor = sg
[pabt.go:215       pabt.go:247   ]  github.com/joeycumines/go-pabt.Example_graph.(*Plan[...]).Node.func3 | github.com/joeycumines/go-pabt.(*Plan[...]).bt.func2
└── [util.go:140       selector.go:21]  github.com/joeycumines/go-pabt.(*node[...]).bt.func1 | github.com/joeycumines/go-behaviortree.Selector
    ├── [util.go:158       util.go:158   ]  github.com/joeycumines/go-pabt.newConditionNode[...] | github.com/joeycumines/go-pabt.newConditionNode[...].func1
    └── [util.go:140       memorize.go:34]  github.com/joeycumines/go-pabt.(*node[...]).bt.func1 | github.com/joeycumines/go-pabt.(*precondition[...]).expand.Memorize.func1
        ├── [util.go:140       sequence.go:21]  github.com/joeycumines/go-pabt.(*node[...]).bt.func1 | github.com/joeycumines/go-behaviortree.Sequence
        │   ├── [util.go:140       selector.go:21]  github.com/joeycumines/go-pabt.(*node[...]).bt.func1 | github.com/joeycumines/go-behaviortree.Selector
        │   │   ├── [util.go:158       util.go:158   ]  github.com/joeycumines/go-pabt.newConditionNode[...] | github.com/joeycumines/go-pabt.newConditionNode[...].func1
        │   │   └── [util.go:140       memorize.go:34]  github.com/joeycumines/go-pabt.(*node[...]).bt.func1 | github.com/joeycumines/go-pabt.(*precondition[...]).expand.Memorize.func1
        │   │       ├── [util.go:140       sequence.go:21]  github.com/joeycumines/go-pabt.(*node[...]).bt.func1 | github.com/joeycumines/go-behaviortree.Sequence
        │   │       │   ├── [util.go:140       selector.go:21]  github.com/joeycumines/go-pabt.(*node[...]).bt.func1 | github.com/joeycumines/go-behaviortree.Selector
        │   │       │   │   ├── [util.go:158       util.go:158   ]  github.com/joeycumines/go-pabt.newConditionNode[...] | github.com/joeycumines/go-pabt.newConditionNode[...].func1
        │   │       │   │   └── [util.go:140       memorize.go:34]  github.com/joeycumines/go-pabt.(*node[...]).bt.func1 | github.com/joeycumines/go-pabt.(*precondition[...]).expand.Memorize.func1
        │   │       │   │       ├── [util.go:140       sequence.go:21]  github.com/joeycumines/go-pabt.(*node[...]).bt.func1 | github.com/joeycumines/go-behaviortree.Sequence
        │   │       │   │       │   ├── [util.go:158       util.go:158   ]  github.com/joeycumines/go-pabt.newConditionNode[...] | github.com/joeycumines/go-pabt.newConditionNode[...].func1
        │   │       │   │       │   └── [graph_test.go:119 util.go:438    pre:s5 post:sg]  github.com/joeycumines/go-pabt.(*graphState).Actions | github.com/joeycumines/go-pabt.(*node[...]).generateAc
tion.wrapActionNodeHandleSetRunning.func2.1
        │   │       │   │       └── [util.go:140       sequence.go:21]  github.com/joeycumines/go-pabt.(*node[...]).bt.func1 | github.com/joeycumines/go-behaviortree.Sequence
        │   │       │   │           ├── [util.go:158       util.go:158   ]  github.com/joeycumines/go-pabt.newConditionNode[...] | github.com/joeycumines/go-pabt.newConditionNode[...].func1
        │   │       │   │           └── [graph_test.go:119 util.go:438    pre:s3 post:sg]  github.com/joeycumines/go-pabt.(*graphState).Actions | github.com/joeycumines/go-pabt.(*node[...]).generateAc
tion.wrapActionNodeHandleSetRunning.func2.1
        │   │       │   └── [graph_test.go:119 util.go:438    pre:sg post:s5]  github.com/joeycumines/go-pabt.(*graphState).Actions | github.com/joeycumines/go-pabt.(*node[...]).generateAction.wrapAct
ionNodeHandleSetRunning.func2.1
        │   │       ├── [util.go:140       sequence.go:21]  github.com/joeycumines/go-pabt.(*node[...]).bt.func1 | github.com/joeycumines/go-behaviortree.Sequence
        │   │       │   ├── [util.go:140       selector.go:21]  github.com/joeycumines/go-pabt.(*node[...]).bt.func1 | github.com/joeycumines/go-behaviortree.Selector
        │   │       │   │   ├── [util.go:158       util.go:158   ]  github.com/joeycumines/go-pabt.newConditionNode[...] | github.com/joeycumines/go-pabt.newConditionNode[...].func1
        │   │       │   │   └── [util.go:140       memorize.go:34]  github.com/joeycumines/go-pabt.(*node[...]).bt.func1 | github.com/joeycumines/go-pabt.(*precondition[...]).expand.Memorize.func1
        │   │       │   │       ├── [util.go:140       sequence.go:21]  github.com/joeycumines/go-pabt.(*node[...]).bt.func1 | github.com/joeycumines/go-behaviortree.Sequence
        │   │       │   │       │   ├── [util.go:158       util.go:158   ]  github.com/joeycumines/go-pabt.newConditionNode[...] | github.com/joeycumines/go-pabt.newConditionNode[...].func1
        │   │       │   │       │   └── [graph_test.go:119 util.go:438    pre:s5 post:s4]  github.com/joeycumines/go-pabt.(*graphState).Actions | github.com/joeycumines/go-pabt.(*node[...]).generateAc
tion.wrapActionNodeHandleSetRunning.func2.1
        │   │       │   │       ├── [util.go:140       sequence.go:21]  github.com/joeycumines/go-pabt.(*node[...]).bt.func1 | github.com/joeycumines/go-behaviortree.Sequence
        │   │       │   │       │   ├── [util.go:158       util.go:158   ]  github.com/joeycumines/go-pabt.newConditionNode[...] | github.com/joeycumines/go-pabt.newConditionNode[...].func1
        │   │       │   │       │   └── [graph_test.go:119 util.go:438    pre:s3 post:s4]  github.com/joeycumines/go-pabt.(*graphState).Actions | github.com/joeycumines/go-pabt.(*node[...]).generateAc
tion.wrapActionNodeHandleSetRunning.func2.1
        │   │       │   │       └── [util.go:140       sequence.go:21]  github.com/joeycumines/go-pabt.(*node[...]).bt.func1 | github.com/joeycumines/go-behaviortree.Sequence
        │   │       │   │           ├── [util.go:158       util.go:158   ]  github.com/joeycumines/go-pabt.newConditionNode[...] | github.com/joeycumines/go-pabt.newConditionNode[...].func1
        │   │       │   │           └── [graph_test.go:119 util.go:438    pre:s1 post:s4]  github.com/joeycumines/go-pabt.(*graphState).Actions | github.com/joeycumines/go-pabt.(*node[...]).generateAc
tion.wrapActionNodeHandleSetRunning.func2.1
        │   │       │   └── [graph_test.go:119 util.go:438    pre:s4 post:s5]  github.com/joeycumines/go-pabt.(*graphState).Actions | github.com/joeycumines/go-pabt.(*node[...]).generateAction.wrapAct
ionNodeHandleSetRunning.func2.1
        │   │       └── [util.go:140       sequence.go:21]  github.com/joeycumines/go-pabt.(*node[...]).bt.func1 | github.com/joeycumines/go-behaviortree.Sequence
        │   │           ├── [util.go:140       selector.go:21]  github.com/joeycumines/go-pabt.(*node[...]).bt.func1 | github.com/joeycumines/go-behaviortree.Selector
        │   │           │   ├── [util.go:158       util.go:158   ]  github.com/joeycumines/go-pabt.newConditionNode[...] | github.com/joeycumines/go-pabt.newConditionNode[...].func1
        │   │           │   └── [util.go:140       memorize.go:34]  github.com/joeycumines/go-pabt.(*node[...]).bt.func1 | github.com/joeycumines/go-pabt.(*precondition[...]).expand.Memorize.func1
        │   │           │       ├── [util.go:140       sequence.go:21]  github.com/joeycumines/go-pabt.(*node[...]).bt.func1 | github.com/joeycumines/go-behaviortree.Sequence
        │   │           │       │   ├── [util.go:158       util.go:158   ]  github.com/joeycumines/go-pabt.newConditionNode[...] | github.com/joeycumines/go-pabt.newConditionNode[...].func1
        │   │           │       │   └── [graph_test.go:119 util.go:438    pre:s5 post:s2]  github.com/joeycumines/go-pabt.(*graphState).Actions | github.com/joeycumines/go-pabt.(*node[...]).generateAc
tion.wrapActionNodeHandleSetRunning.func2.1
        │   │           │       └── [util.go:140       sequence.go:21]  github.com/joeycumines/go-pabt.(*node[...]).bt.func1 | github.com/joeycumines/go-behaviortree.Sequence
        │   │           │           ├── [util.go:158       util.go:158   ]  github.com/joeycumines/go-pabt.newConditionNode[...] | github.com/joeycumines/go-pabt.newConditionNode[...].func1
        │   │           │           └── [graph_test.go:119 util.go:438    pre:s1 post:s2]  github.com/joeycumines/go-pabt.(*graphState).Actions | github.com/joeycumines/go-pabt.(*node[...]).generateAc
tion.wrapActionNodeHandleSetRunning.func2.1
        │   │           └── [graph_test.go:119 util.go:438    pre:s2 post:s5]  github.com/joeycumines/go-pabt.(*graphState).Actions | github.com/joeycumines/go-pabt.(*node[...]).generateAction.wrapAct
ionNodeHandleSetRunning.func2.1
        │   └── [graph_test.go:119 util.go:438    pre:s5 post:sg]  github.com/joeycumines/go-pabt.(*graphState).Actions | github.com/joeycumines/go-pabt.(*node[...]).generateAction.wrapActionNodeHandl
eSetRunning.func2.1
        └── [util.go:140       sequence.go:21]  github.com/joeycumines/go-pabt.(*node[...]).bt.func1 | github.com/joeycumines/go-behaviortree.Sequence
            ├── [util.go:140       selector.go:21]  github.com/joeycumines/go-pabt.(*node[...]).bt.func1 | github.com/joeycumines/go-behaviortree.Selector
            │   ├── [util.go:158       util.go:158   ]  github.com/joeycumines/go-pabt.newConditionNode[...] | github.com/joeycumines/go-pabt.newConditionNode[...].func1
            │   └── [util.go:140       memorize.go:34]  github.com/joeycumines/go-pabt.(*node[...]).bt.func1 | github.com/joeycumines/go-pabt.(*precondition[...]).expand.Memorize.func1
            │       ├── [util.go:140       sequence.go:21]  github.com/joeycumines/go-pabt.(*node[...]).bt.func1 | github.com/joeycumines/go-behaviortree.Sequence
            │       │   ├── [util.go:140       selector.go:21]  github.com/joeycumines/go-pabt.(*node[...]).bt.func1 | github.com/joeycumines/go-behaviortree.Selector
            │       │   │   ├── [util.go:158       util.go:158   ]  github.com/joeycumines/go-pabt.newConditionNode[...] | github.com/joeycumines/go-pabt.newConditionNode[...].func1
            │       │   │   └── [util.go:140       memorize.go:34]  github.com/joeycumines/go-pabt.(*node[...]).bt.func1 | github.com/joeycumines/go-pabt.(*precondition[...]).expand.Memorize.func1
            │       │   │       ├── [util.go:140       sequence.go:21]  github.com/joeycumines/go-pabt.(*node[...]).bt.func1 | github.com/joeycumines/go-behaviortree.Sequence
            │       │   │       │   ├── [util.go:158       util.go:158   ]  github.com/joeycumines/go-pabt.newConditionNode[...] | github.com/joeycumines/go-pabt.newConditionNode[...].func1
            │       │   │       │   └── [graph_test.go:119 util.go:438    pre:s5 post:sg]  github.com/joeycumines/go-pabt.(*graphState).Actions | github.com/joeycumines/go-pabt.(*node[...]).generateAc
tion.wrapActionNodeHandleSetRunning.func2.1
            │       │   │       └── [util.go:140       sequence.go:21]  github.com/joeycumines/go-pabt.(*node[...]).bt.func1 | github.com/joeycumines/go-behaviortree.Sequence
            │       │   │           ├── [util.go:158       util.go:158   ]  github.com/joeycumines/go-pabt.newConditionNode[...] | github.com/joeycumines/go-pabt.newConditionNode[...].func1
            │       │   │           └── [graph_test.go:119 util.go:438    pre:s3 post:sg]  github.com/joeycumines/go-pabt.(*graphState).Actions | github.com/joeycumines/go-pabt.(*node[...]).generateAc
tion.wrapActionNodeHandleSetRunning.func2.1
            │       │   └── [graph_test.go:119 util.go:438    pre:sg post:s3]  github.com/joeycumines/go-pabt.(*graphState).Actions | github.com/joeycumines/go-pabt.(*node[...]).generateAction.wrapAct
ionNodeHandleSetRunning.func2.1
            │       ├── [util.go:140       sequence.go:21]  github.com/joeycumines/go-pabt.(*node[...]).bt.func1 | github.com/joeycumines/go-behaviortree.Sequence
            │       │   ├── [util.go:140       selector.go:21]  github.com/joeycumines/go-pabt.(*node[...]).bt.func1 | github.com/joeycumines/go-behaviortree.Selector
            │       │   │   ├── [util.go:158       util.go:158   ]  github.com/joeycumines/go-pabt.newConditionNode[...] | github.com/joeycumines/go-pabt.newConditionNode[...].func1
            │       │   │   └── [util.go:140       memorize.go:34]  github.com/joeycumines/go-pabt.(*node[...]).bt.func1 | github.com/joeycumines/go-pabt.(*precondition[...]).expand.Memorize.func1
            │       │   │       ├── [util.go:140       sequence.go:21]  github.com/joeycumines/go-pabt.(*node[...]).bt.func1 | github.com/joeycumines/go-behaviortree.Sequence
            │       │   │       │   ├── [util.go:158       util.go:158   ]  github.com/joeycumines/go-pabt.newConditionNode[...] | github.com/joeycumines/go-pabt.newConditionNode[...].func1
            │       │   │       │   └── [graph_test.go:119 util.go:438    pre:s5 post:s4]  github.com/joeycumines/go-pabt.(*graphState).Actions | github.com/joeycumines/go-pabt.(*node[...]).generateAc
tion.wrapActionNodeHandleSetRunning.func2.1
            │       │   │       ├── [util.go:140       sequence.go:21]  github.com/joeycumines/go-pabt.(*node[...]).bt.func1 | github.com/joeycumines/go-behaviortree.Sequence
            │       │   │       │   ├── [util.go:158       util.go:158   ]  github.com/joeycumines/go-pabt.newConditionNode[...] | github.com/joeycumines/go-pabt.newConditionNode[...].func1
            │       │   │       │   └── [graph_test.go:119 util.go:438    pre:s3 post:s4]  github.com/joeycumines/go-pabt.(*graphState).Actions | github.com/joeycumines/go-pabt.(*node[...]).generateAc
tion.wrapActionNodeHandleSetRunning.func2.1
            │       │   │       └── [util.go:140       sequence.go:21]  github.com/joeycumines/go-pabt.(*node[...]).bt.func1 | github.com/joeycumines/go-behaviortree.Sequence
            │       │   │           ├── [util.go:158       util.go:158   ]  github.com/joeycumines/go-pabt.newConditionNode[...] | github.com/joeycumines/go-pabt.newConditionNode[...].func1
            │       │   │           └── [graph_test.go:119 util.go:438    pre:s1 post:s4]  github.com/joeycumines/go-pabt.(*graphState).Actions | github.com/joeycumines/go-pabt.(*node[...]).generateAc
tion.wrapActionNodeHandleSetRunning.func2.1
            │       │   └── [graph_test.go:119 util.go:438    pre:s4 post:s3]  github.com/joeycumines/go-pabt.(*graphState).Actions | github.com/joeycumines/go-pabt.(*node[...]).generateAction.wrapAct
ionNodeHandleSetRunning.func2.1
            │       └── [util.go:140       sequence.go:21]  github.com/joeycumines/go-pabt.(*node[...]).bt.func1 | github.com/joeycumines/go-behaviortree.Sequence
            │           ├── [util.go:140       selector.go:21]  github.com/joeycumines/go-pabt.(*node[...]).bt.func1 | github.com/joeycumines/go-behaviortree.Selector
            │           │   ├── [util.go:158       util.go:158   ]  github.com/joeycumines/go-pabt.newConditionNode[...] | github.com/joeycumines/go-pabt.newConditionNode[...].func1
            │           │   └── [util.go:140       memorize.go:34]  github.com/joeycumines/go-pabt.(*node[...]).bt.func1 | github.com/joeycumines/go-pabt.(*precondition[...]).expand.Memorize.func1
            │           │       ├── [util.go:140       sequence.go:21]  github.com/joeycumines/go-pabt.(*node[...]).bt.func1 | github.com/joeycumines/go-behaviortree.Sequence
            │           │       │   ├── [util.go:158       util.go:158   ]  github.com/joeycumines/go-pabt.newConditionNode[...] | github.com/joeycumines/go-pabt.newConditionNode[...].func1
            │           │       │   └── [graph_test.go:119 util.go:438    pre:s4 post:s1]  github.com/joeycumines/go-pabt.(*graphState).Actions | github.com/joeycumines/go-pabt.(*node[...]).generateAc
tion.wrapActionNodeHandleSetRunning.func2.1
            │           │       ├── [util.go:140       sequence.go:21]  github.com/joeycumines/go-pabt.(*node[...]).bt.func1 | github.com/joeycumines/go-behaviortree.Sequence
            │           │       │   ├── [util.go:158       util.go:158   ]  github.com/joeycumines/go-pabt.newConditionNode[...] | github.com/joeycumines/go-pabt.newConditionNode[...].func1
            │           │       │   └── [graph_test.go:119 util.go:438    pre:s3 post:s1]  github.com/joeycumines/go-pabt.(*graphState).Actions | github.com/joeycumines/go-pabt.(*node[...]).generateAc
tion.wrapActionNodeHandleSetRunning.func2.1
            │           │       ├── [util.go:140       sequence.go:21]  github.com/joeycumines/go-pabt.(*node[...]).bt.func1 | github.com/joeycumines/go-behaviortree.Sequence
            │           │       │   ├── [util.go:158       util.go:158   ]  github.com/joeycumines/go-pabt.newConditionNode[...] | github.com/joeycumines/go-pabt.newConditionNode[...].func1
            │           │       │   └── [graph_test.go:119 util.go:438    pre:s2 post:s1]  github.com/joeycumines/go-pabt.(*graphState).Actions | github.com/joeycumines/go-pabt.(*node[...]).generateAc
tion.wrapActionNodeHandleSetRunning.func2.1
            │           │       └── [util.go:140       sequence.go:21]  github.com/joeycumines/go-pabt.(*node[...]).bt.func1 | github.com/joeycumines/go-behaviortree.Sequence
            │           │           ├── [util.go:158       util.go:158   ]  github.com/joeycumines/go-pabt.newConditionNode[...] | github.com/joeycumines/go-pabt.newConditionNode[...].func1
            │           │           └── [graph_test.go:119 util.go:438    pre:s0 post:s1]  github.com/joeycumines/go-pabt.(*graphState).Actions | github.com/joeycumines/go-pabt.(*node[...]).generateAc
tion.wrapActionNodeHandleSetRunning.func2.1
            │           └── [graph_test.go:119 util.go:438    pre:s1 post:s3]  github.com/joeycumines/go-pabt.(*graphState).Actions | github.com/joeycumines/go-pabt.(*node[...]).generateAction.wrapAct
ionNodeHandleSetRunning.func2.1
            └── [graph_test.go:119 util.go:438    pre:s3 post:sg]  github.com/joeycumines/go-pabt.(*graphState).Actions | github.com/joeycumines/go-pabt.(*node[...]).generateAction.wrapActionNodeHandl
eSetRunning.func2.1

iteration = 10, status = success, err = <nil>, actor = sg
DONE
FAIL
FAIL	github.com/joeycumines/go-pabt	0.545s
FAIL
